Archive member included to satisfy reference by file (symbol)

\\maa1.cc.lut.fi\home\h17177\Documents\QHealth\Atmel Studio\BH1790\BH1790\ArduinoCore\Debug\libArduinoCore.a(HardwareSerial.o)
                              Sketch.o (_ZN14HardwareSerial5beginEmh)
\\maa1.cc.lut.fi\home\h17177\Documents\QHealth\Atmel Studio\BH1790\BH1790\ArduinoCore\Debug\libArduinoCore.a(HardwareSerial0.o)
                              Sketch.o (Serial)
\\maa1.cc.lut.fi\home\h17177\Documents\QHealth\Atmel Studio\BH1790\BH1790\ArduinoCore\Debug\libArduinoCore.a(Print.o)
                              \\maa1.cc.lut.fi\home\h17177\Documents\QHealth\Atmel Studio\BH1790\BH1790\ArduinoCore\Debug\libArduinoCore.a(HardwareSerial.o) (_ZN5Print5writeEPKhj)
\\maa1.cc.lut.fi\home\h17177\Documents\QHealth\Atmel Studio\BH1790\BH1790\ArduinoCore\Debug\libArduinoCore.a(wiring.o)
                              Sketch.o (init)
\\maa1.cc.lut.fi\home\h17177\Documents\QHealth\Atmel Studio\BH1790\BH1790\ArduinoCore\Debug\libArduinoCore.a(BH1790GLC.o)
                              Sketch.o (_ZN9BH1790GLCC1Ev)
\\maa1.cc.lut.fi\home\h17177\Documents\QHealth\Atmel Studio\BH1790\BH1790\ArduinoCore\Debug\libArduinoCore.a(hr_bh1790.o)
                              Sketch.o (hr_bh1790_Init)
\\maa1.cc.lut.fi\home\h17177\Documents\QHealth\Atmel Studio\BH1790\BH1790\ArduinoCore\Debug\libArduinoCore.a(lxCtrl.o)
                              \\maa1.cc.lut.fi\home\h17177\Documents\QHealth\Atmel Studio\BH1790\BH1790\ArduinoCore\Debug\libArduinoCore.a(hr_bh1790.o) (lxCtrl_Init)
\\maa1.cc.lut.fi\home\h17177\Documents\QHealth\Atmel Studio\BH1790\BH1790\ArduinoCore\Debug\libArduinoCore.a(pwCalc.o)
                              \\maa1.cc.lut.fi\home\h17177\Documents\QHealth\Atmel Studio\BH1790\BH1790\ArduinoCore\Debug\libArduinoCore.a(hr_bh1790.o) (pwCalc_Init)
\\maa1.cc.lut.fi\home\h17177\Documents\QHealth\Atmel Studio\BH1790\BH1790\ArduinoCore\Debug\libArduinoCore.a(pw_bh1790.o)
                              \\maa1.cc.lut.fi\home\h17177\Documents\QHealth\Atmel Studio\BH1790\BH1790\ArduinoCore\Debug\libArduinoCore.a(hr_bh1790.o) (pw_Init)
\\maa1.cc.lut.fi\home\h17177\Documents\QHealth\Atmel Studio\BH1790\BH1790\ArduinoCore\Debug\libArduinoCore.a(touchDet.o)
                              \\maa1.cc.lut.fi\home\h17177\Documents\QHealth\Atmel Studio\BH1790\BH1790\ArduinoCore\Debug\libArduinoCore.a(hr_bh1790.o) (touchDet_Init)
\\maa1.cc.lut.fi\home\h17177\Documents\QHealth\Atmel Studio\BH1790\BH1790\ArduinoCore\Debug\libArduinoCore.a(twi.o)
                              Sketch.o (twi_init)
\\maa1.cc.lut.fi\home\h17177\Documents\QHealth\Atmel Studio\BH1790\BH1790\ArduinoCore\Debug\libArduinoCore.a(Wire.o)
                              \\maa1.cc.lut.fi\home\h17177\Documents\QHealth\Atmel Studio\BH1790\BH1790\ArduinoCore\Debug\libArduinoCore.a(BH1790GLC.o) (_ZN7TwoWire9availableEv)
\\maa1.cc.lut.fi\home\h17177\Documents\QHealth\Atmel Studio\BH1790\BH1790\ArduinoCore\Debug\libArduinoCore.a(abi.o)
                              \\maa1.cc.lut.fi\home\h17177\Documents\QHealth\Atmel Studio\BH1790\BH1790\ArduinoCore\Debug\libArduinoCore.a(Print.o) (__cxa_pure_virtual)
\\maa1.cc.lut.fi\home\h17177\Documents\QHealth\Atmel Studio\BH1790\BH1790\ArduinoCore\Debug\libArduinoCore.a(hooks.o)
                              \\maa1.cc.lut.fi\home\h17177\Documents\QHealth\Atmel Studio\BH1790\BH1790\ArduinoCore\Debug\libArduinoCore.a(wiring.o) (yield)
\\maa1.cc.lut.fi\home\h17177\Documents\QHealth\Atmel Studio\BH1790\BH1790\ArduinoCore\Debug\libArduinoCore.a(wiring_digital.o)
                              \\maa1.cc.lut.fi\home\h17177\Documents\QHealth\Atmel Studio\BH1790\BH1790\ArduinoCore\Debug\libArduinoCore.a(twi.o) (digitalWrite)
\\maa1.cc.lut.fi\home\h17177\Documents\QHealth\Atmel Studio\BH1790\BH1790\ArduinoCore\Debug\libArduinoCore.a(bh1790.o)
                              \\maa1.cc.lut.fi\home\h17177\Documents\QHealth\Atmel Studio\BH1790\BH1790\ArduinoCore\Debug\libArduinoCore.a(pw_bh1790.o) (bh1790_Write)
\\maa1.cc.lut.fi\home\h17177\Documents\QHealth\Atmel Studio\BH1790\BH1790\ArduinoCore\Debug\libArduinoCore.a(heartRate.o)
                              \\maa1.cc.lut.fi\home\h17177\Documents\QHealth\Atmel Studio\BH1790\BH1790\ArduinoCore\Debug\libArduinoCore.a(hr_bh1790.o) (hr_Init)
\\maa1.cc.lut.fi\home\h17177\Documents\QHealth\Atmel Studio\BH1790\BH1790\ArduinoCore\Debug\libArduinoCore.a(iirFilter.o)
                              \\maa1.cc.lut.fi\home\h17177\Documents\QHealth\Atmel Studio\BH1790\BH1790\ArduinoCore\Debug\libArduinoCore.a(pwCalc.o) (iir_Init)
\\maa1.cc.lut.fi\home\h17177\Documents\QHealth\Atmel Studio\BH1790\BH1790\ArduinoCore\Debug\libArduinoCore.a(movingAverage.o)
                              \\maa1.cc.lut.fi\home\h17177\Documents\QHealth\Atmel Studio\BH1790\BH1790\ArduinoCore\Debug\libArduinoCore.a(heartRate.o) (ma_InitU8)
c:/program files (x86)/atmel/studio/7.0/toolchain/avr8/avr8-gnu-toolchain/bin/../lib/gcc/avr/5.4.0/../../../../avr/lib/avr5\libm.a(addsf3.o)
[...]
Memory Configuration

Name             Origin             Length             Attributes
text             0x00000000         0x00020000         xr
data             0x00800060         0x0000ffa0         rw !x
eeprom           0x00810000         0x00010000         rw !x
fuse             0x00820000         0x00000003         rw !x
lock             0x00830000         0x00000400         rw !x
signature        0x00840000         0x00000400         rw !x
user_signatures  0x00850000         0x00000400         rw !x
*default*        0x00000000         0xffffffff

Linker script and memory map

Address of section .data set to 0x800100
LOAD C:/Program Files (x86)/Atmel/Studio/7.0/Packs/atmel/ATmega_DFP/1.2.132/gcc/dev/atmega328p/avr5/crtatmega328p.o
LOAD Sketch.o
START GROUP
LOAD c:/program files (x86)/atmel/studio/7.0/toolchain/avr8/avr8-gnu-toolchain/bin/../lib/gcc/avr/5.4.0/../../../../avr/lib/avr5\libm.a
LOAD \\maa1.cc.lut.fi\home\h17177\Documents\QHealth\Atmel Studio\BH1790\BH1790\ArduinoCore\Debug\libArduinoCore.a
END GROUP
LOAD c:/program files (x86)/atmel/studio/7.0/toolchain/avr8/avr8-gnu-toolchain/bin/../lib/gcc/avr/5.4.0/avr5\libgcc.a
LOAD c:/program files (x86)/atmel/studio/7.0/toolchain/avr8/avr8-gnu-toolchain/bin/../lib/gcc/avr/5.4.0/../../../../avr/lib/avr5\libm.a
START GROUP
LOAD c:/program files (x86)/atmel/studio/7.0/toolchain/avr8/avr8-gnu-toolchain/bin/../lib/gcc/avr/5.4.0/avr5\libgcc.a
LOAD c:/program files (x86)/atmel/studio/7.0/toolchain/avr8/avr8-gnu-toolchain/bin/../lib/gcc/avr/5.4.0/../../../../avr/lib/avr5\libm.a
LOAD c:/program files (x86)/atmel/studio/7.0/toolchain/avr8/avr8-gnu-toolchain/bin/../lib/gcc/avr/5.4.0/../../../../avr/lib/avr5\libc.a
LOAD C:/Program Files (x86)/Atmel/Studio/7.0/Packs/atmel/ATmega_DFP/1.2.132/gcc/dev/atmega328p/avr5\libatmega328p.a
END GROUP
                0x00020000                __TEXT_REGION_LENGTH__ = DEFINED (__TEXT_REGION_LENGTH__)?__TEXT_REGION_LENGTH__:0x20000
                0x0000ffa0                __DATA_REGION_LENGTH__ = DEFINED (__DATA_REGION_LENGTH__)?__DATA_REGION_LENGTH__:0xffa0
                0x00010000                __EEPROM_REGION_LENGTH__ = DEFINED (__EEPROM_REGION_LENGTH__)?__EEPROM_REGION_LENGTH__:0x10000
                [0x00000003]                __FUSE_REGION_LENGTH__ = DEFINED (__FUSE_REGION_LENGTH__)?__FUSE_REGION_LENGTH__:0x400
                0x00000400                __LOCK_REGION_LENGTH__ = DEFINED (__LOCK_REGION_LENGTH__)?__LOCK_REGION_LENGTH__:0x400
                0x00000400                __SIGNATURE_REGION_LENGTH__ = DEFINED (__SIGNATURE_REGION_LENGTH__)?__SIGNATURE_REGION_LENGTH__:0x400
                0x00000400                __USER_SIGNATURE_REGION_LENGTH__ = DEFINED (__USER_SIGNATURE_REGION_LENGTH__)?__USER_SIGNATURE_REGION_LENGTH__:0x400

.hash
 *(.hash)

.dynsym
 *(.dynsym)

.dynstr
 *(.dynstr)

.gnu.version
 *(.gnu.version)

.gnu.version_d
 *(.gnu.version_d)

.gnu.version_r
 *(.gnu.version_r)

.rel.init
 *(.rel.init)

.rela.init
 *(.rela.init)

.rel.text
 *(.rel.text)
 *(.rel.text.*)
 *(.rel.gnu.linkonce.t*)

.rela.text
 *(.rela.text)
 *(.rela.text.*)
 *(.rela.gnu.linkonce.t*)

.rel.fini
 *(.rel.fini)

.rela.fini
 *(.rela.fini)

.rel.rodata
 *(.rel.rodata)
 *(.rel.rodata.*)
 *(.rel.gnu.linkonce.r*)

.rela.rodata
 *(.rela.rodata)
 *(.rela.rodata.*)
 *(.rela.gnu.linkonce.r*)

.rel.data
 *(.rel.data)
 *(.rel.data.*)
 *(.rel.gnu.linkonce.d*)

.rela.data
 *(.rela.data)
 *(.rela.data.*)
 *(.rela.gnu.linkonce.d*)

.rel.ctors
 *(.rel.ctors)

.rela.ctors
 *(.rela.ctors)

.rel.dtors
 *(.rel.dtors)

.rela.dtors
 *(.rela.dtors)

.rel.got
 *(.rel.got)

.rela.got
 *(.rela.got)

.rel.bss
 *(.rel.bss)

.rela.bss
 *(.rela.bss)

.rel.plt
 *(.rel.plt)

.rela.plt
 *(.rela.plt)

.text           0x00000000     0x243a
 *(.vectors)
 .vectors       0x00000000       0x68 C:/Program Files (x86)/Atmel/Studio/7.0/Packs/atmel/ATmega_DFP/1.2.132/gcc/dev/atmega328p/avr5/crtatmega328p.o
                0x00000000                __vector_default
                0x00000000                __vectors
 *(.vectors)
 *(.progmem.gcc*)
                0x00000068                . = ALIGN (0x2)
                0x00000068                __trampolines_start = .
 *(.trampolines)
 .trampolines   0x00000068        0x0 linker stubs
 *(.trampolines*)
                0x00000068                __trampolines_end = .
 *libprintf_flt.a:*(.progmem.data)
 *libc.a:*(.progmem.data)
 *(.progmem*)
 .progmem.data._ZZ4mainE3__c_1
                0x00000068        0x9 Sketch.o
 .progmem.data._ZZ4mainE3__c_0
                0x00000071       0x1f Sketch.o
 .progmem.data._ZZ4mainE3__c
                0x00000090        0x2 Sketch.o
 .progmem.data.digital_pin_to_timer_PGM
                0x00000092       0x14 \\maa1.cc.lut.fi\home\h17177\Documents\QHealth\Atmel Studio\BH1790\BH1790\ArduinoCore\Debug\libArduinoCore.a(wiring_digital.o)
                0x00000092                digital_pin_to_timer_PGM
 .progmem.data.digital_pin_to_bit_mask_PGM
                0x000000a6       0x14 \\maa1.cc.lut.fi\home\h17177\Documents\QHealth\Atmel Studio\BH1790\BH1790\ArduinoCore\Debug\libArduinoCore.a(wiring_digital.o)
                0x000000a6                digital_pin_to_bit_mask_PGM
 .progmem.data.digital_pin_to_port_PGM
                0x000000ba       0x14 \\maa1.cc.lut.fi\home\h17177\Documents\QHealth\Atmel Studio\BH1790\BH1790\ArduinoCore\Debug\libArduinoCore.a(wiring_digital.o)
                0x000000ba                digital_pin_to_port_PGM
 .progmem.data.port_to_output_PGM
                0x000000ce        0xa \\maa1.cc.lut.fi\home\h17177\Documents\QHealth\Atmel Studio\BH1790\BH1790\ArduinoCore\Debug\libArduinoCore.a(wiring_digital.o)
                0x000000ce                port_to_output_PGM
                0x000000d8                . = ALIGN (0x2)
 *(.jumptables)
 *(.jumptables*)
 *(.lowtext)
 *(.lowtext*)
                0x000000d8                __ctors_start = .
 *(.ctors)
 .ctors         0x000000d8        0x2 Sketch.o
 .ctors         0x000000da        0x2 \\maa1.cc.lut.fi\home\h17177\Documents\QHealth\Atmel Studio\BH1790\BH1790\ArduinoCore\Debug\libArduinoCore.a(HardwareSerial0.o)
 .ctors         0x000000dc        0x2 \\maa1.cc.lut.fi\home\h17177\Documents\QHealth\Atmel Studio\BH1790\BH1790\ArduinoCore\Debug\libArduinoCore.a(Wire.o)
                0x000000de                __ctors_end = .
                0x000000de                __dtors_start = .
 *(.dtors)
                0x000000de                __dtors_end = .
 SORT(*)(.ctors)
 SORT(*)(.dtors)
 *(.init0)
 .init0         0x000000de        0x0 C:/Program Files (x86)/Atmel/Studio/7.0/Packs/atmel/ATmega_DFP/1.2.132/gcc/dev/atmega328p/avr5/crtatmega328p.o
                0x000000de                __init
 *(.init0)
 *(.init1)
 *(.init1)
 *(.init2)
 .init2         0x000000de        0xc C:/Program Files (x86)/Atmel/Studio/7.0/Packs/atmel/ATmega_DFP/1.2.132/gcc/dev/atmega328p/avr5/crtatmega328p.o
 *(.init2)
 *(.init3)
 *(.init3)
 *(.init4)
 .init4         0x000000ea       0x16 c:/program files (x86)/atmel/studio/7.0/toolchain/avr8/avr8-gnu-toolchain/bin/../lib/gcc/avr/5.4.0/avr5\libgcc.a(_copy_data.o)
                0x000000ea                __do_copy_data
 .init4         0x00000100       0x10 c:/program files (x86)/atmel/studio/7.0/toolchain/avr8/avr8-gnu-toolchain/bin/../lib/gcc/avr/5.4.0/avr5\libgcc.a(_clear_bss.o)
                0x00000100                __do_clear_bss
 *(.init4)
 *(.init5)
 *(.init5)
 *(.init6)
 .init6         0x00000110       0x16 c:/program files (x86)/atmel/studio/7.0/toolchain/avr8/avr8-gnu-toolchain/bin/../lib/gcc/avr/5.4.0/avr5\libgcc.a(_ctors.o)
                0x00000110                __do_global_ctors
 *(.init6)
 *(.init7)
 *(.init7)
 *(.init8)
 *(.init8)
 *(.init9)
 .init9         0x00000126        0x8 C:/Program Files (x86)/Atmel/Studio/7.0/Packs/atmel/ATmega_DFP/1.2.132/gcc/dev/atmega328p/avr5/crtatmega328p.o
 *(.init9)
 *(.text)
 .text          0x0000012e        0x4 C:/Program Files (x86)/Atmel/Studio/7.0/Packs/atmel/ATmega_DFP/1.2.132/gcc/dev/atmega328p/avr5/crtatmega328p.o
                0x0000012e                __vector_22
                0x0000012e                __vector_1
                0x0000012e                __vector_12
                0x0000012e                __bad_interrupt
                0x0000012e                __vector_6
                0x0000012e                __vector_3
                0x0000012e                __vector_23
                0x0000012e                __vector_25
                0x0000012e                __vector_13
                0x0000012e                __vector_17
                0x0000012e                __vector_7
                0x0000012e                __vector_5
                0x0000012e                __vector_4
                0x0000012e                __vector_9
                0x0000012e                __vector_2
                0x0000012e                __vector_21
                0x0000012e                __vector_15
                0x0000012e                __vector_8
                0x0000012e                __vector_14
                0x0000012e                __vector_10
                0x0000012e                __vector_20
                0x00000132                . = ALIGN (0x2)
 *(.text.*)
 .text._Z10timerSetupv
                0x00000132       0x28 Sketch.o
                0x00000132                _Z10timerSetupv
 .text.__vector_11
                0x0000015a       0x1e Sketch.o
                0x0000015a                __vector_11
 .text.startup.main
                0x00000178       0xdc Sketch.o
                0x00000178                main
 .text.startup._GLOBAL__sub_I_bh1790glc
                0x00000254        0x8 Sketch.o
 .text._ZN14HardwareSerial9availableEv
                0x0000025c       0x18 \\maa1.cc.lut.fi\home\h17177\Documents\QHealth\Atmel Studio\BH1790\BH1790\ArduinoCore\Debug\libArduinoCore.a(HardwareSerial.o)
                0x0000025c                _ZN14HardwareSerial9availableEv
 .text._ZN14HardwareSerial4peekEv
                0x00000274       0x1c \\maa1.cc.lut.fi\home\h17177\Documents\QHealth\Atmel Studio\BH1790\BH1790\ArduinoCore\Debug\libArduinoCore.a(HardwareSerial.o)
                0x00000274                _ZN14HardwareSerial4peekEv
 .text._ZN14HardwareSerial4readEv
                0x00000290       0x28 \\maa1.cc.lut.fi\home\h17177\Documents\QHealth\Atmel Studio\BH1790\BH1790\ArduinoCore\Debug\libArduinoCore.a(HardwareSerial.o)
                0x00000290                _ZN14HardwareSerial4readEv
 .text._ZN14HardwareSerial17_tx_udr_empty_irqEv
                0x000002b8       0x42 \\maa1.cc.lut.fi\home\h17177\Documents\QHealth\Atmel Studio\BH1790\BH1790\ArduinoCore\Debug\libArduinoCore.a(HardwareSerial.o)
                0x000002b8                _ZN14HardwareSerial17_tx_udr_empty_irqEv
 .text._ZN14HardwareSerial5writeEh
                0x000002fa       0x8e \\maa1.cc.lut.fi\home\h17177\Documents\QHealth\Atmel Studio\BH1790\BH1790\ArduinoCore\Debug\libArduinoCore.a(HardwareSerial.o)
                0x000002fa                _ZN14HardwareSerial5writeEh
 .text._ZN14HardwareSerial5flushEv
                0x00000388       0x44 \\maa1.cc.lut.fi\home\h17177\Documents\QHealth\Atmel Studio\BH1790\BH1790\ArduinoCore\Debug\libArduinoCore.a(HardwareSerial.o)
                0x00000388                _ZN14HardwareSerial5flushEv
 .text._ZN14HardwareSerial5beginEmh
                0x000003cc       0xca \\maa1.cc.lut.fi\home\h17177\Documents\QHealth\Atmel Studio\BH1790\BH1790\ArduinoCore\Debug\libArduinoCore.a(HardwareSerial.o)
                0x000003cc                _ZN14HardwareSerial5beginEmh
 .text.__vector_18
                0x00000496       0x64 \\maa1.cc.lut.fi\home\h17177\Documents\QHealth\Atmel Studio\BH1790\BH1790\ArduinoCore\Debug\libArduinoCore.a(HardwareSerial0.o)
                0x00000496                __vector_18
 .text.__vector_19
                0x000004fa       0x4c \\maa1.cc.lut.fi\home\h17177\Documents\QHealth\Atmel Studio\BH1790\BH1790\ArduinoCore\Debug\libArduinoCore.a(HardwareSerial0.o)
                0x000004fa                __vector_19
 .text.startup._GLOBAL__sub_I___vector_18
                0x00000546       0x5a \\maa1.cc.lut.fi\home\h17177\Documents\QHealth\Atmel Studio\BH1790\BH1790\ArduinoCore\Debug\libArduinoCore.a(HardwareSerial0.o)
 .text._ZN5Print5writeEPKhj
                0x000005a0       0x54 \\maa1.cc.lut.fi\home\h17177\Documents\QHealth\Atmel Studio\BH1790\BH1790\ArduinoCore\Debug\libArduinoCore.a(Print.o)
                0x000005a0                _ZN5Print5writeEPKhj
 .text._ZN5Print5writeEPKc
                0x000005f4       0x2a \\maa1.cc.lut.fi\home\h17177\Documents\QHealth\Atmel Studio\BH1790\BH1790\ArduinoCore\Debug\libArduinoCore.a(Print.o)
                0x000005f4                _ZN5Print5writeEPKc
 .text._ZN5Print5printEPK19__FlashStringHelper
                0x0000061e       0x48 \\maa1.cc.lut.fi\home\h17177\Documents\QHealth\Atmel Studio\BH1790\BH1790\ArduinoCore\Debug\libArduinoCore.a(Print.o)
                0x0000061e                _ZN5Print5printEPK19__FlashStringHelper
 .text._ZN5Print7printlnEv
                0x00000666        0x8 \\maa1.cc.lut.fi\home\h17177\Documents\QHealth\Atmel Studio\BH1790\BH1790\ArduinoCore\Debug\libArduinoCore.a(Print.o)
                0x00000666                _ZN5Print7printlnEv
 .text._ZN5Print7printlnEPK19__FlashStringHelper
                0x0000066e       0x24 \\maa1.cc.lut.fi\home\h17177\Documents\QHealth\Atmel Studio\BH1790\BH1790\ArduinoCore\Debug\libArduinoCore.a(Print.o)
                0x0000066e                _ZN5Print7printlnEPK19__FlashStringHelper
 .text._ZN5Print11printNumberEmh
                0x00000692       0x92 \\maa1.cc.lut.fi\home\h17177\Documents\QHealth\Atmel Studio\BH1790\BH1790\ArduinoCore\Debug\libArduinoCore.a(Print.o)
                0x00000692                _ZN5Print11printNumberEmh
 .text._ZN5Print5printEmi
                0x00000724       0x1a \\maa1.cc.lut.fi\home\h17177\Documents\QHealth\Atmel Studio\BH1790\BH1790\ArduinoCore\Debug\libArduinoCore.a(Print.o)
                0x00000724                _ZN5Print5printEmi
 .text._ZN5Print5printEhi
                0x0000073e        0xe \\maa1.cc.lut.fi\home\h17177\Documents\QHealth\Atmel Studio\BH1790\BH1790\ArduinoCore\Debug\libArduinoCore.a(Print.o)
                0x0000073e                _ZN5Print5printEhi
 .text._ZN5Print7printlnEhi
                0x0000074c       0x24 \\maa1.cc.lut.fi\home\h17177\Documents\QHealth\Atmel Studio\BH1790\BH1790\ArduinoCore\Debug\libArduinoCore.a(Print.o)
                0x0000074c                _ZN5Print7printlnEhi
 .text._ZN5Print5printEji
                0x00000770        0xc \\maa1.cc.lut.fi\home\h17177\Documents\QHealth\Atmel Studio\BH1790\BH1790\ArduinoCore\Debug\libArduinoCore.a(Print.o)
                0x00000770                _ZN5Print5printEji
 .text._ZN5Print7printlnEji
                0x0000077c       0x24 \\maa1.cc.lut.fi\home\h17177\Documents\QHealth\Atmel Studio\BH1790\BH1790\ArduinoCore\Debug\libArduinoCore.a(Print.o)
                0x0000077c                _ZN5Print7printlnEji
 .text.__vector_16
                0x000007a0       0x94 \\maa1.cc.lut.fi\home\h17177\Documents\QHealth\Atmel Studio\BH1790\BH1790\ArduinoCore\Debug\libArduinoCore.a(wiring.o)
                0x000007a0                __vector_16
 .text.init     0x00000834       0x76 \\maa1.cc.lut.fi\home\h17177\Documents\QHealth\Atmel Studio\BH1790\BH1790\ArduinoCore\Debug\libArduinoCore.a(wiring.o)
                0x00000834                init
 .text._ZN9BH1790GLCC2Ev
                0x000008aa        0x2 \\maa1.cc.lut.fi\home\h17177\Documents\QHealth\Atmel Studio\BH1790\BH1790\ArduinoCore\Debug\libArduinoCore.a(BH1790GLC.o)
                0x000008aa                _ZN9BH1790GLCC1Ev
                0x000008aa                _ZN9BH1790GLCC2Ev
 .text.hr_bh1790_Init
                0x000008ac       0x38 \\maa1.cc.lut.fi\home\h17177\Documents\QHealth\Atmel Studio\BH1790\BH1790\ArduinoCore\Debug\libArduinoCore.a(hr_bh1790.o)
                0x000008ac                hr_bh1790_Init
 .text.hr_bh1790_StartMeasure
                0x000008e4        0x4 \\maa1.cc.lut.fi\home\h17177\Documents\QHealth\Atmel Studio\BH1790\BH1790\ArduinoCore\Debug\libArduinoCore.a(hr_bh1790.o)
                0x000008e4                hr_bh1790_StartMeasure
 .text.hr_bh1790_Calc
                0x000008e8       0xd2 \\maa1.cc.lut.fi\home\h17177\Documents\QHealth\Atmel Studio\BH1790\BH1790\ArduinoCore\Debug\libArduinoCore.a(hr_bh1790.o)
                0x000008e8                hr_bh1790_Calc
 .text.hr_bh1790_GetData
                0x000009ba       0x12 \\maa1.cc.lut.fi\home\h17177\Documents\QHealth\Atmel Studio\BH1790\BH1790\ArduinoCore\Debug\libArduinoCore.a(hr_bh1790.o)
                0x000009ba                hr_bh1790_GetData
 .text.lxCtrl_Init
                0x000009cc       0x40 \\maa1.cc.lut.fi\home\h17177\Documents\QHealth\Atmel Studio\BH1790\BH1790\ArduinoCore\Debug\libArduinoCore.a(lxCtrl.o)
                0x000009cc                lxCtrl_Init
 .text.lxCtrl   0x00000a0c      0x1c2 \\maa1.cc.lut.fi\home\h17177\Documents\QHealth\Atmel Studio\BH1790\BH1790\ArduinoCore\Debug\libArduinoCore.a(lxCtrl.o)
                0x00000a0c                lxCtrl
 .text.pwCalc_Init
                0x00000bce       0x9a \\maa1.cc.lut.fi\home\h17177\Documents\QHealth\Atmel Studio\BH1790\BH1790\ArduinoCore\Debug\libArduinoCore.a(pwCalc.o)
                0x00000bce                pwCalc_Init
 .text.pwCalc_Clear
                0x00000c68       0x1c \\maa1.cc.lut.fi\home\h17177\Documents\QHealth\Atmel Studio\BH1790\BH1790\ArduinoCore\Debug\libArduinoCore.a(pwCalc.o)
                0x00000c68                pwCalc_Clear
 .text.pwCalc   0x00000c84       0x9a \\maa1.cc.lut.fi\home\h17177\Documents\QHealth\Atmel Studio\BH1790\BH1790\ArduinoCore\Debug\libArduinoCore.a(pwCalc.o)
                0x00000c84                pwCalc
 .text.pw_Init  0x00000d1e       0x3c \\maa1.cc.lut.fi\home\h17177\Documents\QHealth\Atmel Studio\BH1790\BH1790\ArduinoCore\Debug\libArduinoCore.a(pw_bh1790.o)
                0x00000d1e                pw_Init
 .text.pw_StartMeasure
                0x00000d5a       0x94 \\maa1.cc.lut.fi\home\h17177\Documents\QHealth\Atmel Studio\BH1790\BH1790\ArduinoCore\Debug\libArduinoCore.a(pw_bh1790.o)
                0x00000d5a                pw_StartMeasure
 .text.pw_StopMeasure
                0x00000dee       0x2a \\maa1.cc.lut.fi\home\h17177\Documents\QHealth\Atmel Studio\BH1790\BH1790\ArduinoCore\Debug\libArduinoCore.a(pw_bh1790.o)
                0x00000dee                pw_StopMeasure
 .text.pw_GetMeasureData
                0x00000e18       0x72 \\maa1.cc.lut.fi\home\h17177\Documents\QHealth\Atmel Studio\BH1790\BH1790\ArduinoCore\Debug\libArduinoCore.a(pw_bh1790.o)
                0x00000e18                pw_GetMeasureData
 .text.pw_SetParam
                0x00000e8a       0x8e \\maa1.cc.lut.fi\home\h17177\Documents\QHealth\Atmel Studio\BH1790\BH1790\ArduinoCore\Debug\libArduinoCore.a(pw_bh1790.o)
                0x00000e8a                pw_SetParam
 .text.touchDet_Init
                0x00000f18       0x3c \\maa1.cc.lut.fi\home\h17177\Documents\QHealth\Atmel Studio\BH1790\BH1790\ArduinoCore\Debug\libArduinoCore.a(touchDet.o)
                0x00000f18                touchDet_Init
 .text.touchDet
                0x00000f54      0x1fa \\maa1.cc.lut.fi\home\h17177\Documents\QHealth\Atmel Studio\BH1790\BH1790\ArduinoCore\Debug\libArduinoCore.a(touchDet.o)
                0x00000f54                touchDet
 .text.twi_init
                0x0000114e       0x3c \\maa1.cc.lut.fi\home\h17177\Documents\QHealth\Atmel Studio\BH1790\BH1790\ArduinoCore\Debug\libArduinoCore.a(twi.o)
                0x0000114e                twi_init
 .text.twi_setFrequency
                0x0000118a       0x28 \\maa1.cc.lut.fi\home\h17177\Documents\QHealth\Atmel Studio\BH1790\BH1790\ArduinoCore\Debug\libArduinoCore.a(twi.o)
                0x0000118a                twi_setFrequency
 .text.twi_readFrom
                0x000011b2       0x90 \\maa1.cc.lut.fi\home\h17177\Documents\QHealth\Atmel Studio\BH1790\BH1790\ArduinoCore\Debug\libArduinoCore.a(twi.o)
                0x000011b2                twi_readFrom
 .text.twi_writeTo
                0x00001242       0xac \\maa1.cc.lut.fi\home\h17177\Documents\QHealth\Atmel Studio\BH1790\BH1790\ArduinoCore\Debug\libArduinoCore.a(twi.o)
                0x00001242                twi_writeTo
 .text.twi_transmit
                0x000012ee       0x50 \\maa1.cc.lut.fi\home\h17177\Documents\QHealth\Atmel Studio\BH1790\BH1790\ArduinoCore\Debug\libArduinoCore.a(twi.o)
                0x000012ee                twi_transmit
 .text.twi_stop
                0x0000133e       0x14 \\maa1.cc.lut.fi\home\h17177\Documents\QHealth\Atmel Studio\BH1790\BH1790\ArduinoCore\Debug\libArduinoCore.a(twi.o)
                0x0000133e                twi_stop
 .text.twi_releaseBus
                0x00001352        0xc \\maa1.cc.lut.fi\home\h17177\Documents\QHealth\Atmel Studio\BH1790\BH1790\ArduinoCore\Debug\libArduinoCore.a(twi.o)
                0x00001352                twi_releaseBus
 .text.__vector_24
                0x0000135e      0x25a \\maa1.cc.lut.fi\home\h17177\Documents\QHealth\Atmel Studio\BH1790\BH1790\ArduinoCore\Debug\libArduinoCore.a(twi.o)
                0x0000135e                __vector_24
 .text._ZN7TwoWire9availableEv
                0x000015b8       0x10 \\maa1.cc.lut.fi\home\h17177\Documents\QHealth\Atmel Studio\BH1790\BH1790\ArduinoCore\Debug\libArduinoCore.a(Wire.o)
                0x000015b8                _ZN7TwoWire9availableEv
 .text._ZN7TwoWire4readEv
                0x000015c8       0x28 \\maa1.cc.lut.fi\home\h17177\Documents\QHealth\Atmel Studio\BH1790\BH1790\ArduinoCore\Debug\libArduinoCore.a(Wire.o)
                0x000015c8                _ZN7TwoWire4readEv
 .text._ZN7TwoWire4peekEv
                0x000015f0       0x1e \\maa1.cc.lut.fi\home\h17177\Documents\QHealth\Atmel Studio\BH1790\BH1790\ArduinoCore\Debug\libArduinoCore.a(Wire.o)
                0x000015f0                _ZN7TwoWire4peekEv
 .text._ZN7TwoWire5flushEv
                0x0000160e        0x2 \\maa1.cc.lut.fi\home\h17177\Documents\QHealth\Atmel Studio\BH1790\BH1790\ArduinoCore\Debug\libArduinoCore.a(Wire.o)
                0x0000160e                _ZN7TwoWire5flushEv
 .text._ZN7TwoWire5writeEPKhj
                0x00001610       0x5a \\maa1.cc.lut.fi\home\h17177\Documents\QHealth\Atmel Studio\BH1790\BH1790\ArduinoCore\Debug\libArduinoCore.a(Wire.o)
                0x00001610                _ZN7TwoWire5writeEPKhj
 .text._ZN7TwoWire5writeEh
                0x0000166a       0x5e \\maa1.cc.lut.fi\home\h17177\Documents\QHealth\Atmel Studio\BH1790\BH1790\ArduinoCore\Debug\libArduinoCore.a(Wire.o)
                0x0000166a                _ZN7TwoWire5writeEh
 .text._ZN7TwoWireC2Ev
                0x000016c8       0x20 \\maa1.cc.lut.fi\home\h17177\Documents\QHealth\Atmel Studio\BH1790\BH1790\ArduinoCore\Debug\libArduinoCore.a(Wire.o)
                0x000016c8                _ZN7TwoWireC1Ev
                0x000016c8                _ZN7TwoWireC2Ev
 .text.startup._GLOBAL__sub_I__ZN7TwoWire8rxBufferE
                0x000016e8        0x8 \\maa1.cc.lut.fi\home\h17177\Documents\QHealth\Atmel Studio\BH1790\BH1790\ArduinoCore\Debug\libArduinoCore.a(Wire.o)
 .text.turnOffPWM
                0x000016f0       0x52 \\maa1.cc.lut.fi\home\h17177\Documents\QHealth\Atmel Studio\BH1790\BH1790\ArduinoCore\Debug\libArduinoCore.a(wiring_digital.o)
 .text.digitalWrite
                0x00001742       0x5e \\maa1.cc.lut.fi\home\h17177\Documents\QHealth\Atmel Studio\BH1790\BH1790\ArduinoCore\Debug\libArduinoCore.a(wiring_digital.o)
                0x00001742                digitalWrite
 .text.bh1790_Write
                0x000017a0       0x66 \\maa1.cc.lut.fi\home\h17177\Documents\QHealth\Atmel Studio\BH1790\BH1790\ArduinoCore\Debug\libArduinoCore.a(bh1790.o)
                0x000017a0                bh1790_Write
 .text.bh1790_SoftReset
                0x00001806       0x24 \\maa1.cc.lut.fi\home\h17177\Documents\QHealth\Atmel Studio\BH1790\BH1790\ArduinoCore\Debug\libArduinoCore.a(bh1790.o)
                0x00001806                bh1790_SoftReset
 .text.bh1790_Read
                0x0000182a       0x66 \\maa1.cc.lut.fi\home\h17177\Documents\QHealth\Atmel Studio\BH1790\BH1790\ArduinoCore\Debug\libArduinoCore.a(bh1790.o)
                0x0000182a                bh1790_Read
 .text.bh1790_Init
                0x00001890       0x38 \\maa1.cc.lut.fi\home\h17177\Documents\QHealth\Atmel Studio\BH1790\BH1790\ArduinoCore\Debug\libArduinoCore.a(bh1790.o)
                0x00001890                bh1790_Init
 .text.hr_Init  0x000018c8       0x46 \\maa1.cc.lut.fi\home\h17177\Documents\QHealth\Atmel Studio\BH1790\BH1790\ArduinoCore\Debug\libArduinoCore.a(heartRate.o)
                0x000018c8                hr_Init
 .text.hr_Clear
                0x0000190e       0x3a \\maa1.cc.lut.fi\home\h17177\Documents\QHealth\Atmel Studio\BH1790\BH1790\ArduinoCore\Debug\libArduinoCore.a(heartRate.o)
                0x0000190e                hr_Clear
 .text.hr_CalcBPM
                0x00001948      0x1d6 \\maa1.cc.lut.fi\home\h17177\Documents\QHealth\Atmel Studio\BH1790\BH1790\ArduinoCore\Debug\libArduinoCore.a(heartRate.o)
                0x00001948                hr_CalcBPM
 .text.iir_Init
                0x00001b1e       0xbe \\maa1.cc.lut.fi\home\h17177\Documents\QHealth\Atmel Studio\BH1790\BH1790\ArduinoCore\Debug\libArduinoCore.a(iirFilter.o)
                0x00001b1e                iir_Init
 .text.iir_Filter
                0x00001bdc      0x172 \\maa1.cc.lut.fi\home\h17177\Documents\QHealth\Atmel Studio\BH1790\BH1790\ArduinoCore\Debug\libArduinoCore.a(iirFilter.o)
                0x00001bdc                iir_Filter
 .text.iir_Set  0x00001d4e       0x2c \\maa1.cc.lut.fi\home\h17177\Documents\QHealth\Atmel Studio\BH1790\BH1790\ArduinoCore\Debug\libArduinoCore.a(iirFilter.o)
                0x00001d4e                iir_Set
 .text.ma_InitU8
                0x00001d7a       0x2a \\maa1.cc.lut.fi\home\h17177\Documents\QHealth\Atmel Studio\BH1790\BH1790\ArduinoCore\Debug\libArduinoCore.a(movingAverage.o)
                0x00001d7a                ma_InitU8
 .text.ma_AverageU8
                0x00001da4       0x5e \\maa1.cc.lut.fi\home\h17177\Documents\QHealth\Atmel Studio\BH1790\BH1790\ArduinoCore\Debug\libArduinoCore.a(movingAverage.o)
                0x00001da4                ma_AverageU8
 .text.ma_ClearU8
                0x00001e02        0xc \\maa1.cc.lut.fi\home\h17177\Documents\QHealth\Atmel Studio\BH1790\BH1790\ArduinoCore\Debug\libArduinoCore.a(movingAverage.o)
                0x00001e02                ma_ClearU8
 .text.ma_InitF
                0x00001e0e       0x34 \\maa1.cc.lut.fi\home\h17177\Documents\QHealth\Atmel Studio\BH1790\BH1790\ArduinoCore\Debug\libArduinoCore.a(movingAverage.o)
                0x00001e0e                ma_InitF
 .text.ma_AverageF
                0x00001e42       0xd6 \\maa1.cc.lut.fi\home\h17177\Documents\QHealth\Atmel Studio\BH1790\BH1790\ArduinoCore\Debug\libArduinoCore.a(movingAverage.o)
                0x00001e42                ma_AverageF
 .text.ma_ClearF
                0x00001f18       0x10 \\maa1.cc.lut.fi\home\h17177\Documents\QHealth\Atmel Studio\BH1790\BH1790\ArduinoCore\Debug\libArduinoCore.a(movingAverage.o)
                0x00001f18                ma_ClearF
 .text.avr-libc.fplib
                0x00001f28        0xe c:/program files (x86)/atmel/studio/7.0/toolchain/avr8/avr8-gnu-toolchain/bin/../lib/gcc/avr/5.4.0/../../../../avr/lib/avr5\libm.a(addsf3.o)
                0x00001f28                __subsf3
                0x00001f2a                __addsf3
 .text.avr-libc.fplib
                0x00001f36       0xcc c:/program files (x86)/atmel/studio/7.0/toolchain/avr8/avr8-gnu-toolchain/bin/../lib/gcc/avr/5.4.0/../../../../avr/lib/avr5\libm.a(addsf3x.o)
                0x00001f58                __addsf3x
 .text.avr-libc.fplib
                0x00002002        0xa c:/program files (x86)/atmel/studio/7.0/toolchain/avr8/avr8-gnu-toolchain/bin/../lib/gcc/avr/5.4.0/../../../../avr/lib/avr5\libm.a(cmpsf2.o)
                0x00002002                __nesf2
                0x00002002                __eqsf2
                0x00002002                __cmpsf2
                0x00002002                __ltsf2
                0x00002002                __lesf2
 .text.avr-libc.fplib
                0x0000200c        0x8 c:/program files (x86)/atmel/studio/7.0/toolchain/avr8/avr8-gnu-toolchain/bin/../lib/gcc/avr/5.4.0/../../../../avr/lib/avr5\libm.a(divsf3.o)
                0x0000200c                __divsf3
 .text.avr-libc.fplib
                0x00002014       0xdc c:/program files (x86)/atmel/studio/7.0/toolchain/avr8/avr8-gnu-toolchain/bin/../lib/gcc/avr/5.4.0/../../../../avr/lib/avr5\libm.a(divsf3x.o)
                0x00002034                __divsf3x
                0x0000203a                __divsf3_pse
 .text.avr-libc.fplib
                0x000020f0       0x5e c:/program files (x86)/atmel/studio/7.0/toolchain/avr8/avr8-gnu-toolchain/bin/../lib/gcc/avr/5.4.0/../../../../avr/lib/avr5\libm.a(fixunssfsi.o)
                0x000020f0                __fixunssfsi
 .text.avr-libc.fplib
                0x0000214e       0x7a c:/program files (x86)/atmel/studio/7.0/toolchain/avr8/avr8-gnu-toolchain/bin/../lib/gcc/avr/5.4.0/../../../../avr/lib/avr5\libm.a(floatsisf.o)
                0x0000214e                __floatunsisf
                0x00002152                __floatsisf
 .text.avr-libc.fplib
                0x000021c8       0x48 c:/program files (x86)/atmel/studio/7.0/toolchain/avr8/avr8-gnu-toolchain/bin/../lib/gcc/avr/5.4.0/../../../../avr/lib/avr5\libm.a(fp_cmp.o)
                0x000021c8                __fp_cmp
 .text.avr-libc.fplib
                0x00002210        0xc c:/program files (x86)/atmel/studio/7.0/toolchain/avr8/avr8-gnu-toolchain/bin/../lib/gcc/avr/5.4.0/../../../../avr/lib/avr5\libm.a(fp_inf.o)
                0x00002210                __fp_inf
 .text.avr-libc.fplib
                0x0000221c        0x6 c:/program files (x86)/atmel/studio/7.0/toolchain/avr8/avr8-gnu-toolchain/bin/../lib/gcc/avr/5.4.0/../../../../avr/lib/avr5\libm.a(fp_nan.o)
                0x0000221c                __fp_nan
 .text.avr-libc.fplib
                0x00002222        0xe c:/program files (x86)/atmel/studio/7.0/toolchain/avr8/avr8-gnu-toolchain/bin/../lib/gcc/avr/5.4.0/../../../../avr/lib/avr5\libm.a(fp_pscA.o)
                0x00002222                __fp_pscA
 .text.avr-libc.fplib
                0x00002230        0xe c:/program files (x86)/atmel/studio/7.0/toolchain/avr8/avr8-gnu-toolchain/bin/../lib/gcc/avr/5.4.0/../../../../avr/lib/avr5\libm.a(fp_pscB.o)
                0x00002230                __fp_pscB
 .text.avr-libc.fplib
                0x0000223e       0x22 c:/program files (x86)/atmel/studio/7.0/toolchain/avr8/avr8-gnu-toolchain/bin/../lib/gcc/avr/5.4.0/../../../../avr/lib/avr5\libm.a(fp_round.o)
                0x0000223e                __fp_round
 .text.avr-libc.fplib
                0x00002260       0x44 c:/program files (x86)/atmel/studio/7.0/toolchain/avr8/avr8-gnu-toolchain/bin/../lib/gcc/avr/5.4.0/../../../../avr/lib/avr5\libm.a(fp_split3.o)
                0x00002260                __fp_split3
                0x00002270                __fp_splitA
 .text.avr-libc.fplib
                0x000022a4        0xe c:/program files (x86)/atmel/studio/7.0/toolchain/avr8/avr8-gnu-toolchain/bin/../lib/gcc/avr/5.4.0/../../../../avr/lib/avr5\libm.a(fp_zero.o)
                0x000022a4                __fp_zero
                0x000022a6                __fp_szero
 .text.avr-libc.fplib
                0x000022b2        0xa c:/program files (x86)/atmel/studio/7.0/toolchain/avr8/avr8-gnu-toolchain/bin/../lib/gcc/avr/5.4.0/../../../../avr/lib/avr5\libm.a(gesf2.o)
                0x000022b2                __gesf2
                0x000022b2                __gtsf2
 .text.avr-libc.fplib
                0x000022bc        0x8 c:/program files (x86)/atmel/studio/7.0/toolchain/avr8/avr8-gnu-toolchain/bin/../lib/gcc/avr/5.4.0/../../../../avr/lib/avr5\libm.a(mulsf3.o)
                0x000022bc                __mulsf3
 .text.avr-libc.fplib
                0x000022c4       0xd2 c:/program files (x86)/atmel/studio/7.0/toolchain/avr8/avr8-gnu-toolchain/bin/../lib/gcc/avr/5.4.0/../../../../avr/lib/avr5\libm.a(mulsf3x.o)
                0x000022e2                __mulsf3x
                0x000022e8                __mulsf3_pse
 .text.libgcc.div
                0x00002396       0x28 c:/program files (x86)/atmel/studio/7.0/toolchain/avr8/avr8-gnu-toolchain/bin/../lib/gcc/avr/5.4.0/avr5\libgcc.a(_divmodhi4.o)
                0x00002396                _div
                0x00002396                __divmodhi4
 .text.libgcc.div
                0x000023be       0x44 c:/program files (x86)/atmel/studio/7.0/toolchain/avr8/avr8-gnu-toolchain/bin/../lib/gcc/avr/5.4.0/avr5\libgcc.a(_udivmodsi4.o)
                0x000023be                __udivmodsi4
 .text.libgcc.div
                0x00002402       0x28 c:/program files (x86)/atmel/studio/7.0/toolchain/avr8/avr8-gnu-toolchain/bin/../lib/gcc/avr/5.4.0/avr5\libgcc.a(_udivmodhi4.o)
                0x00002402                __udivmodhi4
 .text.libgcc   0x0000242a        0xc c:/program files (x86)/atmel/studio/7.0/toolchain/avr8/avr8-gnu-toolchain/bin/../lib/gcc/avr/5.4.0/avr5\libgcc.a(_tablejump2.o)
                0x0000242a                __tablejump2__
                0x00002436                . = ALIGN (0x2)
 *(.fini9)
 .fini9         0x00002436        0x0 c:/program files (x86)/atmel/studio/7.0/toolchain/avr8/avr8-gnu-toolchain/bin/../lib/gcc/avr/5.4.0/avr5\libgcc.a(_exit.o)
                0x00002436                _exit
                0x00002436                exit
 *(.fini9)
 *(.fini8)
 *(.fini8)
 *(.fini7)
 *(.fini7)
 *(.fini6)
 *(.fini6)
 *(.fini5)
 *(.fini5)
 *(.fini4)
 *(.fini4)
 *(.fini3)
 *(.fini3)
 *(.fini2)
 *(.fini2)
 *(.fini1)
 *(.fini1)
 *(.fini0)
 .fini0         0x00002436        0x4 c:/program files (x86)/atmel/studio/7.0/toolchain/avr8/avr8-gnu-toolchain/bin/../lib/gcc/avr/5.4.0/avr5\libgcc.a(_exit.o)
 *(.fini0)
                0x0000243a                _etext = .

.data           0x00800100       0x70 load address 0x0000243a
                0x00800100                PROVIDE (__data_start, .)
 *(.data)
 *(.data*)
 *(.rodata)
 .rodata        0x00800100       0x12 \\maa1.cc.lut.fi\home\h17177\Documents\QHealth\Atmel Studio\BH1790\BH1790\ArduinoCore\Debug\libArduinoCore.a(lxCtrl.o)
 .rodata        0x00800112       0x28 \\maa1.cc.lut.fi\home\h17177\Documents\QHealth\Atmel Studio\BH1790\BH1790\ArduinoCore\Debug\libArduinoCore.a(pwCalc.o)
 *(.rodata*)
 .rodata._ZTV14HardwareSerial
                0x0080013a       0x10 \\maa1.cc.lut.fi\home\h17177\Documents\QHealth\Atmel Studio\BH1790\BH1790\ArduinoCore\Debug\libArduinoCore.a(HardwareSerial.o)
                0x0080013a                _ZTV14HardwareSerial
 .rodata.str1.1
                0x0080014a        0xf \\maa1.cc.lut.fi\home\h17177\Documents\QHealth\Atmel Studio\BH1790\BH1790\ArduinoCore\Debug\libArduinoCore.a(Print.o)
 .rodata.CSWTCH.16
                0x00800159        0x6 \\maa1.cc.lut.fi\home\h17177\Documents\QHealth\Atmel Studio\BH1790\BH1790\ArduinoCore\Debug\libArduinoCore.a(pw_bh1790.o)
 .rodata._ZTV7TwoWire
                0x0080015f       0x10 \\maa1.cc.lut.fi\home\h17177\Documents\QHealth\Atmel Studio\BH1790\BH1790\ArduinoCore\Debug\libArduinoCore.a(Wire.o)
                0x0080015f                _ZTV7TwoWire
 *(.gnu.linkonce.d*)
                0x00800170                . = ALIGN (0x2)
 *fill*         0x0080016f        0x1 
                0x00800170                _edata = .
                0x00800170                PROVIDE (__data_end, .)

.bss            0x00800170      0x26a
                0x00800170                PROVIDE (__bss_start, .)
 *(.bss)
 *(.bss*)
 .bss._ZL15bh1790_cnt_freq
                0x00800170        0x1 Sketch.o
 .bss.timer_flg
                0x00800171        0x1 Sketch.o
                0x00800171                timer_flg
 .bss.bh1790glc
                0x00800172        0x1 Sketch.o
                0x00800172                bh1790glc
 .bss.Serial    0x00800173       0x9d \\maa1.cc.lut.fi\home\h17177\Documents\QHealth\Atmel Studio\BH1790\BH1790\ArduinoCore\Debug\libArduinoCore.a(HardwareSerial0.o)
                0x00800173                Serial
 .bss.timer0_fract
                0x00800210        0x1 \\maa1.cc.lut.fi\home\h17177\Documents\QHealth\Atmel Studio\BH1790\BH1790\ArduinoCore\Debug\libArduinoCore.a(wiring.o)
 .bss.timer0_millis
                0x00800211        0x4 \\maa1.cc.lut.fi\home\h17177\Documents\QHealth\Atmel Studio\BH1790\BH1790\ArduinoCore\Debug\libArduinoCore.a(wiring.o)
                0x00800211                timer0_millis
 .bss.timer0_overflow_count
                0x00800215        0x4 \\maa1.cc.lut.fi\home\h17177\Documents\QHealth\Atmel Studio\BH1790\BH1790\ArduinoCore\Debug\libArduinoCore.a(wiring.o)
                0x00800215                timer0_overflow_count
 .bss.s_hrPrm   0x00800219       0x15 \\maa1.cc.lut.fi\home\h17177\Documents\QHealth\Atmel Studio\BH1790\BH1790\ArduinoCore\Debug\libArduinoCore.a(hr_bh1790.o)
 .bss.s_td_stat
                0x0080022e        0x1 \\maa1.cc.lut.fi\home\h17177\Documents\QHealth\Atmel Studio\BH1790\BH1790\ArduinoCore\Debug\libArduinoCore.a(hr_bh1790.o)
 .bss.s_pwData  0x0080022f        0x4 \\maa1.cc.lut.fi\home\h17177\Documents\QHealth\Atmel Studio\BH1790\BH1790\ArduinoCore\Debug\libArduinoCore.a(hr_bh1790.o)
 .bss.s_is_wearing
                0x00800233        0x1 \\maa1.cc.lut.fi\home\h17177\Documents\QHealth\Atmel Studio\BH1790\BH1790\ArduinoCore\Debug\libArduinoCore.a(hr_bh1790.o)
 .bss.s_cnt_lv_sel
                0x00800234        0x2 \\maa1.cc.lut.fi\home\h17177\Documents\QHealth\Atmel Studio\BH1790\BH1790\ArduinoCore\Debug\libArduinoCore.a(lxCtrl.o)
 .bss.s_th_up   0x00800236        0x2 \\maa1.cc.lut.fi\home\h17177\Documents\QHealth\Atmel Studio\BH1790\BH1790\ArduinoCore\Debug\libArduinoCore.a(lxCtrl.o)
 .bss.s_pre_stat
                0x00800238        0x1 \\maa1.cc.lut.fi\home\h17177\Documents\QHealth\Atmel Studio\BH1790\BH1790\ArduinoCore\Debug\libArduinoCore.a(lxCtrl.o)
 .bss.s_led_lv  0x00800239        0x4 \\maa1.cc.lut.fi\home\h17177\Documents\QHealth\Atmel Studio\BH1790\BH1790\ArduinoCore\Debug\libArduinoCore.a(lxCtrl.o)
 .bss.s_maPrm_pre3
                0x0080023d       0x27 \\maa1.cc.lut.fi\home\h17177\Documents\QHealth\Atmel Studio\BH1790\BH1790\ArduinoCore\Debug\libArduinoCore.a(pwCalc.o)
 .bss.s_maPrm_pre2
                0x00800264       0x27 \\maa1.cc.lut.fi\home\h17177\Documents\QHealth\Atmel Studio\BH1790\BH1790\ArduinoCore\Debug\libArduinoCore.a(pwCalc.o)
 .bss.s_maPrm_pre1
                0x0080028b       0x27 \\maa1.cc.lut.fi\home\h17177\Documents\QHealth\Atmel Studio\BH1790\BH1790\ArduinoCore\Debug\libArduinoCore.a(pwCalc.o)
 .bss.s_iirPrm_lpf
                0x008002b2       0x24 \\maa1.cc.lut.fi\home\h17177\Documents\QHealth\Atmel Studio\BH1790\BH1790\ArduinoCore\Debug\libArduinoCore.a(pwCalc.o)
 .bss.s_iirPrm_hpf
                0x008002d6       0x24 \\maa1.cc.lut.fi\home\h17177\Documents\QHealth\Atmel Studio\BH1790\BH1790\ArduinoCore\Debug\libArduinoCore.a(pwCalc.o)
 .bss.s_is_init
                0x008002fa        0x1 \\maa1.cc.lut.fi\home\h17177\Documents\QHealth\Atmel Studio\BH1790\BH1790\ArduinoCore\Debug\libArduinoCore.a(pwCalc.o)
 .bss.s_pw_en   0x008002fb        0x1 \\maa1.cc.lut.fi\home\h17177\Documents\QHealth\Atmel Studio\BH1790\BH1790\ArduinoCore\Debug\libArduinoCore.a(pw_bh1790.o)
 .bss.s_pw_onTime
                0x008002fc        0x1 \\maa1.cc.lut.fi\home\h17177\Documents\QHealth\Atmel Studio\BH1790\BH1790\ArduinoCore\Debug\libArduinoCore.a(pw_bh1790.o)
 .bss.s_pw_cur  0x008002fd        0x1 \\maa1.cc.lut.fi\home\h17177\Documents\QHealth\Atmel Studio\BH1790\BH1790\ArduinoCore\Debug\libArduinoCore.a(pw_bh1790.o)
 .bss.s_pw_rCycle
                0x008002fe        0x1 \\maa1.cc.lut.fi\home\h17177\Documents\QHealth\Atmel Studio\BH1790\BH1790\ArduinoCore\Debug\libArduinoCore.a(pw_bh1790.o)
 .bss.s_pw_freq
                0x008002ff        0x1 \\maa1.cc.lut.fi\home\h17177\Documents\QHealth\Atmel Studio\BH1790\BH1790\ArduinoCore\Debug\libArduinoCore.a(pw_bh1790.o)
 .bss.is_measured
                0x00800300        0x1 \\maa1.cc.lut.fi\home\h17177\Documents\QHealth\Atmel Studio\BH1790\BH1790\ArduinoCore\Debug\libArduinoCore.a(pw_bh1790.o)
 .bss.s_peak_Min
                0x00800301        0x4 \\maa1.cc.lut.fi\home\h17177\Documents\QHealth\Atmel Studio\BH1790\BH1790\ArduinoCore\Debug\libArduinoCore.a(touchDet.o)
 .bss.s_peak_Max
                0x00800305        0x4 \\maa1.cc.lut.fi\home\h17177\Documents\QHealth\Atmel Studio\BH1790\BH1790\ArduinoCore\Debug\libArduinoCore.a(touchDet.o)
 .bss.s_flg_slope
                0x00800309        0x1 \\maa1.cc.lut.fi\home\h17177\Documents\QHealth\Atmel Studio\BH1790\BH1790\ArduinoCore\Debug\libArduinoCore.a(touchDet.o)
 .bss.s_cnt_gon
                0x0080030a        0x2 \\maa1.cc.lut.fi\home\h17177\Documents\QHealth\Atmel Studio\BH1790\BH1790\ArduinoCore\Debug\libArduinoCore.a(touchDet.o)
 .bss.s_cnt_goff
                0x0080030c        0x2 \\maa1.cc.lut.fi\home\h17177\Documents\QHealth\Atmel Studio\BH1790\BH1790\ArduinoCore\Debug\libArduinoCore.a(touchDet.o)
 .bss.twi_error
                0x0080030e        0x1 \\maa1.cc.lut.fi\home\h17177\Documents\QHealth\Atmel Studio\BH1790\BH1790\ArduinoCore\Debug\libArduinoCore.a(twi.o)
 .bss.twi_rxBufferIndex
                0x0080030f        0x1 \\maa1.cc.lut.fi\home\h17177\Documents\QHealth\Atmel Studio\BH1790\BH1790\ArduinoCore\Debug\libArduinoCore.a(twi.o)
 .bss.twi_rxBuffer
                0x00800310       0x20 \\maa1.cc.lut.fi\home\h17177\Documents\QHealth\Atmel Studio\BH1790\BH1790\ArduinoCore\Debug\libArduinoCore.a(twi.o)
 .bss.twi_txBufferLength
                0x00800330        0x1 \\maa1.cc.lut.fi\home\h17177\Documents\QHealth\Atmel Studio\BH1790\BH1790\ArduinoCore\Debug\libArduinoCore.a(twi.o)
 .bss.twi_txBufferIndex
                0x00800331        0x1 \\maa1.cc.lut.fi\home\h17177\Documents\QHealth\Atmel Studio\BH1790\BH1790\ArduinoCore\Debug\libArduinoCore.a(twi.o)
 .bss.twi_txBuffer
                0x00800332       0x20 \\maa1.cc.lut.fi\home\h17177\Documents\QHealth\Atmel Studio\BH1790\BH1790\ArduinoCore\Debug\libArduinoCore.a(twi.o)
 .bss.twi_masterBufferLength
                0x00800352        0x1 \\maa1.cc.lut.fi\home\h17177\Documents\QHealth\Atmel Studio\BH1790\BH1790\ArduinoCore\Debug\libArduinoCore.a(twi.o)
 .bss.twi_masterBufferIndex
                0x00800353        0x1 \\maa1.cc.lut.fi\home\h17177\Documents\QHealth\Atmel Studio\BH1790\BH1790\ArduinoCore\Debug\libArduinoCore.a(twi.o)
 .bss.twi_masterBuffer
                0x00800354       0x20 \\maa1.cc.lut.fi\home\h17177\Documents\QHealth\Atmel Studio\BH1790\BH1790\ArduinoCore\Debug\libArduinoCore.a(twi.o)
 .bss.twi_onSlaveReceive
                0x00800374        0x2 \\maa1.cc.lut.fi\home\h17177\Documents\QHealth\Atmel Studio\BH1790\BH1790\ArduinoCore\Debug\libArduinoCore.a(twi.o)
 .bss.twi_onSlaveTransmit
                0x00800376        0x2 \\maa1.cc.lut.fi\home\h17177\Documents\QHealth\Atmel Studio\BH1790\BH1790\ArduinoCore\Debug\libArduinoCore.a(twi.o)
 .bss.twi_inRepStart
                0x00800378        0x1 \\maa1.cc.lut.fi\home\h17177\Documents\QHealth\Atmel Studio\BH1790\BH1790\ArduinoCore\Debug\libArduinoCore.a(twi.o)
 .bss.twi_sendStop
                0x00800379        0x1 \\maa1.cc.lut.fi\home\h17177\Documents\QHealth\Atmel Studio\BH1790\BH1790\ArduinoCore\Debug\libArduinoCore.a(twi.o)
 .bss.twi_slarw
                0x0080037a        0x1 \\maa1.cc.lut.fi\home\h17177\Documents\QHealth\Atmel Studio\BH1790\BH1790\ArduinoCore\Debug\libArduinoCore.a(twi.o)
 .bss.Wire      0x0080037b        0xc \\maa1.cc.lut.fi\home\h17177\Documents\QHealth\Atmel Studio\BH1790\BH1790\ArduinoCore\Debug\libArduinoCore.a(Wire.o)
                0x0080037b                Wire
 .bss._ZN7TwoWire12transmittingE
                0x00800387        0x1 \\maa1.cc.lut.fi\home\h17177\Documents\QHealth\Atmel Studio\BH1790\BH1790\ArduinoCore\Debug\libArduinoCore.a(Wire.o)
                0x00800387                _ZN7TwoWire12transmittingE
 .bss._ZN7TwoWire14txBufferLengthE
                0x00800388        0x1 \\maa1.cc.lut.fi\home\h17177\Documents\QHealth\Atmel Studio\BH1790\BH1790\ArduinoCore\Debug\libArduinoCore.a(Wire.o)
                0x00800388                _ZN7TwoWire14txBufferLengthE
 .bss._ZN7TwoWire13txBufferIndexE
                0x00800389        0x1 \\maa1.cc.lut.fi\home\h17177\Documents\QHealth\Atmel Studio\BH1790\BH1790\ArduinoCore\Debug\libArduinoCore.a(Wire.o)
                0x00800389                _ZN7TwoWire13txBufferIndexE
 .bss._ZN7TwoWire8txBufferE
                0x0080038a       0x20 \\maa1.cc.lut.fi\home\h17177\Documents\QHealth\Atmel Studio\BH1790\BH1790\ArduinoCore\Debug\libArduinoCore.a(Wire.o)
                0x0080038a                _ZN7TwoWire8txBufferE
 .bss._ZN7TwoWire14rxBufferLengthE
                0x008003aa        0x1 \\maa1.cc.lut.fi\home\h17177\Documents\QHealth\Atmel Studio\BH1790\BH1790\ArduinoCore\Debug\libArduinoCore.a(Wire.o)
                0x008003aa                _ZN7TwoWire14rxBufferLengthE
 .bss._ZN7TwoWire13rxBufferIndexE
                0x008003ab        0x1 \\maa1.cc.lut.fi\home\h17177\Documents\QHealth\Atmel Studio\BH1790\BH1790\ArduinoCore\Debug\libArduinoCore.a(Wire.o)
                0x008003ab                _ZN7TwoWire13rxBufferIndexE
 .bss._ZN7TwoWire8rxBufferE
                0x008003ac       0x20 \\maa1.cc.lut.fi\home\h17177\Documents\QHealth\Atmel Studio\BH1790\BH1790\ArduinoCore\Debug\libArduinoCore.a(Wire.o)
                0x008003ac                _ZN7TwoWire8rxBufferE
 .bss.s_maPrm_bpm
                0x008003cc        0xd \\maa1.cc.lut.fi\home\h17177\Documents\QHealth\Atmel Studio\BH1790\BH1790\ArduinoCore\Debug\libArduinoCore.a(heartRate.o)
 *(COMMON)
 COMMON         0x008003d9        0x1 \\maa1.cc.lut.fi\home\h17177\Documents\QHealth\Atmel Studio\BH1790\BH1790\ArduinoCore\Debug\libArduinoCore.a(twi.o)
                0x008003d9                twi_state
                0x008003da                PROVIDE (__bss_end, .)
                0x0000243a                __data_load_start = LOADADDR (.data)
                0x000024aa                __data_load_end = (__data_load_start + SIZEOF (.data))

.noinit         0x008003da        0x0
                [!provide]                PROVIDE (__noinit_start, .)
 *(.noinit*)
                [!provide]                PROVIDE (__noinit_end, .)
                0x008003da                _end = .
                [!provide]                PROVIDE (__heap_start, .)

.eeprom         0x00810000        0x0
 *(.eeprom*)
                0x00810000                __eeprom_end = .

.fuse
 *(.fuse)
 *(.lfuse)
 *(.hfuse)
 *(.efuse)

.lock
 *(.lock*)

.signature
 *(.signature*)

.user_signatures
 *(.user_signatures*)

.stab
 *(.stab)

.stabstr
 *(.stabstr)

.stab.excl
 *(.stab.excl)

.stab.exclstr
 *(.stab.exclstr)

.stab.index
 *(.stab.index)

.stab.indexstr
 *(.stab.indexstr)

.comment        0x00000000       0x30
 *(.comment)
 .comment       0x00000000       0x30 Sketch.o
                                 0x31 (size before relaxing)
 .comment       0x00000030       0x31 \\maa1.cc.lut.fi\home\h17177\Documents\QHealth\Atmel Studio\BH1790\BH1790\ArduinoCore\Debug\libArduinoCore.a(HardwareSerial.o)
 .comment       0x00000030       0x31 \\maa1.cc.lut.fi\home\h17177\Documents\QHealth\Atmel Studio\BH1790\BH1790\ArduinoCore\Debug\libArduinoCore.a(HardwareSerial0.o)
 .comment       0x00000030       0x31 \\maa1.cc.lut.fi\home\h17177\Documents\QHealth\Atmel Studio\BH1790\BH1790\ArduinoCore\Debug\libArduinoCore.a(Print.o)
 .comment       0x00000030       0x31 \\maa1.cc.lut.fi\home\h17177\Documents\QHealth\Atmel Studio\BH1790\BH1790\ArduinoCore\Debug\libArduinoCore.a(wiring.o)
 .comment       0x00000030       0x31 \\maa1.cc.lut.fi\home\h17177\Documents\QHealth\Atmel Studio\BH1790\BH1790\ArduinoCore\Debug\libArduinoCore.a(BH1790GLC.o)
 .comment       0x00000030       0x31 \\maa1.cc.lut.fi\home\h17177\Documents\QHealth\Atmel Studio\BH1790\BH1790\ArduinoCore\Debug\libArduinoCore.a(hr_bh1790.o)
 .comment       0x00000030       0x31 \\maa1.cc.lut.fi\home\h17177\Documents\QHealth\Atmel Studio\BH1790\BH1790\ArduinoCore\Debug\libArduinoCore.a(lxCtrl.o)
 .comment       0x00000030       0x31 \\maa1.cc.lut.fi\home\h17177\Documents\QHealth\Atmel Studio\BH1790\BH1790\ArduinoCore\Debug\libArduinoCore.a(pwCalc.o)
 .comment       0x00000030       0x31 \\maa1.cc.lut.fi\home\h17177\Documents\QHealth\Atmel Studio\BH1790\BH1790\ArduinoCore\Debug\libArduinoCore.a(pw_bh1790.o)
 .comment       0x00000030       0x31 \\maa1.cc.lut.fi\home\h17177\Documents\QHealth\Atmel Studio\BH1790\BH1790\ArduinoCore\Debug\libArduinoCore.a(touchDet.o)
 .comment       0x00000030       0x31 \\maa1.cc.lut.fi\home\h17177\Documents\QHealth\Atmel Studio\BH1790\BH1790\ArduinoCore\Debug\libArduinoCore.a(twi.o)
 .comment       0x00000030       0x31 \\maa1.cc.lut.fi\home\h17177\Documents\QHealth\Atmel Studio\BH1790\BH1790\ArduinoCore\Debug\libArduinoCore.a(Wire.o)
 .comment       0x00000030       0x31 \\maa1.cc.lut.fi\home\h17177\Documents\QHealth\Atmel Studio\BH1790\BH1790\ArduinoCore\Debug\libArduinoCore.a(wiring_digital.o)
 .comment       0x00000030       0x31 \\maa1.cc.lut.fi\home\h17177\Documents\QHealth\Atmel Studio\BH1790\BH1790\ArduinoCore\Debug\libArduinoCore.a(bh1790.o)
 .comment       0x00000030       0x31 \\maa1.cc.lut.fi\home\h17177\Documents\QHealth\Atmel Studio\BH1790\BH1790\ArduinoCore\Debug\libArduinoCore.a(heartRate.o)
 .comment       0x00000030       0x31 \\maa1.cc.lut.fi\home\h17177\Documents\QHealth\Atmel Studio\BH1790\BH1790\ArduinoCore\Debug\libArduinoCore.a(iirFilter.o)
 .comment       0x00000030       0x31 \\maa1.cc.lut.fi\home\h17177\Documents\QHealth\Atmel Studio\BH1790\BH1790\ArduinoCore\Debug\libArduinoCore.a(movingAverage.o)

.note.gnu.avr.deviceinfo
                0x00000000       0x40
 .note.gnu.avr.deviceinfo
                0x00000000       0x40 C:/Program Files (x86)/Atmel/Studio/7.0/Packs/atmel/ATmega_DFP/1.2.132/gcc/dev/atmega328p/avr5/crtatmega328p.o

.note.gnu.build-id
 *(.note.gnu.build-id)

.debug
 *(.debug)

.line
 *(.line)

.debug_srcinfo
 *(.debug_srcinfo)

.debug_sfnames
 *(.debug_sfnames)

.debug_aranges  0x00000000      0x5d8
 *(.debug_aranges)
 .debug_aranges
                0x00000000       0x38 Sketch.o
 .debug_aranges
                0x00000038       0x68 \\maa1.cc.lut.fi\home\h17177\Documents\QHealth\Atmel Studio\BH1790\BH1790\ArduinoCore\Debug\libArduinoCore.a(HardwareSerial.o)
 .debug_aranges
                0x000000a0       0x38 \\maa1.cc.lut.fi\home\h17177\Documents\QHealth\Atmel Studio\BH1790\BH1790\ArduinoCore\Debug\libArduinoCore.a(HardwareSerial0.o)
 .debug_aranges
                0x000000d8       0xf0 \\maa1.cc.lut.fi\home\h17177\Documents\QHealth\Atmel Studio\BH1790\BH1790\ArduinoCore\Debug\libArduinoCore.a(Print.o)
 .debug_aranges
                0x000001c8       0x48 \\maa1.cc.lut.fi\home\h17177\Documents\QHealth\Atmel Studio\BH1790\BH1790\ArduinoCore\Debug\libArduinoCore.a(wiring.o)
 .debug_aranges
                0x00000210       0x48 \\maa1.cc.lut.fi\home\h17177\Documents\QHealth\Atmel Studio\BH1790\BH1790\ArduinoCore\Debug\libArduinoCore.a(BH1790GLC.o)
 .debug_aranges
                0x00000258       0x38 \\maa1.cc.lut.fi\home\h17177\Documents\QHealth\Atmel Studio\BH1790\BH1790\ArduinoCore\Debug\libArduinoCore.a(hr_bh1790.o)
 .debug_aranges
                0x00000290       0x28 \\maa1.cc.lut.fi\home\h17177\Documents\QHealth\Atmel Studio\BH1790\BH1790\ArduinoCore\Debug\libArduinoCore.a(lxCtrl.o)
 .debug_aranges
                0x000002b8       0x30 \\maa1.cc.lut.fi\home\h17177\Documents\QHealth\Atmel Studio\BH1790\BH1790\ArduinoCore\Debug\libArduinoCore.a(pwCalc.o)
 .debug_aranges
                0x000002e8       0x48 \\maa1.cc.lut.fi\home\h17177\Documents\QHealth\Atmel Studio\BH1790\BH1790\ArduinoCore\Debug\libArduinoCore.a(pw_bh1790.o)
 .debug_aranges
                0x00000330       0x28 \\maa1.cc.lut.fi\home\h17177\Documents\QHealth\Atmel Studio\BH1790\BH1790\ArduinoCore\Debug\libArduinoCore.a(touchDet.o)
 .debug_aranges
                0x00000358       0x80 \\maa1.cc.lut.fi\home\h17177\Documents\QHealth\Atmel Studio\BH1790\BH1790\ArduinoCore\Debug\libArduinoCore.a(twi.o)
 .debug_aranges
                0x000003d8       0xe8 \\maa1.cc.lut.fi\home\h17177\Documents\QHealth\Atmel Studio\BH1790\BH1790\ArduinoCore\Debug\libArduinoCore.a(Wire.o)
 .debug_aranges
                0x000004c0       0x38 \\maa1.cc.lut.fi\home\h17177\Documents\QHealth\Atmel Studio\BH1790\BH1790\ArduinoCore\Debug\libArduinoCore.a(wiring_digital.o)
 .debug_aranges
                0x000004f8       0x38 \\maa1.cc.lut.fi\home\h17177\Documents\QHealth\Atmel Studio\BH1790\BH1790\ArduinoCore\Debug\libArduinoCore.a(bh1790.o)
 .debug_aranges
                0x00000530       0x30 \\maa1.cc.lut.fi\home\h17177\Documents\QHealth\Atmel Studio\BH1790\BH1790\ArduinoCore\Debug\libArduinoCore.a(heartRate.o)
 .debug_aranges
                0x00000560       0x30 \\maa1.cc.lut.fi\home\h17177\Documents\QHealth\Atmel Studio\BH1790\BH1790\ArduinoCore\Debug\libArduinoCore.a(iirFilter.o)
 .debug_aranges
                0x00000590       0x48 \\maa1.cc.lut.fi\home\h17177\Documents\QHealth\Atmel Studio\BH1790\BH1790\ArduinoCore\Debug\libArduinoCore.a(movingAverage.o)

.debug_pubnames
 *(.debug_pubnames)

.debug_info     0x00000000     0xcfbc
 *(.debug_info .gnu.linkonce.wi.*)
 .debug_info    0x00000000      0x5f4 C:/Program Files (x86)/Atmel/Studio/7.0/Packs/atmel/ATmega_DFP/1.2.132/gcc/dev/atmega328p/avr5/crtatmega328p.o
 .debug_info    0x000005f4      0x683 Sketch.o
 .debug_info    0x00000c77     0x1ea5 \\maa1.cc.lut.fi\home\h17177\Documents\QHealth\Atmel Studio\BH1790\BH1790\ArduinoCore\Debug\libArduinoCore.a(HardwareSerial.o)
 .debug_info    0x00002b1c     0x1a99 \\maa1.cc.lut.fi\home\h17177\Documents\QHealth\Atmel Studio\BH1790\BH1790\ArduinoCore\Debug\libArduinoCore.a(HardwareSerial0.o)
 .debug_info    0x000045b5     0x285e \\maa1.cc.lut.fi\home\h17177\Documents\QHealth\Atmel Studio\BH1790\BH1790\ArduinoCore\Debug\libArduinoCore.a(Print.o)
 .debug_info    0x00006e13      0x2cb \\maa1.cc.lut.fi\home\h17177\Documents\QHealth\Atmel Studio\BH1790\BH1790\ArduinoCore\Debug\libArduinoCore.a(wiring.o)
 .debug_info    0x000070de      0x949 \\maa1.cc.lut.fi\home\h17177\Documents\QHealth\Atmel Studio\BH1790\BH1790\ArduinoCore\Debug\libArduinoCore.a(BH1790GLC.o)
 .debug_info    0x00007a27      0x483 \\maa1.cc.lut.fi\home\h17177\Documents\QHealth\Atmel Studio\BH1790\BH1790\ArduinoCore\Debug\libArduinoCore.a(hr_bh1790.o)
 .debug_info    0x00007eaa      0x38e \\maa1.cc.lut.fi\home\h17177\Documents\QHealth\Atmel Studio\BH1790\BH1790\ArduinoCore\Debug\libArduinoCore.a(lxCtrl.o)
 .debug_info    0x00008238      0x5f6 \\maa1.cc.lut.fi\home\h17177\Documents\QHealth\Atmel Studio\BH1790\BH1790\ArduinoCore\Debug\libArduinoCore.a(pwCalc.o)
 .debug_info    0x0000882e      0x5a7 \\maa1.cc.lut.fi\home\h17177\Documents\QHealth\Atmel Studio\BH1790\BH1790\ArduinoCore\Debug\libArduinoCore.a(pw_bh1790.o)
 .debug_info    0x00008dd5      0x24b \\maa1.cc.lut.fi\home\h17177\Documents\QHealth\Atmel Studio\BH1790\BH1790\ArduinoCore\Debug\libArduinoCore.a(touchDet.o)
 .debug_info    0x00009020      0x605 \\maa1.cc.lut.fi\home\h17177\Documents\QHealth\Atmel Studio\BH1790\BH1790\ArduinoCore\Debug\libArduinoCore.a(twi.o)
 .debug_info    0x00009625     0x2737 \\maa1.cc.lut.fi\home\h17177\Documents\QHealth\Atmel Studio\BH1790\BH1790\ArduinoCore\Debug\libArduinoCore.a(Wire.o)
 .debug_info    0x0000bd5c      0x5fe \\maa1.cc.lut.fi\home\h17177\Documents\QHealth\Atmel Studio\BH1790\BH1790\ArduinoCore\Debug\libArduinoCore.a(wiring_digital.o)
 .debug_info    0x0000c35a      0x3b8 \\maa1.cc.lut.fi\home\h17177\Documents\QHealth\Atmel Studio\BH1790\BH1790\ArduinoCore\Debug\libArduinoCore.a(bh1790.o)
 .debug_info    0x0000c712      0x323 \\maa1.cc.lut.fi\home\h17177\Documents\QHealth\Atmel Studio\BH1790\BH1790\ArduinoCore\Debug\libArduinoCore.a(heartRate.o)
 .debug_info    0x0000ca35      0x253 \\maa1.cc.lut.fi\home\h17177\Documents\QHealth\Atmel Studio\BH1790\BH1790\ArduinoCore\Debug\libArduinoCore.a(iirFilter.o)
 .debug_info    0x0000cc88      0x334 \\maa1.cc.lut.fi\home\h17177\Documents\QHealth\Atmel Studio\BH1790\BH1790\ArduinoCore\Debug\libArduinoCore.a(movingAverage.o)

.debug_abbrev   0x00000000     0x2e07
 *(.debug_abbrev)
 .debug_abbrev  0x00000000      0x5a2 C:/Program Files (x86)/Atmel/Studio/7.0/Packs/atmel/ATmega_DFP/1.2.132/gcc/dev/atmega328p/avr5/crtatmega328p.o
 .debug_abbrev  0x000005a2      0x296 Sketch.o
 .debug_abbrev  0x00000838      0x432 \\maa1.cc.lut.fi\home\h17177\Documents\QHealth\Atmel Studio\BH1790\BH1790\ArduinoCore\Debug\libArduinoCore.a(HardwareSerial.o)
 .debug_abbrev  0x00000c6a      0x3a2 \\maa1.cc.lut.fi\home\h17177\Documents\QHealth\Atmel Studio\BH1790\BH1790\ArduinoCore\Debug\libArduinoCore.a(HardwareSerial0.o)
 .debug_abbrev  0x0000100c      0x469 \\maa1.cc.lut.fi\home\h17177\Documents\QHealth\Atmel Studio\BH1790\BH1790\ArduinoCore\Debug\libArduinoCore.a(Print.o)
 .debug_abbrev  0x00001475      0x146 \\maa1.cc.lut.fi\home\h17177\Documents\QHealth\Atmel Studio\BH1790\BH1790\ArduinoCore\Debug\libArduinoCore.a(wiring.o)
 .debug_abbrev  0x000015bb      0x27f \\maa1.cc.lut.fi\home\h17177\Documents\QHealth\Atmel Studio\BH1790\BH1790\ArduinoCore\Debug\libArduinoCore.a(BH1790GLC.o)
 .debug_abbrev  0x0000183a      0x19d \\maa1.cc.lut.fi\home\h17177\Documents\QHealth\Atmel Studio\BH1790\BH1790\ArduinoCore\Debug\libArduinoCore.a(hr_bh1790.o)
 .debug_abbrev  0x000019d7      0x17f \\maa1.cc.lut.fi\home\h17177\Documents\QHealth\Atmel Studio\BH1790\BH1790\ArduinoCore\Debug\libArduinoCore.a(lxCtrl.o)
 .debug_abbrev  0x00001b56      0x147 \\maa1.cc.lut.fi\home\h17177\Documents\QHealth\Atmel Studio\BH1790\BH1790\ArduinoCore\Debug\libArduinoCore.a(pwCalc.o)
 .debug_abbrev  0x00001c9d      0x200 \\maa1.cc.lut.fi\home\h17177\Documents\QHealth\Atmel Studio\BH1790\BH1790\ArduinoCore\Debug\libArduinoCore.a(pw_bh1790.o)
 .debug_abbrev  0x00001e9d      0x153 \\maa1.cc.lut.fi\home\h17177\Documents\QHealth\Atmel Studio\BH1790\BH1790\ArduinoCore\Debug\libArduinoCore.a(touchDet.o)
 .debug_abbrev  0x00001ff0      0x271 \\maa1.cc.lut.fi\home\h17177\Documents\QHealth\Atmel Studio\BH1790\BH1790\ArduinoCore\Debug\libArduinoCore.a(twi.o)
 .debug_abbrev  0x00002261      0x583 \\maa1.cc.lut.fi\home\h17177\Documents\QHealth\Atmel Studio\BH1790\BH1790\ArduinoCore\Debug\libArduinoCore.a(Wire.o)
 .debug_abbrev  0x000027e4      0x15b \\maa1.cc.lut.fi\home\h17177\Documents\QHealth\Atmel Studio\BH1790\BH1790\ArduinoCore\Debug\libArduinoCore.a(wiring_digital.o)
 .debug_abbrev  0x0000293f      0x16d \\maa1.cc.lut.fi\home\h17177\Documents\QHealth\Atmel Studio\BH1790\BH1790\ArduinoCore\Debug\libArduinoCore.a(bh1790.o)
 .debug_abbrev  0x00002aac      0x129 \\maa1.cc.lut.fi\home\h17177\Documents\QHealth\Atmel Studio\BH1790\BH1790\ArduinoCore\Debug\libArduinoCore.a(heartRate.o)
 .debug_abbrev  0x00002bd5       0xfe \\maa1.cc.lut.fi\home\h17177\Documents\QHealth\Atmel Studio\BH1790\BH1790\ArduinoCore\Debug\libArduinoCore.a(iirFilter.o)
 .debug_abbrev  0x00002cd3      0x134 \\maa1.cc.lut.fi\home\h17177\Documents\QHealth\Atmel Studio\BH1790\BH1790\ArduinoCore\Debug\libArduinoCore.a(movingAverage.o)

.debug_line     0x00000000     0x37c7
 *(.debug_line .debug_line.* .debug_line_end)
 .debug_line    0x00000000      0x133 C:/Program Files (x86)/Atmel/Studio/7.0/Packs/atmel/ATmega_DFP/1.2.132/gcc/dev/atmega328p/avr5/crtatmega328p.o
 .debug_line    0x00000133      0x369 Sketch.o
 .debug_line    0x0000049c      0x426 \\maa1.cc.lut.fi\home\h17177\Documents\QHealth\Atmel Studio\BH1790\BH1790\ArduinoCore\Debug\libArduinoCore.a(HardwareSerial.o)
 .debug_line    0x000008c2      0x257 \\maa1.cc.lut.fi\home\h17177\Documents\QHealth\Atmel Studio\BH1790\BH1790\ArduinoCore\Debug\libArduinoCore.a(HardwareSerial0.o)
 .debug_line    0x00000b19      0x626 \\maa1.cc.lut.fi\home\h17177\Documents\QHealth\Atmel Studio\BH1790\BH1790\ArduinoCore\Debug\libArduinoCore.a(Print.o)
 .debug_line    0x0000113f      0x299 \\maa1.cc.lut.fi\home\h17177\Documents\QHealth\Atmel Studio\BH1790\BH1790\ArduinoCore\Debug\libArduinoCore.a(wiring.o)
 .debug_line    0x000013d8      0x365 \\maa1.cc.lut.fi\home\h17177\Documents\QHealth\Atmel Studio\BH1790\BH1790\ArduinoCore\Debug\libArduinoCore.a(BH1790GLC.o)
 .debug_line    0x0000173d      0x246 \\maa1.cc.lut.fi\home\h17177\Documents\QHealth\Atmel Studio\BH1790\BH1790\ArduinoCore\Debug\libArduinoCore.a(hr_bh1790.o)
 .debug_line    0x00001983      0x268 \\maa1.cc.lut.fi\home\h17177\Documents\QHealth\Atmel Studio\BH1790\BH1790\ArduinoCore\Debug\libArduinoCore.a(lxCtrl.o)
 .debug_line    0x00001beb      0x1d9 \\maa1.cc.lut.fi\home\h17177\Documents\QHealth\Atmel Studio\BH1790\BH1790\ArduinoCore\Debug\libArduinoCore.a(pwCalc.o)
 .debug_line    0x00001dc4      0x306 \\maa1.cc.lut.fi\home\h17177\Documents\QHealth\Atmel Studio\BH1790\BH1790\ArduinoCore\Debug\libArduinoCore.a(pw_bh1790.o)
 .debug_line    0x000020ca      0x22e \\maa1.cc.lut.fi\home\h17177\Documents\QHealth\Atmel Studio\BH1790\BH1790\ArduinoCore\Debug\libArduinoCore.a(touchDet.o)
 .debug_line    0x000022f8      0x4f5 \\maa1.cc.lut.fi\home\h17177\Documents\QHealth\Atmel Studio\BH1790\BH1790\ArduinoCore\Debug\libArduinoCore.a(twi.o)
 .debug_line    0x000027ed      0x591 \\maa1.cc.lut.fi\home\h17177\Documents\QHealth\Atmel Studio\BH1790\BH1790\ArduinoCore\Debug\libArduinoCore.a(Wire.o)
 .debug_line    0x00002d7e      0x252 \\maa1.cc.lut.fi\home\h17177\Documents\QHealth\Atmel Studio\BH1790\BH1790\ArduinoCore\Debug\libArduinoCore.a(wiring_digital.o)
 .debug_line    0x00002fd0      0x176 \\maa1.cc.lut.fi\home\h17177\Documents\QHealth\Atmel Studio\BH1790\BH1790\ArduinoCore\Debug\libArduinoCore.a(bh1790.o)
 .debug_line    0x00003146      0x25e \\maa1.cc.lut.fi\home\h17177\Documents\QHealth\Atmel Studio\BH1790\BH1790\ArduinoCore\Debug\libArduinoCore.a(heartRate.o)
 .debug_line    0x000033a4      0x16d \\maa1.cc.lut.fi\home\h17177\Documents\QHealth\Atmel Studio\BH1790\BH1790\ArduinoCore\Debug\libArduinoCore.a(iirFilter.o)
 .debug_line    0x00003511      0x2b6 \\maa1.cc.lut.fi\home\h17177\Documents\QHealth\Atmel Studio\BH1790\BH1790\ArduinoCore\Debug\libArduinoCore.a(movingAverage.o)

.debug_frame    0x00000000     0x107c
 *(.debug_frame)
 .debug_frame   0x00000000       0x74 Sketch.o
 .debug_frame   0x00000074      0x110 \\maa1.cc.lut.fi\home\h17177\Documents\QHealth\Atmel Studio\BH1790\BH1790\ArduinoCore\Debug\libArduinoCore.a(HardwareSerial.o)
 .debug_frame   0x00000184       0xc0 \\maa1.cc.lut.fi\home\h17177\Documents\QHealth\Atmel Studio\BH1790\BH1790\ArduinoCore\Debug\libArduinoCore.a(HardwareSerial0.o)
 .debug_frame   0x00000244      0x38c \\maa1.cc.lut.fi\home\h17177\Documents\QHealth\Atmel Studio\BH1790\BH1790\ArduinoCore\Debug\libArduinoCore.a(Print.o)
 .debug_frame   0x000005d0       0xc4 \\maa1.cc.lut.fi\home\h17177\Documents\QHealth\Atmel Studio\BH1790\BH1790\ArduinoCore\Debug\libArduinoCore.a(wiring.o)
 .debug_frame   0x00000694       0xe8 \\maa1.cc.lut.fi\home\h17177\Documents\QHealth\Atmel Studio\BH1790\BH1790\ArduinoCore\Debug\libArduinoCore.a(BH1790GLC.o)
 .debug_frame   0x0000077c       0x70 \\maa1.cc.lut.fi\home\h17177\Documents\QHealth\Atmel Studio\BH1790\BH1790\ArduinoCore\Debug\libArduinoCore.a(hr_bh1790.o)
 .debug_frame   0x000007ec       0x54 \\maa1.cc.lut.fi\home\h17177\Documents\QHealth\Atmel Studio\BH1790\BH1790\ArduinoCore\Debug\libArduinoCore.a(lxCtrl.o)
 .debug_frame   0x00000840       0x7c \\maa1.cc.lut.fi\home\h17177\Documents\QHealth\Atmel Studio\BH1790\BH1790\ArduinoCore\Debug\libArduinoCore.a(pwCalc.o)
 .debug_frame   0x000008bc       0xac \\maa1.cc.lut.fi\home\h17177\Documents\QHealth\Atmel Studio\BH1790\BH1790\ArduinoCore\Debug\libArduinoCore.a(pw_bh1790.o)
 .debug_frame   0x00000968       0x54 \\maa1.cc.lut.fi\home\h17177\Documents\QHealth\Atmel Studio\BH1790\BH1790\ArduinoCore\Debug\libArduinoCore.a(touchDet.o)
 .debug_frame   0x000009bc      0x134 \\maa1.cc.lut.fi\home\h17177\Documents\QHealth\Atmel Studio\BH1790\BH1790\ArduinoCore\Debug\libArduinoCore.a(twi.o)
 .debug_frame   0x00000af0      0x264 \\maa1.cc.lut.fi\home\h17177\Documents\QHealth\Atmel Studio\BH1790\BH1790\ArduinoCore\Debug\libArduinoCore.a(Wire.o)
 .debug_frame   0x00000d54       0x7c \\maa1.cc.lut.fi\home\h17177\Documents\QHealth\Atmel Studio\BH1790\BH1790\ArduinoCore\Debug\libArduinoCore.a(wiring_digital.o)
 .debug_frame   0x00000dd0       0xcc \\maa1.cc.lut.fi\home\h17177\Documents\QHealth\Atmel Studio\BH1790\BH1790\ArduinoCore\Debug\libArduinoCore.a(bh1790.o)
 .debug_frame   0x00000e9c       0x8c \\maa1.cc.lut.fi\home\h17177\Documents\QHealth\Atmel Studio\BH1790\BH1790\ArduinoCore\Debug\libArduinoCore.a(heartRate.o)
 .debug_frame   0x00000f28       0x9c \\maa1.cc.lut.fi\home\h17177\Documents\QHealth\Atmel Studio\BH1790\BH1790\ArduinoCore\Debug\libArduinoCore.a(iirFilter.o)
 .debug_frame   0x00000fc4       0xb8 \\maa1.cc.lut.fi\home\h17177\Documents\QHealth\Atmel Studio\BH1790\BH1790\ArduinoCore\Debug\libArduinoCore.a(movingAverage.o)

.debug_str      0x00000000     0x2de3
 *(.debug_str)
 .debug_str     0x00000000      0x208 C:/Program Files (x86)/Atmel/Studio/7.0/Packs/atmel/ATmega_DFP/1.2.132/gcc/dev/atmega328p/avr5/crtatmega328p.o
 .debug_str     0x00000208      0x4f9 Sketch.o
                                0x576 (size before relaxing)
 .debug_str     0x00000701     0x1314 \\maa1.cc.lut.fi\home\h17177\Documents\QHealth\Atmel Studio\BH1790\BH1790\ArduinoCore\Debug\libArduinoCore.a(HardwareSerial.o)
                               0x1606 (size before relaxing)
 .debug_str     0x00001a15       0x55 \\maa1.cc.lut.fi\home\h17177\Documents\QHealth\Atmel Studio\BH1790\BH1790\ArduinoCore\Debug\libArduinoCore.a(HardwareSerial0.o)
                               0x13df (size before relaxing)
 .debug_str     0x00001a6a      0x34f \\maa1.cc.lut.fi\home\h17177\Documents\QHealth\Atmel Studio\BH1790\BH1790\ArduinoCore\Debug\libArduinoCore.a(Print.o)
                               0x1200 (size before relaxing)
 .debug_str     0x00001db9      0x162 \\maa1.cc.lut.fi\home\h17177\Documents\QHealth\Atmel Studio\BH1790\BH1790\ArduinoCore\Debug\libArduinoCore.a(wiring.o)
                                0x251 (size before relaxing)
 .debug_str     0x00001f1b      0x14a \\maa1.cc.lut.fi\home\h17177\Documents\QHealth\Atmel Studio\BH1790\BH1790\ArduinoCore\Debug\libArduinoCore.a(BH1790GLC.o)
                                0x55c (size before relaxing)
 .debug_str     0x00002065      0x182 \\maa1.cc.lut.fi\home\h17177\Documents\QHealth\Atmel Studio\BH1790\BH1790\ArduinoCore\Debug\libArduinoCore.a(hr_bh1790.o)
                                0x397 (size before relaxing)
 .debug_str     0x000021e7      0x131 \\maa1.cc.lut.fi\home\h17177\Documents\QHealth\Atmel Studio\BH1790\BH1790\ArduinoCore\Debug\libArduinoCore.a(lxCtrl.o)
                                0x386 (size before relaxing)
 .debug_str     0x00002318      0x128 \\maa1.cc.lut.fi\home\h17177\Documents\QHealth\Atmel Studio\BH1790\BH1790\ArduinoCore\Debug\libArduinoCore.a(pwCalc.o)
                                0x336 (size before relaxing)
 .debug_str     0x00002440      0x100 \\maa1.cc.lut.fi\home\h17177\Documents\QHealth\Atmel Studio\BH1790\BH1790\ArduinoCore\Debug\libArduinoCore.a(pw_bh1790.o)
                                0x34a (size before relaxing)
 .debug_str     0x00002540       0x8f \\maa1.cc.lut.fi\home\h17177\Documents\QHealth\Atmel Studio\BH1790\BH1790\ArduinoCore\Debug\libArduinoCore.a(touchDet.o)
                                0x2c3 (size before relaxing)
 .debug_str     0x000025cf      0x1d6 \\maa1.cc.lut.fi\home\h17177\Documents\QHealth\Atmel Studio\BH1790\BH1790\ArduinoCore\Debug\libArduinoCore.a(twi.o)
                                0x3d1 (size before relaxing)
 .debug_str     0x000027a5      0x43e \\maa1.cc.lut.fi\home\h17177\Documents\QHealth\Atmel Studio\BH1790\BH1790\ArduinoCore\Debug\libArduinoCore.a(Wire.o)
                               0x1898 (size before relaxing)
 .debug_str     0x00002be3       0xcf \\maa1.cc.lut.fi\home\h17177\Documents\QHealth\Atmel Studio\BH1790\BH1790\ArduinoCore\Debug\libArduinoCore.a(wiring_digital.o)
                                0x2b6 (size before relaxing)
 .debug_str     0x00002cb2       0x3d \\maa1.cc.lut.fi\home\h17177\Documents\QHealth\Atmel Studio\BH1790\BH1790\ArduinoCore\Debug\libArduinoCore.a(bh1790.o)
                                0x251 (size before relaxing)
 .debug_str     0x00002cef       0x7d \\maa1.cc.lut.fi\home\h17177\Documents\QHealth\Atmel Studio\BH1790\BH1790\ArduinoCore\Debug\libArduinoCore.a(heartRate.o)
                                0x2c2 (size before relaxing)
 .debug_str     0x00002d6c       0x42 \\maa1.cc.lut.fi\home\h17177\Documents\QHealth\Atmel Studio\BH1790\BH1790\ArduinoCore\Debug\libArduinoCore.a(iirFilter.o)
                                0x22f (size before relaxing)
 .debug_str     0x00002dae       0x35 \\maa1.cc.lut.fi\home\h17177\Documents\QHealth\Atmel Studio\BH1790\BH1790\ArduinoCore\Debug\libArduinoCore.a(movingAverage.o)
                                0x26c (size before relaxing)

.debug_loc      0x00000000     0x5d03
 *(.debug_loc)
 .debug_loc     0x00000000       0xce Sketch.o
 .debug_loc     0x000000ce      0x482 \\maa1.cc.lut.fi\home\h17177\Documents\QHealth\Atmel Studio\BH1790\BH1790\ArduinoCore\Debug\libArduinoCore.a(HardwareSerial.o)
 .debug_loc     0x00000550      0x18a \\maa1.cc.lut.fi\home\h17177\Documents\QHealth\Atmel Studio\BH1790\BH1790\ArduinoCore\Debug\libArduinoCore.a(HardwareSerial0.o)
 .debug_loc     0x000006da     0x1c61 \\maa1.cc.lut.fi\home\h17177\Documents\QHealth\Atmel Studio\BH1790\BH1790\ArduinoCore\Debug\libArduinoCore.a(Print.o)
 .debug_loc     0x0000233b      0x28d \\maa1.cc.lut.fi\home\h17177\Documents\QHealth\Atmel Studio\BH1790\BH1790\ArduinoCore\Debug\libArduinoCore.a(wiring.o)
 .debug_loc     0x000025c8      0x501 \\maa1.cc.lut.fi\home\h17177\Documents\QHealth\Atmel Studio\BH1790\BH1790\ArduinoCore\Debug\libArduinoCore.a(BH1790GLC.o)
 .debug_loc     0x00002ac9      0x151 \\maa1.cc.lut.fi\home\h17177\Documents\QHealth\Atmel Studio\BH1790\BH1790\ArduinoCore\Debug\libArduinoCore.a(hr_bh1790.o)
 .debug_loc     0x00002c1a      0x2d7 \\maa1.cc.lut.fi\home\h17177\Documents\QHealth\Atmel Studio\BH1790\BH1790\ArduinoCore\Debug\libArduinoCore.a(lxCtrl.o)
 .debug_loc     0x00002ef1      0x23f \\maa1.cc.lut.fi\home\h17177\Documents\QHealth\Atmel Studio\BH1790\BH1790\ArduinoCore\Debug\libArduinoCore.a(pwCalc.o)
 .debug_loc     0x00003130      0x556 \\maa1.cc.lut.fi\home\h17177\Documents\QHealth\Atmel Studio\BH1790\BH1790\ArduinoCore\Debug\libArduinoCore.a(pw_bh1790.o)
 .debug_loc     0x00003686      0x273 \\maa1.cc.lut.fi\home\h17177\Documents\QHealth\Atmel Studio\BH1790\BH1790\ArduinoCore\Debug\libArduinoCore.a(touchDet.o)
 .debug_loc     0x000038f9      0x3e6 \\maa1.cc.lut.fi\home\h17177\Documents\QHealth\Atmel Studio\BH1790\BH1790\ArduinoCore\Debug\libArduinoCore.a(twi.o)
 .debug_loc     0x00003cdf      0xbd7 \\maa1.cc.lut.fi\home\h17177\Documents\QHealth\Atmel Studio\BH1790\BH1790\ArduinoCore\Debug\libArduinoCore.a(Wire.o)
 .debug_loc     0x000048b6      0x5fc \\maa1.cc.lut.fi\home\h17177\Documents\QHealth\Atmel Studio\BH1790\BH1790\ArduinoCore\Debug\libArduinoCore.a(wiring_digital.o)
 .debug_loc     0x00004eb2      0x448 \\maa1.cc.lut.fi\home\h17177\Documents\QHealth\Atmel Studio\BH1790\BH1790\ArduinoCore\Debug\libArduinoCore.a(bh1790.o)
 .debug_loc     0x000052fa      0x423 \\maa1.cc.lut.fi\home\h17177\Documents\QHealth\Atmel Studio\BH1790\BH1790\ArduinoCore\Debug\libArduinoCore.a(heartRate.o)
 .debug_loc     0x0000571d      0x2be \\maa1.cc.lut.fi\home\h17177\Documents\QHealth\Atmel Studio\BH1790\BH1790\ArduinoCore\Debug\libArduinoCore.a(iirFilter.o)
 .debug_loc     0x000059db      0x328 \\maa1.cc.lut.fi\home\h17177\Documents\QHealth\Atmel Studio\BH1790\BH1790\ArduinoCore\Debug\libArduinoCore.a(movingAverage.o)

.debug_macinfo
 *(.debug_macinfo)

.debug_weaknames
 *(.debug_weaknames)

.debug_funcnames
 *(.debug_funcnames)

.debug_typenames
 *(.debug_typenames)

.debug_varnames
 *(.debug_varnames)

.debug_pubtypes
 *(.debug_pubtypes)

.debug_ranges   0x00000000      0x4e8
 *(.debug_ranges)
 .debug_ranges  0x00000000       0x28 Sketch.o
 .debug_ranges  0x00000028       0x58 \\maa1.cc.lut.fi\home\h17177\Documents\QHealth\Atmel Studio\BH1790\BH1790\ArduinoCore\Debug\libArduinoCore.a(HardwareSerial.o)
 .debug_ranges  0x00000080       0x28 \\maa1.cc.lut.fi\home\h17177\Documents\QHealth\Atmel Studio\BH1790\BH1790\ArduinoCore\Debug\libArduinoCore.a(HardwareSerial0.o)
 .debug_ranges  0x000000a8      0x110 \\maa1.cc.lut.fi\home\h17177\Documents\QHealth\Atmel Studio\BH1790\BH1790\ArduinoCore\Debug\libArduinoCore.a(Print.o)
 .debug_ranges  0x000001b8       0x38 \\maa1.cc.lut.fi\home\h17177\Documents\QHealth\Atmel Studio\BH1790\BH1790\ArduinoCore\Debug\libArduinoCore.a(wiring.o)
 .debug_ranges  0x000001f0       0x38 \\maa1.cc.lut.fi\home\h17177\Documents\QHealth\Atmel Studio\BH1790\BH1790\ArduinoCore\Debug\libArduinoCore.a(BH1790GLC.o)
 .debug_ranges  0x00000228       0x28 \\maa1.cc.lut.fi\home\h17177\Documents\QHealth\Atmel Studio\BH1790\BH1790\ArduinoCore\Debug\libArduinoCore.a(hr_bh1790.o)
 .debug_ranges  0x00000250       0x18 \\maa1.cc.lut.fi\home\h17177\Documents\QHealth\Atmel Studio\BH1790\BH1790\ArduinoCore\Debug\libArduinoCore.a(lxCtrl.o)
 .debug_ranges  0x00000268       0x20 \\maa1.cc.lut.fi\home\h17177\Documents\QHealth\Atmel Studio\BH1790\BH1790\ArduinoCore\Debug\libArduinoCore.a(pwCalc.o)
 .debug_ranges  0x00000288       0x38 \\maa1.cc.lut.fi\home\h17177\Documents\QHealth\Atmel Studio\BH1790\BH1790\ArduinoCore\Debug\libArduinoCore.a(pw_bh1790.o)
 .debug_ranges  0x000002c0       0x18 \\maa1.cc.lut.fi\home\h17177\Documents\QHealth\Atmel Studio\BH1790\BH1790\ArduinoCore\Debug\libArduinoCore.a(touchDet.o)
 .debug_ranges  0x000002d8       0x70 \\maa1.cc.lut.fi\home\h17177\Documents\QHealth\Atmel Studio\BH1790\BH1790\ArduinoCore\Debug\libArduinoCore.a(twi.o)
 .debug_ranges  0x00000348       0xd8 \\maa1.cc.lut.fi\home\h17177\Documents\QHealth\Atmel Studio\BH1790\BH1790\ArduinoCore\Debug\libArduinoCore.a(Wire.o)
 .debug_ranges  0x00000420       0x28 \\maa1.cc.lut.fi\home\h17177\Documents\QHealth\Atmel Studio\BH1790\BH1790\ArduinoCore\Debug\libArduinoCore.a(wiring_digital.o)
 .debug_ranges  0x00000448       0x28 \\maa1.cc.lut.fi\home\h17177\Documents\QHealth\Atmel Studio\BH1790\BH1790\ArduinoCore\Debug\libArduinoCore.a(bh1790.o)
 .debug_ranges  0x00000470       0x20 \\maa1.cc.lut.fi\home\h17177\Documents\QHealth\Atmel Studio\BH1790\BH1790\ArduinoCore\Debug\libArduinoCore.a(heartRate.o)
 .debug_ranges  0x00000490       0x20 \\maa1.cc.lut.fi\home\h17177\Documents\QHealth\Atmel Studio\BH1790\BH1790\ArduinoCore\Debug\libArduinoCore.a(iirFilter.o)
 .debug_ranges  0x000004b0       0x38 \\maa1.cc.lut.fi\home\h17177\Documents\QHealth\Atmel Studio\BH1790\BH1790\ArduinoCore\Debug\libArduinoCore.a(movingAverage.o)

.debug_macro
 *(.debug_macro)
OUTPUT(HeartRate.elf elf32-avr)
LOAD linker stubs
