Archive member included to satisfy reference by file (symbol)

\\maa1.cc.lut.fi\home\h17177\Documents\QHealth\Atmel Studio\BH1790\BH1790\ArduinoCore\Debug\libArduinoCore.a(HardwareSerial.o)
                              Sketch.o (_ZN14HardwareSerial5beginEmh)
\\maa1.cc.lut.fi\home\h17177\Documents\QHealth\Atmel Studio\BH1790\BH1790\ArduinoCore\Debug\libArduinoCore.a(HardwareSerial0.o)
                              Sketch.o (Serial)
\\maa1.cc.lut.fi\home\h17177\Documents\QHealth\Atmel Studio\BH1790\BH1790\ArduinoCore\Debug\libArduinoCore.a(Print.o)
                              \\maa1.cc.lut.fi\home\h17177\Documents\QHealth\Atmel Studio\BH1790\BH1790\ArduinoCore\Debug\libArduinoCore.a(HardwareSerial.o) (_ZN5Print5writeEPKhj)
\\maa1.cc.lut.fi\home\h17177\Documents\QHealth\Atmel Studio\BH1790\BH1790\ArduinoCore\Debug\libArduinoCore.a(wiring.o)
                              Sketch.o (init)
\\maa1.cc.lut.fi\home\h17177\Documents\QHealth\Atmel Studio\BH1790\BH1790\ArduinoCore\Debug\libArduinoCore.a(twi.o)
                              Sketch.o (twi_init)
\\maa1.cc.lut.fi\home\h17177\Documents\QHealth\Atmel Studio\BH1790\BH1790\ArduinoCore\Debug\libArduinoCore.a(bh1790main.o)
                              Sketch.o (bh1790_init)
\\maa1.cc.lut.fi\home\h17177\Documents\QHealth\Atmel Studio\BH1790\BH1790\ArduinoCore\Debug\libArduinoCore.a(abi.o)
                              \\maa1.cc.lut.fi\home\h17177\Documents\QHealth\Atmel Studio\BH1790\BH1790\ArduinoCore\Debug\libArduinoCore.a(Print.o) (__cxa_pure_virtual)
\\maa1.cc.lut.fi\home\h17177\Documents\QHealth\Atmel Studio\BH1790\BH1790\ArduinoCore\Debug\libArduinoCore.a(hooks.o)
                              \\maa1.cc.lut.fi\home\h17177\Documents\QHealth\Atmel Studio\BH1790\BH1790\ArduinoCore\Debug\libArduinoCore.a(wiring.o) (yield)
\\maa1.cc.lut.fi\home\h17177\Documents\QHealth\Atmel Studio\BH1790\BH1790\ArduinoCore\Debug\libArduinoCore.a(wiring_digital.o)
                              \\maa1.cc.lut.fi\home\h17177\Documents\QHealth\Atmel Studio\BH1790\BH1790\ArduinoCore\Debug\libArduinoCore.a(twi.o) (digitalWrite)
\\maa1.cc.lut.fi\home\h17177\Documents\QHealth\Atmel Studio\BH1790\BH1790\ArduinoCore\Debug\libArduinoCore.a(hr_bh1790.o)
                              \\maa1.cc.lut.fi\home\h17177\Documents\QHealth\Atmel Studio\BH1790\BH1790\ArduinoCore\Debug\libArduinoCore.a(bh1790main.o) (hr_bh1790_Init)
\\maa1.cc.lut.fi\home\h17177\Documents\QHealth\Atmel Studio\BH1790\BH1790\ArduinoCore\Debug\libArduinoCore.a(lxCtrl.o)
                              \\maa1.cc.lut.fi\home\h17177\Documents\QHealth\Atmel Studio\BH1790\BH1790\ArduinoCore\Debug\libArduinoCore.a(hr_bh1790.o) (lxCtrl_Init)
\\maa1.cc.lut.fi\home\h17177\Documents\QHealth\Atmel Studio\BH1790\BH1790\ArduinoCore\Debug\libArduinoCore.a(pwCalc.o)
                              \\maa1.cc.lut.fi\home\h17177\Documents\QHealth\Atmel Studio\BH1790\BH1790\ArduinoCore\Debug\libArduinoCore.a(hr_bh1790.o) (pwCalc_Init)
\\maa1.cc.lut.fi\home\h17177\Documents\QHealth\Atmel Studio\BH1790\BH1790\ArduinoCore\Debug\libArduinoCore.a(pw_bh1790.o)
                              \\maa1.cc.lut.fi\home\h17177\Documents\QHealth\Atmel Studio\BH1790\BH1790\ArduinoCore\Debug\libArduinoCore.a(hr_bh1790.o) (pw_Init)
\\maa1.cc.lut.fi\home\h17177\Documents\QHealth\Atmel Studio\BH1790\BH1790\ArduinoCore\Debug\libArduinoCore.a(touchDet.o)
                              \\maa1.cc.lut.fi\home\h17177\Documents\QHealth\Atmel Studio\BH1790\BH1790\ArduinoCore\Debug\libArduinoCore.a(hr_bh1790.o) (touchDet_Init)
\\maa1.cc.lut.fi\home\h17177\Documents\QHealth\Atmel Studio\BH1790\BH1790\ArduinoCore\Debug\libArduinoCore.a(bh1790.o)
                              \\maa1.cc.lut.fi\home\h17177\Documents\QHealth\Atmel Studio\BH1790\BH1790\ArduinoCore\Debug\libArduinoCore.a(pw_bh1790.o) (bh1790_Write)
\\maa1.cc.lut.fi\home\h17177\Documents\QHealth\Atmel Studio\BH1790\BH1790\ArduinoCore\Debug\libArduinoCore.a(heartRate.o)
                              \\maa1.cc.lut.fi\home\h17177\Documents\QHealth\Atmel Studio\BH1790\BH1790\ArduinoCore\Debug\libArduinoCore.a(hr_bh1790.o) (hr_Init)
\\maa1.cc.lut.fi\home\h17177\Documents\QHealth\Atmel Studio\BH1790\BH1790\ArduinoCore\Debug\libArduinoCore.a(iirFilter.o)
                              \\maa1.cc.lut.fi\home\h17177\Documents\QHealth\Atmel Studio\BH1790\BH1790\ArduinoCore\Debug\libArduinoCore.a(pwCalc.o) (iir_Init)
\\maa1.cc.lut.fi\home\h17177\Documents\QHealth\Atmel Studio\BH1790\BH1790\ArduinoCore\Debug\libArduinoCore.a(movingAverage.o)
                              \\maa1.cc.lut.fi\home\h17177\Documents\QHealth\Atmel Studio\BH1790\BH1790\ArduinoCore\Debug\libArduinoCore.a(heartRate.o) (ma_InitU8)
c:/program files (x86)/atmel/studio/7.0/toolchain/avr8/avr8-gnu-toolchain/bin/../lib/gcc/avr/5.4.0/../../../../avr/lib/avr5\libm.a(addsf3.o)
                              \\maa1.cc.lut.fi\home\h17177\Documents\QHealth\Atmel Studio\BH1790\BH1790\ArduinoCore\Debug\libArduinoCore.a(Print.o) (__subsf3)
[...]
Memory Configuration

Name             Origin             Length             Attributes
text             0x00000000         0x00020000         xr
data             0x00800060         0x0000ffa0         rw !x
eeprom           0x00810000         0x00010000         rw !x
fuse             0x00820000         0x00000003         rw !x
lock             0x00830000         0x00000400         rw !x
signature        0x00840000         0x00000400         rw !x
user_signatures  0x00850000         0x00000400         rw !x
*default*        0x00000000         0xffffffff

Linker script and memory map

Address of section .data set to 0x800100
LOAD C:/Program Files (x86)/Atmel/Studio/7.0/Packs/atmel/ATmega_DFP/1.2.132/gcc/dev/atmega328p/avr5/crtatmega328p.o
LOAD Sketch.o
START GROUP
LOAD c:/program files (x86)/atmel/studio/7.0/toolchain/avr8/avr8-gnu-toolchain/bin/../lib/gcc/avr/5.4.0/../../../../avr/lib/avr5\libm.a
LOAD \\maa1.cc.lut.fi\home\h17177\Documents\QHealth\Atmel Studio\BH1790\BH1790\ArduinoCore\Debug\libArduinoCore.a
END GROUP
LOAD c:/program files (x86)/atmel/studio/7.0/toolchain/avr8/avr8-gnu-toolchain/bin/../lib/gcc/avr/5.4.0/avr5\libgcc.a
LOAD c:/program files (x86)/atmel/studio/7.0/toolchain/avr8/avr8-gnu-toolchain/bin/../lib/gcc/avr/5.4.0/../../../../avr/lib/avr5\libm.a
START GROUP
LOAD c:/program files (x86)/atmel/studio/7.0/toolchain/avr8/avr8-gnu-toolchain/bin/../lib/gcc/avr/5.4.0/avr5\libgcc.a
LOAD c:/program files (x86)/atmel/studio/7.0/toolchain/avr8/avr8-gnu-toolchain/bin/../lib/gcc/avr/5.4.0/../../../../avr/lib/avr5\libm.a
LOAD c:/program files (x86)/atmel/studio/7.0/toolchain/avr8/avr8-gnu-toolchain/bin/../lib/gcc/avr/5.4.0/../../../../avr/lib/avr5\libc.a
LOAD C:/Program Files (x86)/Atmel/Studio/7.0/Packs/atmel/ATmega_DFP/1.2.132/gcc/dev/atmega328p/avr5\libatmega328p.a
END GROUP
                0x00020000                __TEXT_REGION_LENGTH__ = DEFINED (__TEXT_REGION_LENGTH__)?__TEXT_REGION_LENGTH__:0x20000
                0x0000ffa0                __DATA_REGION_LENGTH__ = DEFINED (__DATA_REGION_LENGTH__)?__DATA_REGION_LENGTH__:0xffa0
                0x00010000                __EEPROM_REGION_LENGTH__ = DEFINED (__EEPROM_REGION_LENGTH__)?__EEPROM_REGION_LENGTH__:0x10000
                [0x00000003]                __FUSE_REGION_LENGTH__ = DEFINED (__FUSE_REGION_LENGTH__)?__FUSE_REGION_LENGTH__:0x400
                0x00000400                __LOCK_REGION_LENGTH__ = DEFINED (__LOCK_REGION_LENGTH__)?__LOCK_REGION_LENGTH__:0x400
                0x00000400                __SIGNATURE_REGION_LENGTH__ = DEFINED (__SIGNATURE_REGION_LENGTH__)?__SIGNATURE_REGION_LENGTH__:0x400
                0x00000400                __USER_SIGNATURE_REGION_LENGTH__ = DEFINED (__USER_SIGNATURE_REGION_LENGTH__)?__USER_SIGNATURE_REGION_LENGTH__:0x400

.hash
 *(.hash)

.dynsym
 *(.dynsym)

.dynstr
 *(.dynstr)

.gnu.version
 *(.gnu.version)

.gnu.version_d
 *(.gnu.version_d)

.gnu.version_r
 *(.gnu.version_r)

.rel.init
 *(.rel.init)

.rela.init
 *(.rela.init)

.rel.text
 *(.rel.text)
 *(.rel.text.*)
 *(.rel.gnu.linkonce.t*)

.rela.text
 *(.rela.text)
 *(.rela.text.*)
 *(.rela.gnu.linkonce.t*)

.rel.fini
 *(.rel.fini)

.rela.fini
 *(.rela.fini)

.rel.rodata
 *(.rel.rodata)
 *(.rel.rodata.*)
 *(.rel.gnu.linkonce.r*)

.rela.rodata
 *(.rela.rodata)
 *(.rela.rodata.*)
 *(.rela.gnu.linkonce.r*)

.rel.data
 *(.rel.data)
 *(.rel.data.*)
 *(.rel.gnu.linkonce.d*)

.rela.data
 *(.rela.data)
 *(.rela.data.*)
 *(.rela.gnu.linkonce.d*)

.rel.ctors
 *(.rel.ctors)

.rela.ctors
 *(.rela.ctors)

.rel.dtors
 *(.rel.dtors)

.rela.dtors
 *(.rela.dtors)

.rel.got
 *(.rel.got)

.rela.got
 *(.rela.got)

.rel.bss
 *(.rel.bss)

.rela.bss
 *(.rela.bss)

.rel.plt
 *(.rel.plt)

.rela.plt
 *(.rela.plt)

.text           0x00000000     0x21b0
 *(.vectors)
 .vectors       0x00000000       0x68 C:/Program Files (x86)/Atmel/Studio/7.0/Packs/atmel/ATmega_DFP/1.2.132/gcc/dev/atmega328p/avr5/crtatmega328p.o
                0x00000000                __vector_default
                0x00000000                __vectors
 *(.vectors)
 *(.progmem.gcc*)
                0x00000068                . = ALIGN (0x2)
                0x00000068                __trampolines_start = .
 *(.trampolines)
 .trampolines   0x00000068        0x0 linker stubs
 *(.trampolines*)
                0x00000068                __trampolines_end = .
 *libprintf_flt.a:*(.progmem.data)
 *libc.a:*(.progmem.data)
 *(.progmem*)
 .progmem.data.digital_pin_to_timer_PGM
                0x00000068       0x14 \\maa1.cc.lut.fi\home\h17177\Documents\QHealth\Atmel Studio\BH1790\BH1790\ArduinoCore\Debug\libArduinoCore.a(wiring_digital.o)
                0x00000068                digital_pin_to_timer_PGM
 .progmem.data.digital_pin_to_bit_mask_PGM
                0x0000007c       0x14 \\maa1.cc.lut.fi\home\h17177\Documents\QHealth\Atmel Studio\BH1790\BH1790\ArduinoCore\Debug\libArduinoCore.a(wiring_digital.o)
                0x0000007c                digital_pin_to_bit_mask_PGM
 .progmem.data.digital_pin_to_port_PGM
                0x00000090       0x14 \\maa1.cc.lut.fi\home\h17177\Documents\QHealth\Atmel Studio\BH1790\BH1790\ArduinoCore\Debug\libArduinoCore.a(wiring_digital.o)
                0x00000090                digital_pin_to_port_PGM
 .progmem.data.port_to_output_PGM
                0x000000a4        0xa \\maa1.cc.lut.fi\home\h17177\Documents\QHealth\Atmel Studio\BH1790\BH1790\ArduinoCore\Debug\libArduinoCore.a(wiring_digital.o)
                0x000000a4                port_to_output_PGM
                0x000000ae                . = ALIGN (0x2)
 *(.jumptables)
 *(.jumptables*)
 *(.lowtext)
 *(.lowtext*)
                0x000000ae                __ctors_start = .
 *(.ctors)
 .ctors         0x000000ae        0x2 \\maa1.cc.lut.fi\home\h17177\Documents\QHealth\Atmel Studio\BH1790\BH1790\ArduinoCore\Debug\libArduinoCore.a(HardwareSerial0.o)
                0x000000b0                __ctors_end = .
                0x000000b0                __dtors_start = .
 *(.dtors)
                0x000000b0                __dtors_end = .
 SORT(*)(.ctors)
 SORT(*)(.dtors)
 *(.init0)
 .init0         0x000000b0        0x0 C:/Program Files (x86)/Atmel/Studio/7.0/Packs/atmel/ATmega_DFP/1.2.132/gcc/dev/atmega328p/avr5/crtatmega328p.o
                0x000000b0                __init
 *(.init0)
 *(.init1)
 *(.init1)
 *(.init2)
 .init2         0x000000b0        0xc C:/Program Files (x86)/Atmel/Studio/7.0/Packs/atmel/ATmega_DFP/1.2.132/gcc/dev/atmega328p/avr5/crtatmega328p.o
 *(.init2)
 *(.init3)
 *(.init3)
 *(.init4)
 .init4         0x000000bc       0x16 c:/program files (x86)/atmel/studio/7.0/toolchain/avr8/avr8-gnu-toolchain/bin/../lib/gcc/avr/5.4.0/avr5\libgcc.a(_copy_data.o)
                0x000000bc                __do_copy_data
 .init4         0x000000d2       0x10 c:/program files (x86)/atmel/studio/7.0/toolchain/avr8/avr8-gnu-toolchain/bin/../lib/gcc/avr/5.4.0/avr5\libgcc.a(_clear_bss.o)
                0x000000d2                __do_clear_bss
 *(.init4)
 *(.init5)
 *(.init5)
 *(.init6)
 .init6         0x000000e2       0x16 c:/program files (x86)/atmel/studio/7.0/toolchain/avr8/avr8-gnu-toolchain/bin/../lib/gcc/avr/5.4.0/avr5\libgcc.a(_ctors.o)
                0x000000e2                __do_global_ctors
 *(.init6)
 *(.init7)
 *(.init7)
 *(.init8)
 *(.init8)
 *(.init9)
 .init9         0x000000f8        0x8 C:/Program Files (x86)/Atmel/Studio/7.0/Packs/atmel/ATmega_DFP/1.2.132/gcc/dev/atmega328p/avr5/crtatmega328p.o
 *(.init9)
 *(.text)
 .text          0x00000100        0x4 C:/Program Files (x86)/Atmel/Studio/7.0/Packs/atmel/ATmega_DFP/1.2.132/gcc/dev/atmega328p/avr5/crtatmega328p.o
                0x00000100                __vector_22
                0x00000100                __vector_1
                0x00000100                __vector_12
                0x00000100                __bad_interrupt
                0x00000100                __vector_6
                0x00000100                __vector_3
                0x00000100                __vector_23
                0x00000100                __vector_25
                0x00000100                __vector_13
                0x00000100                __vector_17
                0x00000100                __vector_7
                0x00000100                __vector_5
                0x00000100                __vector_4
                0x00000100                __vector_9
                0x00000100                __vector_2
                0x00000100                __vector_21
                0x00000100                __vector_15
                0x00000100                __vector_8
                0x00000100                __vector_14
                0x00000100                __vector_10
                0x00000100                __vector_20
                0x00000104                . = ALIGN (0x2)
 *(.text.*)
 .text.__vector_11
                0x00000104       0x1e Sketch.o
                0x00000104                __vector_11
 .text._Z10timerSetupv
                0x00000122       0x28 Sketch.o
                0x00000122                _Z10timerSetupv
 .text.startup.main
                0x0000014a       0x52 Sketch.o
                0x0000014a                main
 .text._ZN14HardwareSerial9availableEv
                0x0000019c       0x18 \\maa1.cc.lut.fi\home\h17177\Documents\QHealth\Atmel Studio\BH1790\BH1790\ArduinoCore\Debug\libArduinoCore.a(HardwareSerial.o)
                0x0000019c                _ZN14HardwareSerial9availableEv
 .text._ZN14HardwareSerial4peekEv
                0x000001b4       0x1c \\maa1.cc.lut.fi\home\h17177\Documents\QHealth\Atmel Studio\BH1790\BH1790\ArduinoCore\Debug\libArduinoCore.a(HardwareSerial.o)
                0x000001b4                _ZN14HardwareSerial4peekEv
 .text._ZN14HardwareSerial4readEv
                0x000001d0       0x28 \\maa1.cc.lut.fi\home\h17177\Documents\QHealth\Atmel Studio\BH1790\BH1790\ArduinoCore\Debug\libArduinoCore.a(HardwareSerial.o)
                0x000001d0                _ZN14HardwareSerial4readEv
 .text._ZN14HardwareSerial17_tx_udr_empty_irqEv
                0x000001f8       0x42 \\maa1.cc.lut.fi\home\h17177\Documents\QHealth\Atmel Studio\BH1790\BH1790\ArduinoCore\Debug\libArduinoCore.a(HardwareSerial.o)
                0x000001f8                _ZN14HardwareSerial17_tx_udr_empty_irqEv
 .text._ZN14HardwareSerial5writeEh
                0x0000023a       0x8e \\maa1.cc.lut.fi\home\h17177\Documents\QHealth\Atmel Studio\BH1790\BH1790\ArduinoCore\Debug\libArduinoCore.a(HardwareSerial.o)
                0x0000023a                _ZN14HardwareSerial5writeEh
 .text._ZN14HardwareSerial5flushEv
                0x000002c8       0x44 \\maa1.cc.lut.fi\home\h17177\Documents\QHealth\Atmel Studio\BH1790\BH1790\ArduinoCore\Debug\libArduinoCore.a(HardwareSerial.o)
                0x000002c8                _ZN14HardwareSerial5flushEv
 .text._ZN14HardwareSerial5beginEmh
                0x0000030c       0xca \\maa1.cc.lut.fi\home\h17177\Documents\QHealth\Atmel Studio\BH1790\BH1790\ArduinoCore\Debug\libArduinoCore.a(HardwareSerial.o)
                0x0000030c                _ZN14HardwareSerial5beginEmh
 .text.__vector_18
                0x000003d6       0x64 \\maa1.cc.lut.fi\home\h17177\Documents\QHealth\Atmel Studio\BH1790\BH1790\ArduinoCore\Debug\libArduinoCore.a(HardwareSerial0.o)
                0x000003d6                __vector_18
 .text.__vector_19
                0x0000043a       0x4c \\maa1.cc.lut.fi\home\h17177\Documents\QHealth\Atmel Studio\BH1790\BH1790\ArduinoCore\Debug\libArduinoCore.a(HardwareSerial0.o)
                0x0000043a                __vector_19
 .text.startup._GLOBAL__sub_I___vector_18
                0x00000486       0x5a \\maa1.cc.lut.fi\home\h17177\Documents\QHealth\Atmel Studio\BH1790\BH1790\ArduinoCore\Debug\libArduinoCore.a(HardwareSerial0.o)
 .text._ZN5Print5writeEPKhj
                0x000004e0       0x54 \\maa1.cc.lut.fi\home\h17177\Documents\QHealth\Atmel Studio\BH1790\BH1790\ArduinoCore\Debug\libArduinoCore.a(Print.o)
                0x000004e0                _ZN5Print5writeEPKhj
 .text._ZN5Print5writeEPKc
                0x00000534       0x2a \\maa1.cc.lut.fi\home\h17177\Documents\QHealth\Atmel Studio\BH1790\BH1790\ArduinoCore\Debug\libArduinoCore.a(Print.o)
                0x00000534                _ZN5Print5writeEPKc
 .text._ZN5Print7printlnEv
                0x0000055e        0x8 \\maa1.cc.lut.fi\home\h17177\Documents\QHealth\Atmel Studio\BH1790\BH1790\ArduinoCore\Debug\libArduinoCore.a(Print.o)
                0x0000055e                _ZN5Print7printlnEv
 .text._ZN5Print11printNumberEmh
                0x00000566       0x92 \\maa1.cc.lut.fi\home\h17177\Documents\QHealth\Atmel Studio\BH1790\BH1790\ArduinoCore\Debug\libArduinoCore.a(Print.o)
                0x00000566                _ZN5Print11printNumberEmh
 .text._ZN5Print5printEmi
                0x000005f8       0x1a \\maa1.cc.lut.fi\home\h17177\Documents\QHealth\Atmel Studio\BH1790\BH1790\ArduinoCore\Debug\libArduinoCore.a(Print.o)
                0x000005f8                _ZN5Print5printEmi
 .text._ZN5Print5printEhi
                0x00000612        0xe \\maa1.cc.lut.fi\home\h17177\Documents\QHealth\Atmel Studio\BH1790\BH1790\ArduinoCore\Debug\libArduinoCore.a(Print.o)
                0x00000612                _ZN5Print5printEhi
 .text._ZN5Print7printlnEhi
                0x00000620       0x24 \\maa1.cc.lut.fi\home\h17177\Documents\QHealth\Atmel Studio\BH1790\BH1790\ArduinoCore\Debug\libArduinoCore.a(Print.o)
                0x00000620                _ZN5Print7printlnEhi
 .text.__vector_16
                0x00000644       0x94 \\maa1.cc.lut.fi\home\h17177\Documents\QHealth\Atmel Studio\BH1790\BH1790\ArduinoCore\Debug\libArduinoCore.a(wiring.o)
                0x00000644                __vector_16
 .text.init     0x000006d8       0x76 \\maa1.cc.lut.fi\home\h17177\Documents\QHealth\Atmel Studio\BH1790\BH1790\ArduinoCore\Debug\libArduinoCore.a(wiring.o)
                0x000006d8                init
 .text.twi_init
                0x0000074e       0x3c \\maa1.cc.lut.fi\home\h17177\Documents\QHealth\Atmel Studio\BH1790\BH1790\ArduinoCore\Debug\libArduinoCore.a(twi.o)
                0x0000074e                twi_init
 .text.twi_setFrequency
                0x0000078a       0x28 \\maa1.cc.lut.fi\home\h17177\Documents\QHealth\Atmel Studio\BH1790\BH1790\ArduinoCore\Debug\libArduinoCore.a(twi.o)
                0x0000078a                twi_setFrequency
 .text.twi_readFrom
                0x000007b2       0x90 \\maa1.cc.lut.fi\home\h17177\Documents\QHealth\Atmel Studio\BH1790\BH1790\ArduinoCore\Debug\libArduinoCore.a(twi.o)
                0x000007b2                twi_readFrom
 .text.twi_writeTo
                0x00000842       0xac \\maa1.cc.lut.fi\home\h17177\Documents\QHealth\Atmel Studio\BH1790\BH1790\ArduinoCore\Debug\libArduinoCore.a(twi.o)
                0x00000842                twi_writeTo
 .text.twi_stop
                0x000008ee       0x14 \\maa1.cc.lut.fi\home\h17177\Documents\QHealth\Atmel Studio\BH1790\BH1790\ArduinoCore\Debug\libArduinoCore.a(twi.o)
                0x000008ee                twi_stop
 .text.twi_releaseBus
                0x00000902        0xc \\maa1.cc.lut.fi\home\h17177\Documents\QHealth\Atmel Studio\BH1790\BH1790\ArduinoCore\Debug\libArduinoCore.a(twi.o)
                0x00000902                twi_releaseBus
 .text.__vector_24
                0x0000090e      0x25a \\maa1.cc.lut.fi\home\h17177\Documents\QHealth\Atmel Studio\BH1790\BH1790\ArduinoCore\Debug\libArduinoCore.a(twi.o)
                0x0000090e                __vector_24
 .text.bh1790_init
                0x00000b68        0xe \\maa1.cc.lut.fi\home\h17177\Documents\QHealth\Atmel Studio\BH1790\BH1790\ArduinoCore\Debug\libArduinoCore.a(bh1790main.o)
                0x00000b68                bh1790_init
 .text.get_bh1790_HR
                0x00000b76       0x4c \\maa1.cc.lut.fi\home\h17177\Documents\QHealth\Atmel Studio\BH1790\BH1790\ArduinoCore\Debug\libArduinoCore.a(bh1790main.o)
                0x00000b76                get_bh1790_HR
 .text.turnOffPWM
                0x00000bc2       0x52 \\maa1.cc.lut.fi\home\h17177\Documents\QHealth\Atmel Studio\BH1790\BH1790\ArduinoCore\Debug\libArduinoCore.a(wiring_digital.o)
 .text.digitalWrite
                0x00000c14       0x5e \\maa1.cc.lut.fi\home\h17177\Documents\QHealth\Atmel Studio\BH1790\BH1790\ArduinoCore\Debug\libArduinoCore.a(wiring_digital.o)
                0x00000c14                digitalWrite
 .text.hr_bh1790_Init
                0x00000c72       0x38 \\maa1.cc.lut.fi\home\h17177\Documents\QHealth\Atmel Studio\BH1790\BH1790\ArduinoCore\Debug\libArduinoCore.a(hr_bh1790.o)
                0x00000c72                hr_bh1790_Init
 .text.hr_bh1790_StartMeasure
                0x00000caa        0x4 \\maa1.cc.lut.fi\home\h17177\Documents\QHealth\Atmel Studio\BH1790\BH1790\ArduinoCore\Debug\libArduinoCore.a(hr_bh1790.o)
                0x00000caa                hr_bh1790_StartMeasure
 .text.hr_bh1790_Calc
                0x00000cae       0xd2 \\maa1.cc.lut.fi\home\h17177\Documents\QHealth\Atmel Studio\BH1790\BH1790\ArduinoCore\Debug\libArduinoCore.a(hr_bh1790.o)
                0x00000cae                hr_bh1790_Calc
 .text.hr_bh1790_GetData
                0x00000d80       0x12 \\maa1.cc.lut.fi\home\h17177\Documents\QHealth\Atmel Studio\BH1790\BH1790\ArduinoCore\Debug\libArduinoCore.a(hr_bh1790.o)
                0x00000d80                hr_bh1790_GetData
 .text.lxCtrl_Init
                0x00000d92       0x40 \\maa1.cc.lut.fi\home\h17177\Documents\QHealth\Atmel Studio\BH1790\BH1790\ArduinoCore\Debug\libArduinoCore.a(lxCtrl.o)
                0x00000d92                lxCtrl_Init
 .text.lxCtrl   0x00000dd2      0x1c2 \\maa1.cc.lut.fi\home\h17177\Documents\QHealth\Atmel Studio\BH1790\BH1790\ArduinoCore\Debug\libArduinoCore.a(lxCtrl.o)
                0x00000dd2                lxCtrl
 .text.pwCalc_Init
                0x00000f94       0x9a \\maa1.cc.lut.fi\home\h17177\Documents\QHealth\Atmel Studio\BH1790\BH1790\ArduinoCore\Debug\libArduinoCore.a(pwCalc.o)
                0x00000f94                pwCalc_Init
 .text.pwCalc_Clear
                0x0000102e       0x1c \\maa1.cc.lut.fi\home\h17177\Documents\QHealth\Atmel Studio\BH1790\BH1790\ArduinoCore\Debug\libArduinoCore.a(pwCalc.o)
                0x0000102e                pwCalc_Clear
 .text.pwCalc   0x0000104a       0x9a \\maa1.cc.lut.fi\home\h17177\Documents\QHealth\Atmel Studio\BH1790\BH1790\ArduinoCore\Debug\libArduinoCore.a(pwCalc.o)
                0x0000104a                pwCalc
 .text.pw_Init  0x000010e4       0x3e \\maa1.cc.lut.fi\home\h17177\Documents\QHealth\Atmel Studio\BH1790\BH1790\ArduinoCore\Debug\libArduinoCore.a(pw_bh1790.o)
                0x000010e4                pw_Init
 .text.pw_StartMeasure
                0x00001122       0x94 \\maa1.cc.lut.fi\home\h17177\Documents\QHealth\Atmel Studio\BH1790\BH1790\ArduinoCore\Debug\libArduinoCore.a(pw_bh1790.o)
                0x00001122                pw_StartMeasure
 .text.pw_StopMeasure
                0x000011b6       0x2a \\maa1.cc.lut.fi\home\h17177\Documents\QHealth\Atmel Studio\BH1790\BH1790\ArduinoCore\Debug\libArduinoCore.a(pw_bh1790.o)
                0x000011b6                pw_StopMeasure
 .text.pw_GetMeasureData
                0x000011e0       0x72 \\maa1.cc.lut.fi\home\h17177\Documents\QHealth\Atmel Studio\BH1790\BH1790\ArduinoCore\Debug\libArduinoCore.a(pw_bh1790.o)
                0x000011e0                pw_GetMeasureData
 .text.pw_SetParam
                0x00001252       0x8e \\maa1.cc.lut.fi\home\h17177\Documents\QHealth\Atmel Studio\BH1790\BH1790\ArduinoCore\Debug\libArduinoCore.a(pw_bh1790.o)
                0x00001252                pw_SetParam
 .text.touchDet_Init
                0x000012e0       0x3c \\maa1.cc.lut.fi\home\h17177\Documents\QHealth\Atmel Studio\BH1790\BH1790\ArduinoCore\Debug\libArduinoCore.a(touchDet.o)
                0x000012e0                touchDet_Init
 .text.touchDet
                0x0000131c      0x1fa \\maa1.cc.lut.fi\home\h17177\Documents\QHealth\Atmel Studio\BH1790\BH1790\ArduinoCore\Debug\libArduinoCore.a(touchDet.o)
                0x0000131c                touchDet
 .text.bh1790_Write
                0x00001516       0x66 \\maa1.cc.lut.fi\home\h17177\Documents\QHealth\Atmel Studio\BH1790\BH1790\ArduinoCore\Debug\libArduinoCore.a(bh1790.o)
                0x00001516                bh1790_Write
 .text.bh1790_SoftReset
                0x0000157c       0x24 \\maa1.cc.lut.fi\home\h17177\Documents\QHealth\Atmel Studio\BH1790\BH1790\ArduinoCore\Debug\libArduinoCore.a(bh1790.o)
                0x0000157c                bh1790_SoftReset
 .text.bh1790_Read
                0x000015a0       0x66 \\maa1.cc.lut.fi\home\h17177\Documents\QHealth\Atmel Studio\BH1790\BH1790\ArduinoCore\Debug\libArduinoCore.a(bh1790.o)
                0x000015a0                bh1790_Read
 .text.bh1790_Init
                0x00001606       0x38 \\maa1.cc.lut.fi\home\h17177\Documents\QHealth\Atmel Studio\BH1790\BH1790\ArduinoCore\Debug\libArduinoCore.a(bh1790.o)
                0x00001606                bh1790_Init
 .text.hr_Init  0x0000163e       0x46 \\maa1.cc.lut.fi\home\h17177\Documents\QHealth\Atmel Studio\BH1790\BH1790\ArduinoCore\Debug\libArduinoCore.a(heartRate.o)
                0x0000163e                hr_Init
 .text.hr_Clear
                0x00001684       0x3a \\maa1.cc.lut.fi\home\h17177\Documents\QHealth\Atmel Studio\BH1790\BH1790\ArduinoCore\Debug\libArduinoCore.a(heartRate.o)
                0x00001684                hr_Clear
 .text.hr_CalcBPM
                0x000016be      0x1d6 \\maa1.cc.lut.fi\home\h17177\Documents\QHealth\Atmel Studio\BH1790\BH1790\ArduinoCore\Debug\libArduinoCore.a(heartRate.o)
                0x000016be                hr_CalcBPM
 .text.iir_Init
                0x00001894       0xbe \\maa1.cc.lut.fi\home\h17177\Documents\QHealth\Atmel Studio\BH1790\BH1790\ArduinoCore\Debug\libArduinoCore.a(iirFilter.o)
                0x00001894                iir_Init
 .text.iir_Filter
                0x00001952      0x172 \\maa1.cc.lut.fi\home\h17177\Documents\QHealth\Atmel Studio\BH1790\BH1790\ArduinoCore\Debug\libArduinoCore.a(iirFilter.o)
                0x00001952                iir_Filter
 .text.iir_Set  0x00001ac4       0x2c \\maa1.cc.lut.fi\home\h17177\Documents\QHealth\Atmel Studio\BH1790\BH1790\ArduinoCore\Debug\libArduinoCore.a(iirFilter.o)
                0x00001ac4                iir_Set
 .text.ma_InitU8
                0x00001af0       0x2a \\maa1.cc.lut.fi\home\h17177\Documents\QHealth\Atmel Studio\BH1790\BH1790\ArduinoCore\Debug\libArduinoCore.a(movingAverage.o)
                0x00001af0                ma_InitU8
 .text.ma_AverageU8
                0x00001b1a       0x5e \\maa1.cc.lut.fi\home\h17177\Documents\QHealth\Atmel Studio\BH1790\BH1790\ArduinoCore\Debug\libArduinoCore.a(movingAverage.o)
                0x00001b1a                ma_AverageU8
 .text.ma_ClearU8
                0x00001b78        0xc \\maa1.cc.lut.fi\home\h17177\Documents\QHealth\Atmel Studio\BH1790\BH1790\ArduinoCore\Debug\libArduinoCore.a(movingAverage.o)
                0x00001b78                ma_ClearU8
 .text.ma_InitF
                0x00001b84       0x34 \\maa1.cc.lut.fi\home\h17177\Documents\QHealth\Atmel Studio\BH1790\BH1790\ArduinoCore\Debug\libArduinoCore.a(movingAverage.o)
                0x00001b84                ma_InitF
 .text.ma_AverageF
                0x00001bb8       0xd6 \\maa1.cc.lut.fi\home\h17177\Documents\QHealth\Atmel Studio\BH1790\BH1790\ArduinoCore\Debug\libArduinoCore.a(movingAverage.o)
                0x00001bb8                ma_AverageF
 .text.ma_ClearF
                0x00001c8e       0x10 \\maa1.cc.lut.fi\home\h17177\Documents\QHealth\Atmel Studio\BH1790\BH1790\ArduinoCore\Debug\libArduinoCore.a(movingAverage.o)
                0x00001c8e                ma_ClearF
 .text.avr-libc.fplib
                0x00001c9e        0xe c:/program files (x86)/atmel/studio/7.0/toolchain/avr8/avr8-gnu-toolchain/bin/../lib/gcc/avr/5.4.0/../../../../avr/lib/avr5\libm.a(addsf3.o)
                0x00001c9e                __subsf3
                0x00001ca0                __addsf3
 .text.avr-libc.fplib
                0x00001cac       0xcc c:/program files (x86)/atmel/studio/7.0/toolchain/avr8/avr8-gnu-toolchain/bin/../lib/gcc/avr/5.4.0/../../../../avr/lib/avr5\libm.a(addsf3x.o)
                0x00001cce                __addsf3x
 .text.avr-libc.fplib
                0x00001d78        0xa c:/program files (x86)/atmel/studio/7.0/toolchain/avr8/avr8-gnu-toolchain/bin/../lib/gcc/avr/5.4.0/../../../../avr/lib/avr5\libm.a(cmpsf2.o)
                0x00001d78                __nesf2
                0x00001d78                __eqsf2
                0x00001d78                __cmpsf2
                0x00001d78                __ltsf2
                0x00001d78                __lesf2
 .text.avr-libc.fplib
                0x00001d82        0x8 c:/program files (x86)/atmel/studio/7.0/toolchain/avr8/avr8-gnu-toolchain/bin/../lib/gcc/avr/5.4.0/../../../../avr/lib/avr5\libm.a(divsf3.o)
                0x00001d82                __divsf3
 .text.avr-libc.fplib
                0x00001d8a       0xdc c:/program files (x86)/atmel/studio/7.0/toolchain/avr8/avr8-gnu-toolchain/bin/../lib/gcc/avr/5.4.0/../../../../avr/lib/avr5\libm.a(divsf3x.o)
                0x00001daa                __divsf3x
                0x00001db0                __divsf3_pse
 .text.avr-libc.fplib
                0x00001e66       0x5e c:/program files (x86)/atmel/studio/7.0/toolchain/avr8/avr8-gnu-toolchain/bin/../lib/gcc/avr/5.4.0/../../../../avr/lib/avr5\libm.a(fixunssfsi.o)
                0x00001e66                __fixunssfsi
 .text.avr-libc.fplib
                0x00001ec4       0x7a c:/program files (x86)/atmel/studio/7.0/toolchain/avr8/avr8-gnu-toolchain/bin/../lib/gcc/avr/5.4.0/../../../../avr/lib/avr5\libm.a(floatsisf.o)
                0x00001ec4                __floatunsisf
                0x00001ec8                __floatsisf
 .text.avr-libc.fplib
                0x00001f3e       0x48 c:/program files (x86)/atmel/studio/7.0/toolchain/avr8/avr8-gnu-toolchain/bin/../lib/gcc/avr/5.4.0/../../../../avr/lib/avr5\libm.a(fp_cmp.o)
                0x00001f3e                __fp_cmp
 .text.avr-libc.fplib
                0x00001f86        0xc c:/program files (x86)/atmel/studio/7.0/toolchain/avr8/avr8-gnu-toolchain/bin/../lib/gcc/avr/5.4.0/../../../../avr/lib/avr5\libm.a(fp_inf.o)
                0x00001f86                __fp_inf
 .text.avr-libc.fplib
                0x00001f92        0x6 c:/program files (x86)/atmel/studio/7.0/toolchain/avr8/avr8-gnu-toolchain/bin/../lib/gcc/avr/5.4.0/../../../../avr/lib/avr5\libm.a(fp_nan.o)
                0x00001f92                __fp_nan
 .text.avr-libc.fplib
                0x00001f98        0xe c:/program files (x86)/atmel/studio/7.0/toolchain/avr8/avr8-gnu-toolchain/bin/../lib/gcc/avr/5.4.0/../../../../avr/lib/avr5\libm.a(fp_pscA.o)
                0x00001f98                __fp_pscA
 .text.avr-libc.fplib
                0x00001fa6        0xe c:/program files (x86)/atmel/studio/7.0/toolchain/avr8/avr8-gnu-toolchain/bin/../lib/gcc/avr/5.4.0/../../../../avr/lib/avr5\libm.a(fp_pscB.o)
                0x00001fa6                __fp_pscB
 .text.avr-libc.fplib
                0x00001fb4       0x22 c:/program files (x86)/atmel/studio/7.0/toolchain/avr8/avr8-gnu-toolchain/bin/../lib/gcc/avr/5.4.0/../../../../avr/lib/avr5\libm.a(fp_round.o)
                0x00001fb4                __fp_round
 .text.avr-libc.fplib
                0x00001fd6       0x44 c:/program files (x86)/atmel/studio/7.0/toolchain/avr8/avr8-gnu-toolchain/bin/../lib/gcc/avr/5.4.0/../../../../avr/lib/avr5\libm.a(fp_split3.o)
                0x00001fd6                __fp_split3
                0x00001fe6                __fp_splitA
 .text.avr-libc.fplib
                0x0000201a        0xe c:/program files (x86)/atmel/studio/7.0/toolchain/avr8/avr8-gnu-toolchain/bin/../lib/gcc/avr/5.4.0/../../../../avr/lib/avr5\libm.a(fp_zero.o)
                0x0000201a                __fp_zero
                0x0000201c                __fp_szero
 .text.avr-libc.fplib
                0x00002028        0xa c:/program files (x86)/atmel/studio/7.0/toolchain/avr8/avr8-gnu-toolchain/bin/../lib/gcc/avr/5.4.0/../../../../avr/lib/avr5\libm.a(gesf2.o)
                0x00002028                __gesf2
                0x00002028                __gtsf2
 .text.avr-libc.fplib
                0x00002032        0x8 c:/program files (x86)/atmel/studio/7.0/toolchain/avr8/avr8-gnu-toolchain/bin/../lib/gcc/avr/5.4.0/../../../../avr/lib/avr5\libm.a(mulsf3.o)
                0x00002032                __mulsf3
 .text.avr-libc.fplib
                0x0000203a       0xd2 c:/program files (x86)/atmel/studio/7.0/toolchain/avr8/avr8-gnu-toolchain/bin/../lib/gcc/avr/5.4.0/../../../../avr/lib/avr5\libm.a(mulsf3x.o)
                0x00002058                __mulsf3x
                0x0000205e                __mulsf3_pse
 .text.libgcc.div
                0x0000210c       0x28 c:/program files (x86)/atmel/studio/7.0/toolchain/avr8/avr8-gnu-toolchain/bin/../lib/gcc/avr/5.4.0/avr5\libgcc.a(_divmodhi4.o)
                0x0000210c                _div
                0x0000210c                __divmodhi4
 .text.libgcc.div
                0x00002134       0x44 c:/program files (x86)/atmel/studio/7.0/toolchain/avr8/avr8-gnu-toolchain/bin/../lib/gcc/avr/5.4.0/avr5\libgcc.a(_udivmodsi4.o)
                0x00002134                __udivmodsi4
 .text.libgcc.div
                0x00002178       0x28 c:/program files (x86)/atmel/studio/7.0/toolchain/avr8/avr8-gnu-toolchain/bin/../lib/gcc/avr/5.4.0/avr5\libgcc.a(_udivmodhi4.o)
                0x00002178                __udivmodhi4
 .text.libgcc   0x000021a0        0xc c:/program files (x86)/atmel/studio/7.0/toolchain/avr8/avr8-gnu-toolchain/bin/../lib/gcc/avr/5.4.0/avr5\libgcc.a(_tablejump2.o)
                0x000021a0                __tablejump2__
                0x000021ac                . = ALIGN (0x2)
 *(.fini9)
 .fini9         0x000021ac        0x0 c:/program files (x86)/atmel/studio/7.0/toolchain/avr8/avr8-gnu-toolchain/bin/../lib/gcc/avr/5.4.0/avr5\libgcc.a(_exit.o)
                0x000021ac                _exit
                0x000021ac                exit
 *(.fini9)
 *(.fini8)
 *(.fini8)
 *(.fini7)
 *(.fini7)
 *(.fini6)
 *(.fini6)
 *(.fini5)
 *(.fini5)
 *(.fini4)
 *(.fini4)
 *(.fini3)
 *(.fini3)
 *(.fini2)
 *(.fini2)
 *(.fini1)
 *(.fini1)
 *(.fini0)
 .fini0         0x000021ac        0x4 c:/program files (x86)/atmel/studio/7.0/toolchain/avr8/avr8-gnu-toolchain/bin/../lib/gcc/avr/5.4.0/avr5\libgcc.a(_exit.o)
 *(.fini0)
                0x000021b0                _etext = .

.data           0x00800100       0x60 load address 0x000021b0
                0x00800100                PROVIDE (__data_start, .)
 *(.data)
 *(.data*)
 *(.rodata)
 .rodata        0x00800100       0x12 \\maa1.cc.lut.fi\home\h17177\Documents\QHealth\Atmel Studio\BH1790\BH1790\ArduinoCore\Debug\libArduinoCore.a(lxCtrl.o)
 .rodata        0x00800112       0x28 \\maa1.cc.lut.fi\home\h17177\Documents\QHealth\Atmel Studio\BH1790\BH1790\ArduinoCore\Debug\libArduinoCore.a(pwCalc.o)
 *(.rodata*)
 .rodata._ZTV14HardwareSerial
                0x0080013a       0x10 \\maa1.cc.lut.fi\home\h17177\Documents\QHealth\Atmel Studio\BH1790\BH1790\ArduinoCore\Debug\libArduinoCore.a(HardwareSerial.o)
                0x0080013a                _ZTV14HardwareSerial
 .rodata.str1.1
                0x0080014a        0xf \\maa1.cc.lut.fi\home\h17177\Documents\QHealth\Atmel Studio\BH1790\BH1790\ArduinoCore\Debug\libArduinoCore.a(Print.o)
 .rodata.CSWTCH.16
                0x00800159        0x6 \\maa1.cc.lut.fi\home\h17177\Documents\QHealth\Atmel Studio\BH1790\BH1790\ArduinoCore\Debug\libArduinoCore.a(pw_bh1790.o)
 *(.gnu.linkonce.d*)
                0x00800160                . = ALIGN (0x2)
 *fill*         0x0080015f        0x1 
                0x00800160                _edata = .
                0x00800160                PROVIDE (__data_end, .)

.bss            0x00800160      0x219
                0x00800160                PROVIDE (__bss_start, .)
 *(.bss)
 *(.bss*)
 .bss.timer_flg
                0x00800160        0x1 Sketch.o
                0x00800160                timer_flg
 .bss.Serial    0x00800161       0x9d \\maa1.cc.lut.fi\home\h17177\Documents\QHealth\Atmel Studio\BH1790\BH1790\ArduinoCore\Debug\libArduinoCore.a(HardwareSerial0.o)
                0x00800161                Serial
 .bss.timer0_fract
                0x008001fe        0x1 \\maa1.cc.lut.fi\home\h17177\Documents\QHealth\Atmel Studio\BH1790\BH1790\ArduinoCore\Debug\libArduinoCore.a(wiring.o)
 .bss.timer0_millis
                0x008001ff        0x4 \\maa1.cc.lut.fi\home\h17177\Documents\QHealth\Atmel Studio\BH1790\BH1790\ArduinoCore\Debug\libArduinoCore.a(wiring.o)
                0x008001ff                timer0_millis
 .bss.timer0_overflow_count
                0x00800203        0x4 \\maa1.cc.lut.fi\home\h17177\Documents\QHealth\Atmel Studio\BH1790\BH1790\ArduinoCore\Debug\libArduinoCore.a(wiring.o)
                0x00800203                timer0_overflow_count
 .bss.twi_error
                0x00800207        0x1 \\maa1.cc.lut.fi\home\h17177\Documents\QHealth\Atmel Studio\BH1790\BH1790\ArduinoCore\Debug\libArduinoCore.a(twi.o)
 .bss.twi_rxBufferIndex
                0x00800208        0x1 \\maa1.cc.lut.fi\home\h17177\Documents\QHealth\Atmel Studio\BH1790\BH1790\ArduinoCore\Debug\libArduinoCore.a(twi.o)
 .bss.twi_rxBuffer
                0x00800209       0x20 \\maa1.cc.lut.fi\home\h17177\Documents\QHealth\Atmel Studio\BH1790\BH1790\ArduinoCore\Debug\libArduinoCore.a(twi.o)
 .bss.twi_txBufferLength
                0x00800229        0x1 \\maa1.cc.lut.fi\home\h17177\Documents\QHealth\Atmel Studio\BH1790\BH1790\ArduinoCore\Debug\libArduinoCore.a(twi.o)
 .bss.twi_txBufferIndex
                0x0080022a        0x1 \\maa1.cc.lut.fi\home\h17177\Documents\QHealth\Atmel Studio\BH1790\BH1790\ArduinoCore\Debug\libArduinoCore.a(twi.o)
 .bss.twi_txBuffer
                0x0080022b       0x20 \\maa1.cc.lut.fi\home\h17177\Documents\QHealth\Atmel Studio\BH1790\BH1790\ArduinoCore\Debug\libArduinoCore.a(twi.o)
 .bss.twi_masterBufferLength
                0x0080024b        0x1 \\maa1.cc.lut.fi\home\h17177\Documents\QHealth\Atmel Studio\BH1790\BH1790\ArduinoCore\Debug\libArduinoCore.a(twi.o)
 .bss.twi_masterBufferIndex
                0x0080024c        0x1 \\maa1.cc.lut.fi\home\h17177\Documents\QHealth\Atmel Studio\BH1790\BH1790\ArduinoCore\Debug\libArduinoCore.a(twi.o)
 .bss.twi_masterBuffer
                0x0080024d       0x20 \\maa1.cc.lut.fi\home\h17177\Documents\QHealth\Atmel Studio\BH1790\BH1790\ArduinoCore\Debug\libArduinoCore.a(twi.o)
 .bss.twi_onSlaveReceive
                0x0080026d        0x2 \\maa1.cc.lut.fi\home\h17177\Documents\QHealth\Atmel Studio\BH1790\BH1790\ArduinoCore\Debug\libArduinoCore.a(twi.o)
 .bss.twi_onSlaveTransmit
                0x0080026f        0x2 \\maa1.cc.lut.fi\home\h17177\Documents\QHealth\Atmel Studio\BH1790\BH1790\ArduinoCore\Debug\libArduinoCore.a(twi.o)
 .bss.twi_inRepStart
                0x00800271        0x1 \\maa1.cc.lut.fi\home\h17177\Documents\QHealth\Atmel Studio\BH1790\BH1790\ArduinoCore\Debug\libArduinoCore.a(twi.o)
 .bss.twi_sendStop
                0x00800272        0x1 \\maa1.cc.lut.fi\home\h17177\Documents\QHealth\Atmel Studio\BH1790\BH1790\ArduinoCore\Debug\libArduinoCore.a(twi.o)
 .bss.twi_slarw
                0x00800273        0x1 \\maa1.cc.lut.fi\home\h17177\Documents\QHealth\Atmel Studio\BH1790\BH1790\ArduinoCore\Debug\libArduinoCore.a(twi.o)
 .bss.bpm       0x00800274        0x1 \\maa1.cc.lut.fi\home\h17177\Documents\QHealth\Atmel Studio\BH1790\BH1790\ArduinoCore\Debug\libArduinoCore.a(bh1790main.o)
                0x00800274                bpm
 .bss.bh1790_cnt_freq
                0x00800275        0x1 \\maa1.cc.lut.fi\home\h17177\Documents\QHealth\Atmel Studio\BH1790\BH1790\ArduinoCore\Debug\libArduinoCore.a(bh1790main.o)
 .bss.s_hrPrm   0x00800276       0x15 \\maa1.cc.lut.fi\home\h17177\Documents\QHealth\Atmel Studio\BH1790\BH1790\ArduinoCore\Debug\libArduinoCore.a(hr_bh1790.o)
 .bss.s_td_stat
                0x0080028b        0x1 \\maa1.cc.lut.fi\home\h17177\Documents\QHealth\Atmel Studio\BH1790\BH1790\ArduinoCore\Debug\libArduinoCore.a(hr_bh1790.o)
 .bss.s_pwData  0x0080028c        0x4 \\maa1.cc.lut.fi\home\h17177\Documents\QHealth\Atmel Studio\BH1790\BH1790\ArduinoCore\Debug\libArduinoCore.a(hr_bh1790.o)
 .bss.s_is_wearing
                0x00800290        0x1 \\maa1.cc.lut.fi\home\h17177\Documents\QHealth\Atmel Studio\BH1790\BH1790\ArduinoCore\Debug\libArduinoCore.a(hr_bh1790.o)
 .bss.s_cnt_lv_sel
                0x00800291        0x2 \\maa1.cc.lut.fi\home\h17177\Documents\QHealth\Atmel Studio\BH1790\BH1790\ArduinoCore\Debug\libArduinoCore.a(lxCtrl.o)
 .bss.s_th_up   0x00800293        0x2 \\maa1.cc.lut.fi\home\h17177\Documents\QHealth\Atmel Studio\BH1790\BH1790\ArduinoCore\Debug\libArduinoCore.a(lxCtrl.o)
 .bss.s_pre_stat
                0x00800295        0x1 \\maa1.cc.lut.fi\home\h17177\Documents\QHealth\Atmel Studio\BH1790\BH1790\ArduinoCore\Debug\libArduinoCore.a(lxCtrl.o)
 .bss.s_led_lv  0x00800296        0x4 \\maa1.cc.lut.fi\home\h17177\Documents\QHealth\Atmel Studio\BH1790\BH1790\ArduinoCore\Debug\libArduinoCore.a(lxCtrl.o)
 .bss.s_maPrm_pre3
                0x0080029a       0x27 \\maa1.cc.lut.fi\home\h17177\Documents\QHealth\Atmel Studio\BH1790\BH1790\ArduinoCore\Debug\libArduinoCore.a(pwCalc.o)
 .bss.s_maPrm_pre2
                0x008002c1       0x27 \\maa1.cc.lut.fi\home\h17177\Documents\QHealth\Atmel Studio\BH1790\BH1790\ArduinoCore\Debug\libArduinoCore.a(pwCalc.o)
 .bss.s_maPrm_pre1
                0x008002e8       0x27 \\maa1.cc.lut.fi\home\h17177\Documents\QHealth\Atmel Studio\BH1790\BH1790\ArduinoCore\Debug\libArduinoCore.a(pwCalc.o)
 .bss.s_iirPrm_lpf
                0x0080030f       0x24 \\maa1.cc.lut.fi\home\h17177\Documents\QHealth\Atmel Studio\BH1790\BH1790\ArduinoCore\Debug\libArduinoCore.a(pwCalc.o)
 .bss.s_iirPrm_hpf
                0x00800333       0x24 \\maa1.cc.lut.fi\home\h17177\Documents\QHealth\Atmel Studio\BH1790\BH1790\ArduinoCore\Debug\libArduinoCore.a(pwCalc.o)
 .bss.s_is_init
                0x00800357        0x1 \\maa1.cc.lut.fi\home\h17177\Documents\QHealth\Atmel Studio\BH1790\BH1790\ArduinoCore\Debug\libArduinoCore.a(pwCalc.o)
 .bss.s_pw_en   0x00800358        0x1 \\maa1.cc.lut.fi\home\h17177\Documents\QHealth\Atmel Studio\BH1790\BH1790\ArduinoCore\Debug\libArduinoCore.a(pw_bh1790.o)
 .bss.s_pw_onTime
                0x00800359        0x1 \\maa1.cc.lut.fi\home\h17177\Documents\QHealth\Atmel Studio\BH1790\BH1790\ArduinoCore\Debug\libArduinoCore.a(pw_bh1790.o)
 .bss.s_pw_cur  0x0080035a        0x1 \\maa1.cc.lut.fi\home\h17177\Documents\QHealth\Atmel Studio\BH1790\BH1790\ArduinoCore\Debug\libArduinoCore.a(pw_bh1790.o)
 .bss.s_pw_rCycle
                0x0080035b        0x1 \\maa1.cc.lut.fi\home\h17177\Documents\QHealth\Atmel Studio\BH1790\BH1790\ArduinoCore\Debug\libArduinoCore.a(pw_bh1790.o)
 .bss.s_pw_freq
                0x0080035c        0x1 \\maa1.cc.lut.fi\home\h17177\Documents\QHealth\Atmel Studio\BH1790\BH1790\ArduinoCore\Debug\libArduinoCore.a(pw_bh1790.o)
 .bss.is_measured
                0x0080035d        0x1 \\maa1.cc.lut.fi\home\h17177\Documents\QHealth\Atmel Studio\BH1790\BH1790\ArduinoCore\Debug\libArduinoCore.a(pw_bh1790.o)
 .bss.s_peak_Min
                0x0080035e        0x4 \\maa1.cc.lut.fi\home\h17177\Documents\QHealth\Atmel Studio\BH1790\BH1790\ArduinoCore\Debug\libArduinoCore.a(touchDet.o)
 .bss.s_peak_Max
                0x00800362        0x4 \\maa1.cc.lut.fi\home\h17177\Documents\QHealth\Atmel Studio\BH1790\BH1790\ArduinoCore\Debug\libArduinoCore.a(touchDet.o)
 .bss.s_flg_slope
                0x00800366        0x1 \\maa1.cc.lut.fi\home\h17177\Documents\QHealth\Atmel Studio\BH1790\BH1790\ArduinoCore\Debug\libArduinoCore.a(touchDet.o)
 .bss.s_cnt_gon
                0x00800367        0x2 \\maa1.cc.lut.fi\home\h17177\Documents\QHealth\Atmel Studio\BH1790\BH1790\ArduinoCore\Debug\libArduinoCore.a(touchDet.o)
 .bss.s_cnt_goff
                0x00800369        0x2 \\maa1.cc.lut.fi\home\h17177\Documents\QHealth\Atmel Studio\BH1790\BH1790\ArduinoCore\Debug\libArduinoCore.a(touchDet.o)
 .bss.s_maPrm_bpm
                0x0080036b        0xd \\maa1.cc.lut.fi\home\h17177\Documents\QHealth\Atmel Studio\BH1790\BH1790\ArduinoCore\Debug\libArduinoCore.a(heartRate.o)
 *(COMMON)
 COMMON         0x00800378        0x1 \\maa1.cc.lut.fi\home\h17177\Documents\QHealth\Atmel Studio\BH1790\BH1790\ArduinoCore\Debug\libArduinoCore.a(twi.o)
                0x00800378                twi_state
                0x00800379                PROVIDE (__bss_end, .)
                0x000021b0                __data_load_start = LOADADDR (.data)
                0x00002210                __data_load_end = (__data_load_start + SIZEOF (.data))

.noinit         0x00800379        0x0
                [!provide]                PROVIDE (__noinit_start, .)
 *(.noinit*)
                [!provide]                PROVIDE (__noinit_end, .)
                0x00800379                _end = .
                [!provide]                PROVIDE (__heap_start, .)

.eeprom         0x00810000        0x0
 *(.eeprom*)
                0x00810000                __eeprom_end = .

.fuse
 *(.fuse)
 *(.lfuse)
 *(.hfuse)
 *(.efuse)

.lock
 *(.lock*)

.signature
 *(.signature*)

.user_signatures
 *(.user_signatures*)

.stab
 *(.stab)

.stabstr
 *(.stabstr)

.stab.excl
 *(.stab.excl)

.stab.exclstr
 *(.stab.exclstr)

.stab.index
 *(.stab.index)

.stab.indexstr
 *(.stab.indexstr)

.comment        0x00000000       0x30
 *(.comment)
 .comment       0x00000000       0x30 Sketch.o
                                 0x31 (size before relaxing)
 .comment       0x00000030       0x31 \\maa1.cc.lut.fi\home\h17177\Documents\QHealth\Atmel Studio\BH1790\BH1790\ArduinoCore\Debug\libArduinoCore.a(HardwareSerial.o)
 .comment       0x00000030       0x31 \\maa1.cc.lut.fi\home\h17177\Documents\QHealth\Atmel Studio\BH1790\BH1790\ArduinoCore\Debug\libArduinoCore.a(HardwareSerial0.o)
 .comment       0x00000030       0x31 \\maa1.cc.lut.fi\home\h17177\Documents\QHealth\Atmel Studio\BH1790\BH1790\ArduinoCore\Debug\libArduinoCore.a(Print.o)
 .comment       0x00000030       0x31 \\maa1.cc.lut.fi\home\h17177\Documents\QHealth\Atmel Studio\BH1790\BH1790\ArduinoCore\Debug\libArduinoCore.a(wiring.o)
 .comment       0x00000030       0x31 \\maa1.cc.lut.fi\home\h17177\Documents\QHealth\Atmel Studio\BH1790\BH1790\ArduinoCore\Debug\libArduinoCore.a(twi.o)
 .comment       0x00000030       0x31 \\maa1.cc.lut.fi\home\h17177\Documents\QHealth\Atmel Studio\BH1790\BH1790\ArduinoCore\Debug\libArduinoCore.a(bh1790main.o)
 .comment       0x00000030       0x31 \\maa1.cc.lut.fi\home\h17177\Documents\QHealth\Atmel Studio\BH1790\BH1790\ArduinoCore\Debug\libArduinoCore.a(wiring_digital.o)
 .comment       0x00000030       0x31 \\maa1.cc.lut.fi\home\h17177\Documents\QHealth\Atmel Studio\BH1790\BH1790\ArduinoCore\Debug\libArduinoCore.a(hr_bh1790.o)
 .comment       0x00000030       0x31 \\maa1.cc.lut.fi\home\h17177\Documents\QHealth\Atmel Studio\BH1790\BH1790\ArduinoCore\Debug\libArduinoCore.a(lxCtrl.o)
 .comment       0x00000030       0x31 \\maa1.cc.lut.fi\home\h17177\Documents\QHealth\Atmel Studio\BH1790\BH1790\ArduinoCore\Debug\libArduinoCore.a(pwCalc.o)
 .comment       0x00000030       0x31 \\maa1.cc.lut.fi\home\h17177\Documents\QHealth\Atmel Studio\BH1790\BH1790\ArduinoCore\Debug\libArduinoCore.a(pw_bh1790.o)
 .comment       0x00000030       0x31 \\maa1.cc.lut.fi\home\h17177\Documents\QHealth\Atmel Studio\BH1790\BH1790\ArduinoCore\Debug\libArduinoCore.a(touchDet.o)
 .comment       0x00000030       0x31 \\maa1.cc.lut.fi\home\h17177\Documents\QHealth\Atmel Studio\BH1790\BH1790\ArduinoCore\Debug\libArduinoCore.a(bh1790.o)
 .comment       0x00000030       0x31 \\maa1.cc.lut.fi\home\h17177\Documents\QHealth\Atmel Studio\BH1790\BH1790\ArduinoCore\Debug\libArduinoCore.a(heartRate.o)
 .comment       0x00000030       0x31 \\maa1.cc.lut.fi\home\h17177\Documents\QHealth\Atmel Studio\BH1790\BH1790\ArduinoCore\Debug\libArduinoCore.a(iirFilter.o)
 .comment       0x00000030       0x31 \\maa1.cc.lut.fi\home\h17177\Documents\QHealth\Atmel Studio\BH1790\BH1790\ArduinoCore\Debug\libArduinoCore.a(movingAverage.o)

.note.gnu.avr.deviceinfo
                0x00000000       0x40
 .note.gnu.avr.deviceinfo
                0x00000000       0x40 C:/Program Files (x86)/Atmel/Studio/7.0/Packs/atmel/ATmega_DFP/1.2.132/gcc/dev/atmega328p/avr5/crtatmega328p.o

.note.gnu.build-id
 *(.note.gnu.build-id)

.debug
 *(.debug)

.line
 *(.line)

.debug_srcinfo
 *(.debug_srcinfo)

.debug_sfnames
 *(.debug_sfnames)

.debug_aranges  0x00000000      0x4c8
 *(.debug_aranges)
 .debug_aranges
                0x00000000       0x30 Sketch.o
 .debug_aranges
                0x00000030       0x68 \\maa1.cc.lut.fi\home\h17177\Documents\QHealth\Atmel Studio\BH1790\BH1790\ArduinoCore\Debug\libArduinoCore.a(HardwareSerial.o)
 .debug_aranges
                0x00000098       0x38 \\maa1.cc.lut.fi\home\h17177\Documents\QHealth\Atmel Studio\BH1790\BH1790\ArduinoCore\Debug\libArduinoCore.a(HardwareSerial0.o)
 .debug_aranges
                0x000000d0       0xf0 \\maa1.cc.lut.fi\home\h17177\Documents\QHealth\Atmel Studio\BH1790\BH1790\ArduinoCore\Debug\libArduinoCore.a(Print.o)
 .debug_aranges
                0x000001c0       0x48 \\maa1.cc.lut.fi\home\h17177\Documents\QHealth\Atmel Studio\BH1790\BH1790\ArduinoCore\Debug\libArduinoCore.a(wiring.o)
 .debug_aranges
                0x00000208       0x80 \\maa1.cc.lut.fi\home\h17177\Documents\QHealth\Atmel Studio\BH1790\BH1790\ArduinoCore\Debug\libArduinoCore.a(twi.o)
 .debug_aranges
                0x00000288       0x28 \\maa1.cc.lut.fi\home\h17177\Documents\QHealth\Atmel Studio\BH1790\BH1790\ArduinoCore\Debug\libArduinoCore.a(bh1790main.o)
 .debug_aranges
                0x000002b0       0x38 \\maa1.cc.lut.fi\home\h17177\Documents\QHealth\Atmel Studio\BH1790\BH1790\ArduinoCore\Debug\libArduinoCore.a(wiring_digital.o)
 .debug_aranges
                0x000002e8       0x38 \\maa1.cc.lut.fi\home\h17177\Documents\QHealth\Atmel Studio\BH1790\BH1790\ArduinoCore\Debug\libArduinoCore.a(hr_bh1790.o)
 .debug_aranges
                0x00000320       0x28 \\maa1.cc.lut.fi\home\h17177\Documents\QHealth\Atmel Studio\BH1790\BH1790\ArduinoCore\Debug\libArduinoCore.a(lxCtrl.o)
 .debug_aranges
                0x00000348       0x30 \\maa1.cc.lut.fi\home\h17177\Documents\QHealth\Atmel Studio\BH1790\BH1790\ArduinoCore\Debug\libArduinoCore.a(pwCalc.o)
 .debug_aranges
                0x00000378       0x48 \\maa1.cc.lut.fi\home\h17177\Documents\QHealth\Atmel Studio\BH1790\BH1790\ArduinoCore\Debug\libArduinoCore.a(pw_bh1790.o)
 .debug_aranges
                0x000003c0       0x28 \\maa1.cc.lut.fi\home\h17177\Documents\QHealth\Atmel Studio\BH1790\BH1790\ArduinoCore\Debug\libArduinoCore.a(touchDet.o)
 .debug_aranges
                0x000003e8       0x38 \\maa1.cc.lut.fi\home\h17177\Documents\QHealth\Atmel Studio\BH1790\BH1790\ArduinoCore\Debug\libArduinoCore.a(bh1790.o)
 .debug_aranges
                0x00000420       0x30 \\maa1.cc.lut.fi\home\h17177\Documents\QHealth\Atmel Studio\BH1790\BH1790\ArduinoCore\Debug\libArduinoCore.a(heartRate.o)
 .debug_aranges
                0x00000450       0x30 \\maa1.cc.lut.fi\home\h17177\Documents\QHealth\Atmel Studio\BH1790\BH1790\ArduinoCore\Debug\libArduinoCore.a(iirFilter.o)
 .debug_aranges
                0x00000480       0x48 \\maa1.cc.lut.fi\home\h17177\Documents\QHealth\Atmel Studio\BH1790\BH1790\ArduinoCore\Debug\libArduinoCore.a(movingAverage.o)

.debug_pubnames
 *(.debug_pubnames)

.debug_info     0x00000000     0x9ddd
 *(.debug_info .gnu.linkonce.wi.*)
 .debug_info    0x00000000      0x5f4 C:/Program Files (x86)/Atmel/Studio/7.0/Packs/atmel/ATmega_DFP/1.2.132/gcc/dev/atmega328p/avr5/crtatmega328p.o
 .debug_info    0x000005f4      0x39f Sketch.o
 .debug_info    0x00000993     0x1ea5 \\maa1.cc.lut.fi\home\h17177\Documents\QHealth\Atmel Studio\BH1790\BH1790\ArduinoCore\Debug\libArduinoCore.a(HardwareSerial.o)
 .debug_info    0x00002838     0x1a99 \\maa1.cc.lut.fi\home\h17177\Documents\QHealth\Atmel Studio\BH1790\BH1790\ArduinoCore\Debug\libArduinoCore.a(HardwareSerial0.o)
 .debug_info    0x000042d1     0x285e \\maa1.cc.lut.fi\home\h17177\Documents\QHealth\Atmel Studio\BH1790\BH1790\ArduinoCore\Debug\libArduinoCore.a(Print.o)
 .debug_info    0x00006b2f      0x2cb \\maa1.cc.lut.fi\home\h17177\Documents\QHealth\Atmel Studio\BH1790\BH1790\ArduinoCore\Debug\libArduinoCore.a(wiring.o)
 .debug_info    0x00006dfa      0x605 \\maa1.cc.lut.fi\home\h17177\Documents\QHealth\Atmel Studio\BH1790\BH1790\ArduinoCore\Debug\libArduinoCore.a(twi.o)
 .debug_info    0x000073ff      0x185 \\maa1.cc.lut.fi\home\h17177\Documents\QHealth\Atmel Studio\BH1790\BH1790\ArduinoCore\Debug\libArduinoCore.a(bh1790main.o)
 .debug_info    0x00007584      0x5fe \\maa1.cc.lut.fi\home\h17177\Documents\QHealth\Atmel Studio\BH1790\BH1790\ArduinoCore\Debug\libArduinoCore.a(wiring_digital.o)
 .debug_info    0x00007b82      0x483 \\maa1.cc.lut.fi\home\h17177\Documents\QHealth\Atmel Studio\BH1790\BH1790\ArduinoCore\Debug\libArduinoCore.a(hr_bh1790.o)
 .debug_info    0x00008005      0x38e \\maa1.cc.lut.fi\home\h17177\Documents\QHealth\Atmel Studio\BH1790\BH1790\ArduinoCore\Debug\libArduinoCore.a(lxCtrl.o)
 .debug_info    0x00008393      0x5f6 \\maa1.cc.lut.fi\home\h17177\Documents\QHealth\Atmel Studio\BH1790\BH1790\ArduinoCore\Debug\libArduinoCore.a(pwCalc.o)
 .debug_info    0x00008989      0x5a7 \\maa1.cc.lut.fi\home\h17177\Documents\QHealth\Atmel Studio\BH1790\BH1790\ArduinoCore\Debug\libArduinoCore.a(pw_bh1790.o)
 .debug_info    0x00008f30      0x24b \\maa1.cc.lut.fi\home\h17177\Documents\QHealth\Atmel Studio\BH1790\BH1790\ArduinoCore\Debug\libArduinoCore.a(touchDet.o)
 .debug_info    0x0000917b      0x3b8 \\maa1.cc.lut.fi\home\h17177\Documents\QHealth\Atmel Studio\BH1790\BH1790\ArduinoCore\Debug\libArduinoCore.a(bh1790.o)
 .debug_info    0x00009533      0x323 \\maa1.cc.lut.fi\home\h17177\Documents\QHealth\Atmel Studio\BH1790\BH1790\ArduinoCore\Debug\libArduinoCore.a(heartRate.o)
 .debug_info    0x00009856      0x253 \\maa1.cc.lut.fi\home\h17177\Documents\QHealth\Atmel Studio\BH1790\BH1790\ArduinoCore\Debug\libArduinoCore.a(iirFilter.o)
 .debug_info    0x00009aa9      0x334 \\maa1.cc.lut.fi\home\h17177\Documents\QHealth\Atmel Studio\BH1790\BH1790\ArduinoCore\Debug\libArduinoCore.a(movingAverage.o)

.debug_abbrev   0x00000000     0x264e
 *(.debug_abbrev)
 .debug_abbrev  0x00000000      0x5a2 C:/Program Files (x86)/Atmel/Studio/7.0/Packs/atmel/ATmega_DFP/1.2.132/gcc/dev/atmega328p/avr5/crtatmega328p.o
 .debug_abbrev  0x000005a2      0x1fc Sketch.o
 .debug_abbrev  0x0000079e      0x432 \\maa1.cc.lut.fi\home\h17177\Documents\QHealth\Atmel Studio\BH1790\BH1790\ArduinoCore\Debug\libArduinoCore.a(HardwareSerial.o)
 .debug_abbrev  0x00000bd0      0x3a2 \\maa1.cc.lut.fi\home\h17177\Documents\QHealth\Atmel Studio\BH1790\BH1790\ArduinoCore\Debug\libArduinoCore.a(HardwareSerial0.o)
 .debug_abbrev  0x00000f72      0x469 \\maa1.cc.lut.fi\home\h17177\Documents\QHealth\Atmel Studio\BH1790\BH1790\ArduinoCore\Debug\libArduinoCore.a(Print.o)
 .debug_abbrev  0x000013db      0x146 \\maa1.cc.lut.fi\home\h17177\Documents\QHealth\Atmel Studio\BH1790\BH1790\ArduinoCore\Debug\libArduinoCore.a(wiring.o)
 .debug_abbrev  0x00001521      0x271 \\maa1.cc.lut.fi\home\h17177\Documents\QHealth\Atmel Studio\BH1790\BH1790\ArduinoCore\Debug\libArduinoCore.a(twi.o)
 .debug_abbrev  0x00001792       0xe3 \\maa1.cc.lut.fi\home\h17177\Documents\QHealth\Atmel Studio\BH1790\BH1790\ArduinoCore\Debug\libArduinoCore.a(bh1790main.o)
 .debug_abbrev  0x00001875      0x15b \\maa1.cc.lut.fi\home\h17177\Documents\QHealth\Atmel Studio\BH1790\BH1790\ArduinoCore\Debug\libArduinoCore.a(wiring_digital.o)
 .debug_abbrev  0x000019d0      0x19d \\maa1.cc.lut.fi\home\h17177\Documents\QHealth\Atmel Studio\BH1790\BH1790\ArduinoCore\Debug\libArduinoCore.a(hr_bh1790.o)
 .debug_abbrev  0x00001b6d      0x17f \\maa1.cc.lut.fi\home\h17177\Documents\QHealth\Atmel Studio\BH1790\BH1790\ArduinoCore\Debug\libArduinoCore.a(lxCtrl.o)
 .debug_abbrev  0x00001cec      0x147 \\maa1.cc.lut.fi\home\h17177\Documents\QHealth\Atmel Studio\BH1790\BH1790\ArduinoCore\Debug\libArduinoCore.a(pwCalc.o)
 .debug_abbrev  0x00001e33      0x200 \\maa1.cc.lut.fi\home\h17177\Documents\QHealth\Atmel Studio\BH1790\BH1790\ArduinoCore\Debug\libArduinoCore.a(pw_bh1790.o)
 .debug_abbrev  0x00002033      0x153 \\maa1.cc.lut.fi\home\h17177\Documents\QHealth\Atmel Studio\BH1790\BH1790\ArduinoCore\Debug\libArduinoCore.a(touchDet.o)
 .debug_abbrev  0x00002186      0x16d \\maa1.cc.lut.fi\home\h17177\Documents\QHealth\Atmel Studio\BH1790\BH1790\ArduinoCore\Debug\libArduinoCore.a(bh1790.o)
 .debug_abbrev  0x000022f3      0x129 \\maa1.cc.lut.fi\home\h17177\Documents\QHealth\Atmel Studio\BH1790\BH1790\ArduinoCore\Debug\libArduinoCore.a(heartRate.o)
 .debug_abbrev  0x0000241c       0xfe \\maa1.cc.lut.fi\home\h17177\Documents\QHealth\Atmel Studio\BH1790\BH1790\ArduinoCore\Debug\libArduinoCore.a(iirFilter.o)
 .debug_abbrev  0x0000251a      0x134 \\maa1.cc.lut.fi\home\h17177\Documents\QHealth\Atmel Studio\BH1790\BH1790\ArduinoCore\Debug\libArduinoCore.a(movingAverage.o)

.debug_line     0x00000000     0x2f73
 *(.debug_line .debug_line.* .debug_line_end)
 .debug_line    0x00000000      0x133 C:/Program Files (x86)/Atmel/Studio/7.0/Packs/atmel/ATmega_DFP/1.2.132/gcc/dev/atmega328p/avr5/crtatmega328p.o
 .debug_line    0x00000133      0x2ba Sketch.o
 .debug_line    0x000003ed      0x426 \\maa1.cc.lut.fi\home\h17177\Documents\QHealth\Atmel Studio\BH1790\BH1790\ArduinoCore\Debug\libArduinoCore.a(HardwareSerial.o)
 .debug_line    0x00000813      0x257 \\maa1.cc.lut.fi\home\h17177\Documents\QHealth\Atmel Studio\BH1790\BH1790\ArduinoCore\Debug\libArduinoCore.a(HardwareSerial0.o)
 .debug_line    0x00000a6a      0x626 \\maa1.cc.lut.fi\home\h17177\Documents\QHealth\Atmel Studio\BH1790\BH1790\ArduinoCore\Debug\libArduinoCore.a(Print.o)
 .debug_line    0x00001090      0x299 \\maa1.cc.lut.fi\home\h17177\Documents\QHealth\Atmel Studio\BH1790\BH1790\ArduinoCore\Debug\libArduinoCore.a(wiring.o)
 .debug_line    0x00001329      0x4f5 \\maa1.cc.lut.fi\home\h17177\Documents\QHealth\Atmel Studio\BH1790\BH1790\ArduinoCore\Debug\libArduinoCore.a(twi.o)
 .debug_line    0x0000181e      0x151 \\maa1.cc.lut.fi\home\h17177\Documents\QHealth\Atmel Studio\BH1790\BH1790\ArduinoCore\Debug\libArduinoCore.a(bh1790main.o)
 .debug_line    0x0000196f      0x252 \\maa1.cc.lut.fi\home\h17177\Documents\QHealth\Atmel Studio\BH1790\BH1790\ArduinoCore\Debug\libArduinoCore.a(wiring_digital.o)
 .debug_line    0x00001bc1      0x246 \\maa1.cc.lut.fi\home\h17177\Documents\QHealth\Atmel Studio\BH1790\BH1790\ArduinoCore\Debug\libArduinoCore.a(hr_bh1790.o)
 .debug_line    0x00001e07      0x268 \\maa1.cc.lut.fi\home\h17177\Documents\QHealth\Atmel Studio\BH1790\BH1790\ArduinoCore\Debug\libArduinoCore.a(lxCtrl.o)
 .debug_line    0x0000206f      0x1d9 \\maa1.cc.lut.fi\home\h17177\Documents\QHealth\Atmel Studio\BH1790\BH1790\ArduinoCore\Debug\libArduinoCore.a(pwCalc.o)
 .debug_line    0x00002248      0x306 \\maa1.cc.lut.fi\home\h17177\Documents\QHealth\Atmel Studio\BH1790\BH1790\ArduinoCore\Debug\libArduinoCore.a(pw_bh1790.o)
 .debug_line    0x0000254e      0x22e \\maa1.cc.lut.fi\home\h17177\Documents\QHealth\Atmel Studio\BH1790\BH1790\ArduinoCore\Debug\libArduinoCore.a(touchDet.o)
 .debug_line    0x0000277c      0x176 \\maa1.cc.lut.fi\home\h17177\Documents\QHealth\Atmel Studio\BH1790\BH1790\ArduinoCore\Debug\libArduinoCore.a(bh1790.o)
 .debug_line    0x000028f2      0x25e \\maa1.cc.lut.fi\home\h17177\Documents\QHealth\Atmel Studio\BH1790\BH1790\ArduinoCore\Debug\libArduinoCore.a(heartRate.o)
 .debug_line    0x00002b50      0x16d \\maa1.cc.lut.fi\home\h17177\Documents\QHealth\Atmel Studio\BH1790\BH1790\ArduinoCore\Debug\libArduinoCore.a(iirFilter.o)
 .debug_line    0x00002cbd      0x2b6 \\maa1.cc.lut.fi\home\h17177\Documents\QHealth\Atmel Studio\BH1790\BH1790\ArduinoCore\Debug\libArduinoCore.a(movingAverage.o)

.debug_frame    0x00000000      0xd54
 *(.debug_frame)
 .debug_frame   0x00000000       0x54 Sketch.o
 .debug_frame   0x00000054      0x110 \\maa1.cc.lut.fi\home\h17177\Documents\QHealth\Atmel Studio\BH1790\BH1790\ArduinoCore\Debug\libArduinoCore.a(HardwareSerial.o)
 .debug_frame   0x00000164       0xc0 \\maa1.cc.lut.fi\home\h17177\Documents\QHealth\Atmel Studio\BH1790\BH1790\ArduinoCore\Debug\libArduinoCore.a(HardwareSerial0.o)
 .debug_frame   0x00000224      0x38c \\maa1.cc.lut.fi\home\h17177\Documents\QHealth\Atmel Studio\BH1790\BH1790\ArduinoCore\Debug\libArduinoCore.a(Print.o)
 .debug_frame   0x000005b0       0xc4 \\maa1.cc.lut.fi\home\h17177\Documents\QHealth\Atmel Studio\BH1790\BH1790\ArduinoCore\Debug\libArduinoCore.a(wiring.o)
 .debug_frame   0x00000674      0x134 \\maa1.cc.lut.fi\home\h17177\Documents\QHealth\Atmel Studio\BH1790\BH1790\ArduinoCore\Debug\libArduinoCore.a(twi.o)
 .debug_frame   0x000007a8       0x44 \\maa1.cc.lut.fi\home\h17177\Documents\QHealth\Atmel Studio\BH1790\BH1790\ArduinoCore\Debug\libArduinoCore.a(bh1790main.o)
 .debug_frame   0x000007ec       0x7c \\maa1.cc.lut.fi\home\h17177\Documents\QHealth\Atmel Studio\BH1790\BH1790\ArduinoCore\Debug\libArduinoCore.a(wiring_digital.o)
 .debug_frame   0x00000868       0x70 \\maa1.cc.lut.fi\home\h17177\Documents\QHealth\Atmel Studio\BH1790\BH1790\ArduinoCore\Debug\libArduinoCore.a(hr_bh1790.o)
 .debug_frame   0x000008d8       0x54 \\maa1.cc.lut.fi\home\h17177\Documents\QHealth\Atmel Studio\BH1790\BH1790\ArduinoCore\Debug\libArduinoCore.a(lxCtrl.o)
 .debug_frame   0x0000092c       0x7c \\maa1.cc.lut.fi\home\h17177\Documents\QHealth\Atmel Studio\BH1790\BH1790\ArduinoCore\Debug\libArduinoCore.a(pwCalc.o)
 .debug_frame   0x000009a8       0xac \\maa1.cc.lut.fi\home\h17177\Documents\QHealth\Atmel Studio\BH1790\BH1790\ArduinoCore\Debug\libArduinoCore.a(pw_bh1790.o)
 .debug_frame   0x00000a54       0x54 \\maa1.cc.lut.fi\home\h17177\Documents\QHealth\Atmel Studio\BH1790\BH1790\ArduinoCore\Debug\libArduinoCore.a(touchDet.o)
 .debug_frame   0x00000aa8       0xcc \\maa1.cc.lut.fi\home\h17177\Documents\QHealth\Atmel Studio\BH1790\BH1790\ArduinoCore\Debug\libArduinoCore.a(bh1790.o)
 .debug_frame   0x00000b74       0x8c \\maa1.cc.lut.fi\home\h17177\Documents\QHealth\Atmel Studio\BH1790\BH1790\ArduinoCore\Debug\libArduinoCore.a(heartRate.o)
 .debug_frame   0x00000c00       0x9c \\maa1.cc.lut.fi\home\h17177\Documents\QHealth\Atmel Studio\BH1790\BH1790\ArduinoCore\Debug\libArduinoCore.a(iirFilter.o)
 .debug_frame   0x00000c9c       0xb8 \\maa1.cc.lut.fi\home\h17177\Documents\QHealth\Atmel Studio\BH1790\BH1790\ArduinoCore\Debug\libArduinoCore.a(movingAverage.o)

.debug_str      0x00000000     0x2800
 *(.debug_str)
 .debug_str     0x00000000      0x208 C:/Program Files (x86)/Atmel/Studio/7.0/Packs/atmel/ATmega_DFP/1.2.132/gcc/dev/atmega328p/avr5/crtatmega328p.o
 .debug_str     0x00000208      0x320 Sketch.o
                                0x377 (size before relaxing)
 .debug_str     0x00000528     0x1327 \\maa1.cc.lut.fi\home\h17177\Documents\QHealth\Atmel Studio\BH1790\BH1790\ArduinoCore\Debug\libArduinoCore.a(HardwareSerial.o)
                               0x1606 (size before relaxing)
 .debug_str     0x0000184f       0x99 \\maa1.cc.lut.fi\home\h17177\Documents\QHealth\Atmel Studio\BH1790\BH1790\ArduinoCore\Debug\libArduinoCore.a(HardwareSerial0.o)
                               0x13df (size before relaxing)
 .debug_str     0x000018e8      0x3d4 \\maa1.cc.lut.fi\home\h17177\Documents\QHealth\Atmel Studio\BH1790\BH1790\ArduinoCore\Debug\libArduinoCore.a(Print.o)
                               0x1200 (size before relaxing)
 .debug_str     0x00001cbc      0x162 \\maa1.cc.lut.fi\home\h17177\Documents\QHealth\Atmel Studio\BH1790\BH1790\ArduinoCore\Debug\libArduinoCore.a(wiring.o)
                                0x251 (size before relaxing)
 .debug_str     0x00001e1e      0x1e3 \\maa1.cc.lut.fi\home\h17177\Documents\QHealth\Atmel Studio\BH1790\BH1790\ArduinoCore\Debug\libArduinoCore.a(twi.o)
                                0x3d1 (size before relaxing)
 .debug_str     0x00002001       0x8f \\maa1.cc.lut.fi\home\h17177\Documents\QHealth\Atmel Studio\BH1790\BH1790\ArduinoCore\Debug\libArduinoCore.a(bh1790main.o)
                                0x260 (size before relaxing)
 .debug_str     0x00002090       0xcf \\maa1.cc.lut.fi\home\h17177\Documents\QHealth\Atmel Studio\BH1790\BH1790\ArduinoCore\Debug\libArduinoCore.a(wiring_digital.o)
                                0x2b6 (size before relaxing)
 .debug_str     0x0000215f      0x182 \\maa1.cc.lut.fi\home\h17177\Documents\QHealth\Atmel Studio\BH1790\BH1790\ArduinoCore\Debug\libArduinoCore.a(hr_bh1790.o)
                                0x397 (size before relaxing)
 .debug_str     0x000022e1      0x131 \\maa1.cc.lut.fi\home\h17177\Documents\QHealth\Atmel Studio\BH1790\BH1790\ArduinoCore\Debug\libArduinoCore.a(lxCtrl.o)
                                0x386 (size before relaxing)
 .debug_str     0x00002412      0x128 \\maa1.cc.lut.fi\home\h17177\Documents\QHealth\Atmel Studio\BH1790\BH1790\ArduinoCore\Debug\libArduinoCore.a(pwCalc.o)
                                0x336 (size before relaxing)
 .debug_str     0x0000253a      0x106 \\maa1.cc.lut.fi\home\h17177\Documents\QHealth\Atmel Studio\BH1790\BH1790\ArduinoCore\Debug\libArduinoCore.a(pw_bh1790.o)
                                0x34a (size before relaxing)
 .debug_str     0x00002640       0x8f \\maa1.cc.lut.fi\home\h17177\Documents\QHealth\Atmel Studio\BH1790\BH1790\ArduinoCore\Debug\libArduinoCore.a(touchDet.o)
                                0x2c3 (size before relaxing)
 .debug_str     0x000026cf       0x3d \\maa1.cc.lut.fi\home\h17177\Documents\QHealth\Atmel Studio\BH1790\BH1790\ArduinoCore\Debug\libArduinoCore.a(bh1790.o)
                                0x251 (size before relaxing)
 .debug_str     0x0000270c       0x7d \\maa1.cc.lut.fi\home\h17177\Documents\QHealth\Atmel Studio\BH1790\BH1790\ArduinoCore\Debug\libArduinoCore.a(heartRate.o)
                                0x2c2 (size before relaxing)
 .debug_str     0x00002789       0x42 \\maa1.cc.lut.fi\home\h17177\Documents\QHealth\Atmel Studio\BH1790\BH1790\ArduinoCore\Debug\libArduinoCore.a(iirFilter.o)
                                0x22f (size before relaxing)
 .debug_str     0x000027cb       0x35 \\maa1.cc.lut.fi\home\h17177\Documents\QHealth\Atmel Studio\BH1790\BH1790\ArduinoCore\Debug\libArduinoCore.a(movingAverage.o)
                                0x26c (size before relaxing)

.debug_loc      0x00000000     0x4c61
 *(.debug_loc)
 .debug_loc     0x00000000       0x7c Sketch.o
 .debug_loc     0x0000007c      0x482 \\maa1.cc.lut.fi\home\h17177\Documents\QHealth\Atmel Studio\BH1790\BH1790\ArduinoCore\Debug\libArduinoCore.a(HardwareSerial.o)
 .debug_loc     0x000004fe      0x18a \\maa1.cc.lut.fi\home\h17177\Documents\QHealth\Atmel Studio\BH1790\BH1790\ArduinoCore\Debug\libArduinoCore.a(HardwareSerial0.o)
 .debug_loc     0x00000688     0x1c61 \\maa1.cc.lut.fi\home\h17177\Documents\QHealth\Atmel Studio\BH1790\BH1790\ArduinoCore\Debug\libArduinoCore.a(Print.o)
 .debug_loc     0x000022e9      0x28d \\maa1.cc.lut.fi\home\h17177\Documents\QHealth\Atmel Studio\BH1790\BH1790\ArduinoCore\Debug\libArduinoCore.a(wiring.o)
 .debug_loc     0x00002576      0x3e6 \\maa1.cc.lut.fi\home\h17177\Documents\QHealth\Atmel Studio\BH1790\BH1790\ArduinoCore\Debug\libArduinoCore.a(twi.o)
 .debug_loc     0x0000295c       0x88 \\maa1.cc.lut.fi\home\h17177\Documents\QHealth\Atmel Studio\BH1790\BH1790\ArduinoCore\Debug\libArduinoCore.a(bh1790main.o)
 .debug_loc     0x000029e4      0x5fc \\maa1.cc.lut.fi\home\h17177\Documents\QHealth\Atmel Studio\BH1790\BH1790\ArduinoCore\Debug\libArduinoCore.a(wiring_digital.o)
 .debug_loc     0x00002fe0      0x151 \\maa1.cc.lut.fi\home\h17177\Documents\QHealth\Atmel Studio\BH1790\BH1790\ArduinoCore\Debug\libArduinoCore.a(hr_bh1790.o)
 .debug_loc     0x00003131      0x2d7 \\maa1.cc.lut.fi\home\h17177\Documents\QHealth\Atmel Studio\BH1790\BH1790\ArduinoCore\Debug\libArduinoCore.a(lxCtrl.o)
 .debug_loc     0x00003408      0x23f \\maa1.cc.lut.fi\home\h17177\Documents\QHealth\Atmel Studio\BH1790\BH1790\ArduinoCore\Debug\libArduinoCore.a(pwCalc.o)
 .debug_loc     0x00003647      0x556 \\maa1.cc.lut.fi\home\h17177\Documents\QHealth\Atmel Studio\BH1790\BH1790\ArduinoCore\Debug\libArduinoCore.a(pw_bh1790.o)
 .debug_loc     0x00003b9d      0x273 \\maa1.cc.lut.fi\home\h17177\Documents\QHealth\Atmel Studio\BH1790\BH1790\ArduinoCore\Debug\libArduinoCore.a(touchDet.o)
 .debug_loc     0x00003e10      0x448 \\maa1.cc.lut.fi\home\h17177\Documents\QHealth\Atmel Studio\BH1790\BH1790\ArduinoCore\Debug\libArduinoCore.a(bh1790.o)
 .debug_loc     0x00004258      0x423 \\maa1.cc.lut.fi\home\h17177\Documents\QHealth\Atmel Studio\BH1790\BH1790\ArduinoCore\Debug\libArduinoCore.a(heartRate.o)
 .debug_loc     0x0000467b      0x2be \\maa1.cc.lut.fi\home\h17177\Documents\QHealth\Atmel Studio\BH1790\BH1790\ArduinoCore\Debug\libArduinoCore.a(iirFilter.o)
 .debug_loc     0x00004939      0x328 \\maa1.cc.lut.fi\home\h17177\Documents\QHealth\Atmel Studio\BH1790\BH1790\ArduinoCore\Debug\libArduinoCore.a(movingAverage.o)

.debug_macinfo
 *(.debug_macinfo)

.debug_weaknames
 *(.debug_weaknames)

.debug_funcnames
 *(.debug_funcnames)

.debug_typenames
 *(.debug_typenames)

.debug_varnames
 *(.debug_varnames)

.debug_pubtypes
 *(.debug_pubtypes)

.debug_ranges   0x00000000      0x3e8
 *(.debug_ranges)
 .debug_ranges  0x00000000       0x20 Sketch.o
 .debug_ranges  0x00000020       0x58 \\maa1.cc.lut.fi\home\h17177\Documents\QHealth\Atmel Studio\BH1790\BH1790\ArduinoCore\Debug\libArduinoCore.a(HardwareSerial.o)
 .debug_ranges  0x00000078       0x28 \\maa1.cc.lut.fi\home\h17177\Documents\QHealth\Atmel Studio\BH1790\BH1790\ArduinoCore\Debug\libArduinoCore.a(HardwareSerial0.o)
 .debug_ranges  0x000000a0      0x110 \\maa1.cc.lut.fi\home\h17177\Documents\QHealth\Atmel Studio\BH1790\BH1790\ArduinoCore\Debug\libArduinoCore.a(Print.o)
 .debug_ranges  0x000001b0       0x38 \\maa1.cc.lut.fi\home\h17177\Documents\QHealth\Atmel Studio\BH1790\BH1790\ArduinoCore\Debug\libArduinoCore.a(wiring.o)
 .debug_ranges  0x000001e8       0x70 \\maa1.cc.lut.fi\home\h17177\Documents\QHealth\Atmel Studio\BH1790\BH1790\ArduinoCore\Debug\libArduinoCore.a(twi.o)
 .debug_ranges  0x00000258       0x18 \\maa1.cc.lut.fi\home\h17177\Documents\QHealth\Atmel Studio\BH1790\BH1790\ArduinoCore\Debug\libArduinoCore.a(bh1790main.o)
 .debug_ranges  0x00000270       0x28 \\maa1.cc.lut.fi\home\h17177\Documents\QHealth\Atmel Studio\BH1790\BH1790\ArduinoCore\Debug\libArduinoCore.a(wiring_digital.o)
 .debug_ranges  0x00000298       0x28 \\maa1.cc.lut.fi\home\h17177\Documents\QHealth\Atmel Studio\BH1790\BH1790\ArduinoCore\Debug\libArduinoCore.a(hr_bh1790.o)
 .debug_ranges  0x000002c0       0x18 \\maa1.cc.lut.fi\home\h17177\Documents\QHealth\Atmel Studio\BH1790\BH1790\ArduinoCore\Debug\libArduinoCore.a(lxCtrl.o)
 .debug_ranges  0x000002d8       0x20 \\maa1.cc.lut.fi\home\h17177\Documents\QHealth\Atmel Studio\BH1790\BH1790\ArduinoCore\Debug\libArduinoCore.a(pwCalc.o)
 .debug_ranges  0x000002f8       0x38 \\maa1.cc.lut.fi\home\h17177\Documents\QHealth\Atmel Studio\BH1790\BH1790\ArduinoCore\Debug\libArduinoCore.a(pw_bh1790.o)
 .debug_ranges  0x00000330       0x18 \\maa1.cc.lut.fi\home\h17177\Documents\QHealth\Atmel Studio\BH1790\BH1790\ArduinoCore\Debug\libArduinoCore.a(touchDet.o)
 .debug_ranges  0x00000348       0x28 \\maa1.cc.lut.fi\home\h17177\Documents\QHealth\Atmel Studio\BH1790\BH1790\ArduinoCore\Debug\libArduinoCore.a(bh1790.o)
 .debug_ranges  0x00000370       0x20 \\maa1.cc.lut.fi\home\h17177\Documents\QHealth\Atmel Studio\BH1790\BH1790\ArduinoCore\Debug\libArduinoCore.a(heartRate.o)
 .debug_ranges  0x00000390       0x20 \\maa1.cc.lut.fi\home\h17177\Documents\QHealth\Atmel Studio\BH1790\BH1790\ArduinoCore\Debug\libArduinoCore.a(iirFilter.o)
 .debug_ranges  0x000003b0       0x38 \\maa1.cc.lut.fi\home\h17177\Documents\QHealth\Atmel Studio\BH1790\BH1790\ArduinoCore\Debug\libArduinoCore.a(movingAverage.o)

.debug_macro
 *(.debug_macro)
OUTPUT(HeartRate.elf elf32-avr)
LOAD linker stubs
